04-16 15:58:40.743 27970 28068 D fixeh   : 	at com.keepassdroid.database.PwDatabaseV4.getMasterKey(PwDatabaseV4.java:137)
04-16 15:58:40.743 27970 28068 D fixeh   : 	at com.keepassdroid.database.PwDatabase.setMasterKey(PwDatabase.java:108)
04-16 15:58:40.743 27970 28068 D fixeh   : 	at com.keepassdroid.database.edit.SetPassword.run(SetPassword.java:78)
04-16 15:58:40.743 27970 28068 D fixeh   : 	at java.lang.Thread.run(Thread.java:784)
04-16 15:58:40.743 27970 28068 I fixeh   : XMLCONTROLLER::entering(0) java.security.MessageDigest: java.security.MessageDigest getInstance(java.lang.String) with exception java.security.NoSuchAlgorithmException and such exception entering(0)
04-16 15:58:40.743 27970 28068 I fixeh   : passing on java.security.MessageDigest: java.security.MessageDigest getInstance(java.lang.String)
04-16 15:58:40.744 27970 28068 D fixeh   : current stack is java.security.NoSuchAlgorithmException: 
04-16 15:58:40.744 27970 28068 D fixeh   : 	at com.keepassdroid.database.PwDatabaseV4.getMasterKey(PwDatabaseV4.java:139)
04-16 15:58:40.744 27970 28068 D fixeh   : 	at com.keepassdroid.database.PwDatabase.setMasterKey(PwDatabase.java:108)
04-16 15:58:40.744 27970 28068 D fixeh   : 	at com.keepassdroid.database.edit.SetPassword.run(SetPassword.java:78)
04-16 15:58:40.744 27970 28068 D fixeh   : 	at java.lang.Thread.run(Thread.java:784)
04-16 15:58:40.744 27970 28069 I PressGestureDetector: enabledInPad = false,isPcCastMode = false
04-16 15:58:40.744 27970 28068 I fixeh   : XMLCONTROLLER::entering(1) java.security.MessageDigest: java.security.MessageDigest getInstance(java.lang.String) with exception java.security.NoSuchAlgorithmException and such exception entering(1)
04-16 15:58:40.744 27970 28068 I fixeh   : passing on java.security.MessageDigest: java.security.MessageDigest getInstance(java.lang.String)
04-16 15:58:40.745 27970 28068 D fixeh   : current stack is java.io.FileNotFoundException: 
04-16 15:58:40.745 27970 28068 D fixeh   : 	at com.keepassdroid.Database.SaveData(Database.java:191)
04-16 15:58:40.745 27970 28068 D fixeh   : 	at com.keepassdroid.Database.SaveData(Database.java:184)
04-16 15:58:40.745 27970 28068 D fixeh   : 	at com.keepassdroid.database.edit.SaveDB.run(SaveDB.java:55)
04-16 15:58:40.745 27970 28068 D fixeh   : 	at com.keepassdroid.database.edit.SetPassword.run(SetPassword.java:92)
04-16 15:58:40.745 27970 28068 D fixeh   : 	at java.lang.Thread.run(Thread.java:784)
04-16 15:58:40.745 27970 28068 I fixeh   : XMLCONTROLLER::entering(0) java.io.FileOutputStream: void <init>(java.io.File) with exception java.io.FileNotFoundException and such exception entering(0)
04-16 15:58:40.745 27970 28068 I fixeh   : passing on java.io.FileOutputStream: void <init>(java.io.File)
04-16 15:58:40.781   668 13845 W WindowManager: EGLdebug Created surface WindowStateAnimator{8009a86 }
04-16 15:58:40.791   721   721 D SurfaceFlinger: InputMethod is present
04-16 15:58:40.810   689   689 I GRALLOC : 	 shrFd=10,fmt=0x1,intFmt=0x200000001,btStrd=5120,size=3579904,pid=689 
04-16 15:58:40.810   689   689 I GRALLOC : 	 yuv=2,w=1218,h=675,Stride u=0 v=0,offset u=0 v=0 
04-16 15:58:40.810   689   689 I GRALLOC : 	 iova_size=3579904,conUsg=0x900,proUsg=0x900,	 strd=1280,[afbc]HdrStrd=1280 PyldStrd=81920 Scrmbl=2,ionhnd = 1 
04-16 15:58:40.811 27970 28068 D fixeh   : current stack is java.lang.SecurityException: 
04-16 15:58:40.811 27970 28068 D fixeh   : 	at com.keepassdroid.crypto.CipherFactory.<clinit>(CipherFactory.java:48)
04-16 15:58:40.811 27970 28068 D fixeh   : 	at com.keepassdroid.crypto.CipherFactory.getInstance(CipherFactory.java:88)
04-16 15:58:40.811 27970 28068 D fixeh   : 	at com.keepassdroid.database.save.PwDbV4Output.output(PwDbV4Output.java:184)
04-16 15:58:40.811 27970 28068 D fixeh   : 	at com.keepassdroid.Database.SaveData(Database.java:196)
04-16 15:58:40.811 27970 28068 D fixeh   : 	at com.keepassdroid.Database.SaveData(Database.java:184)
04-16 15:58:40.811 27970 28068 D fixeh   : 	at com.keepassdroid.database.edit.SaveDB.run(SaveDB.java:55)
04-16 15:58:40.811 27970 28068 D fixeh   : 	at com.keepassdroid.database.edit.SetPassword.run(SetPassword.java:92)
04-16 15:58:40.811 27970 28068 D fixeh   : 	at java.lang.Thread.run(Thread.java:784)
04-16 15:58:40.811 27970 28068 I fixeh   : XMLCONTROLLER::entering(0) java.security.Security: int addProvider(java.security.Provider) with exception java.lang.SecurityException and such exception entering(0)
04-16 15:58:40.811 27970 28068 I fixeh   : passing on java.security.Security: int addProvider(java.security.Provider)
04-16 15:58:40.811 27970 28068 D fixeh   : current stack is java.lang.NullPointerException: 
04-16 15:58:40.811 27970 28068 D fixeh   : 	at com.keepassdroid.crypto.CipherFactory.<clinit>(CipherFactory.java:48)
04-16 15:58:40.811 27970 28068 D fixeh   : 	at com.keepassdroid.crypto.CipherFactory.getInstance(CipherFactory.java:88)
04-16 15:58:40.811 27970 28068 D fixeh   : 	at com.keepassdroid.database.save.PwDbV4Output.output(PwDbV4Output.java:184)
04-16 15:58:40.811 27970 28068 D fixeh   : 	at com.keepassdroid.Database.SaveData(Database.java:196)
04-16 15:58:40.811 27970 28068 D fixeh   : 	at com.keepassdroid.Database.SaveData(Database.java:184)
04-16 15:58:40.811 27970 28068 D fixeh   : 	at com.keepassdroid.database.edit.SaveDB.run(SaveDB.java:55)
04-16 15:58:40.811 27970 28068 D fixeh   : 	at com.keepassdroid.database.edit.SetPassword.run(SetPassword.java:92)
04-16 15:58:40.811 27970 28068 D fixeh   : 	at java.lang.Thread.run(Thread.java:784)
04-16 15:58:40.811 27970 28068 I fixeh   : XMLCONTROLLER::entering(1) java.security.Security: int addProvider(java.security.Provider) with exception java.lang.NullPointerException and such exception entering(0)
04-16 15:58:40.811 27970 28068 I fixeh   : passing on java.security.Security: int addProvider(java.security.Provider)
04-16 15:58:40.812 27970 28068 D fixeh   : current stack is java.security.NoSuchAlgorithmException: 
04-16 15:58:40.812 27970 28068 D fixeh   : 	at com.keepassdroid.database.save.PwDbOutput.setIVs(Unknown Source:4)
04-16 15:58:40.812 27970 28068 D fixeh   : 	at com.keepassdroid.database.save.PwDbV4Output.setIVs(PwDbV4Output.java:381)
04-16 15:58:40.812 27970 28068 D fixeh   : 	at com.keepassdroid.database.save.PwDbV4Output.outputHeader(PwDbV4Output.java:420)
04-16 15:58:40.812 27970 28068 D fixeh   : 	at com.keepassdroid.database.save.PwDbV4Output.output(PwDbV4Output.java:189)
04-16 15:58:40.812 27970 28068 D fixeh   : 	at com.keepassdroid.Database.SaveData(Database.java:196)
04-16 15:58:40.812 27970 28068 D fixeh   : 	at com.keepassdroid.Database.SaveData(Database.java:184)
04-16 15:58:40.812 27970 28068 D fixeh   : 	at com.keepassdroid.database.edit.SaveDB.run(SaveDB.java:55)
04-16 15:58:40.812 27970 28068 D fixeh   : 	at com.keepassdroid.database.edit.SetPassword.run(SetPassword.java:92)
04-16 15:58:40.812 27970 28068 D fixeh   : 	at java.lang.Thread.run(Thread.java:784)
04-16 15:58:40.812 27970 28068 I fixeh   : XMLCONTROLLER::entering(0) java.security.SecureRandom: java.security.SecureRandom getInstance(java.lang.String) with exception java.security.NoSuchAlgorithmException and such exception entering(2)
04-16 15:58:40.812 27970 28068 I fixeh   : passing on java.security.SecureRandom: java.security.SecureRandom getInstance(java.lang.String)
04-16 15:58:40.813 27970 28068 D fixeh   : current stack is java.security.NoSuchAlgorithmException: 
04-16 15:58:40.813 27970 28068 D fixeh   : 	at com.keepassdroid.crypto.CryptoUtil.hashGen(Unknown Source:4)
04-16 15:58:40.813 27970 28068 D fixeh   : 	at com.keepassdroid.crypto.CryptoUtil.hashSha256(CryptoUtil.java:82)
04-16 15:58:40.813 27970 28068 D fixeh   : 	at com.keepassdroid.crypto.CryptoUtil.hashSha256(CryptoUtil.java:78)
04-16 15:58:40.813 27970 28068 D fixeh   : 	at com.keepassdroid.crypto.PwStreamCipherFactory.getSalsa20(PwStreamCipherFactory.java:47)
04-16 15:58:40.813 27970 28068 D fixeh   : 	at com.keepassdroid.crypto.PwStreamCipherFactory.getInstance(PwStreamCipherFactory.java:33)
04-16 15:58:40.813 27970 28068 D fixeh   : 	at com.keepassdroid.database.save.PwDbV4Output.setIVs(PwDbV4Output.java:405)
04-16 15:58:40.813 27970 28068 D fixeh   : 	at com.keepassdroid.database.save.PwDbV4Output.outputHeader(PwDbV4Output.java:420)
04-16 15:58:40.813 27970 28068 D fixeh   : 	at com.keepassdroid.database.save.PwDbV4Output.output(PwDbV4Output.java:189)
04-16 15:58:40.813 27970 28068 D fixeh   : 	at com.keepassdroid.Database.SaveData(Database.java:196)
04-16 15:58:40.813 27970 28068 D fixeh   : 	at com.keepassdroid.Database.SaveData(Database.java:184)
04-16 15:58:40.813 27970 28068 D fixeh   : 	at com.keepassdroid.database.edit.SaveDB.run(SaveDB.java:55)
04-16 15:58:40.813 27970 28068 D fixeh   : 	at com.keepassdroid.database.edit.SetPassword.run(SetPassword.java:92)
04-16 15:58:40.813 27970 28068 D fixeh   : 	at java.lang.Thread.run(Thread.java:784)
04-16 15:58:40.813 27970 28068 I fixeh   : XMLCONTROLLER::entering(2) java.security.MessageDigest: java.security.MessageDigest getInstance(java.lang.String) with exception java.security.NoSuchAlgorithmException and such exception entering(3)
04-16 15:58:40.813 27970 28068 I fixeh   : passing on java.security.MessageDigest: java.security.MessageDigest getInstance(java.lang.String)
04-16 15:58:40.813   689   689 I GRALLOC : 	 shrFd=10,fmt=0x1,intFmt=0x200000001,btStrd=5120,size=3579904,pid=689 
04-16 15:58:40.813   689   689 I GRALLOC : 	 yuv=2,w=1218,h=675,Stride u=0 v=0,offset u=0 v=0 
04-16 15:58:40.813   689   689 I GRALLOC : 	 iova_size=3579904,conUsg=0x900,proUsg=0x900,	 strd=1280,[afbc]HdrStrd=1280 PyldStrd=81920 Scrmbl=2,ionhnd = 1 
04-16 15:58:40.814 27970 28068 D fixeh   : current stack is java.io.IOException: 
04-16 15:58:40.814 27970 28068 D fixeh   : 	at com.keepassdroid.crypto.CryptoUtil.hashGen(CryptoUtil.java:102)
04-16 15:58:40.814 27970 28068 D fixeh   : 	at com.keepassdroid.crypto.CryptoUtil.hashSha256(CryptoUtil.java:82)
04-16 15:58:40.814 27970 28068 D fixeh   : 	at com.keepassdroid.crypto.CryptoUtil.hashSha256(CryptoUtil.java:78)
04-16 15:58:40.814 27970 28068 D fixeh   : 	at com.keepassdroid.crypto.PwStreamCipherFactory.getSalsa20(PwStreamCipherFactory.java:47)
04-16 15:58:40.814 27970 28068 D fixeh   : 	at com.keepassdroid.crypto.PwStreamCipherFactory.getInstance(PwStreamCipherFactory.java:33)
04-16 15:58:40.814 27970 28068 D fixeh   : 	at com.keepassdroid.database.save.PwDbV4Output.setIVs(PwDbV4Output.java:405)
04-16 15:58:40.814 27970 28068 D fixeh   : 	at com.keepassdroid.database.save.PwDbV4Output.outputHeader(PwDbV4Output.java:420)
04-16 15:58:40.814 27970 28068 D fixeh   : 	at com.keepassdroid.database.save.PwDbV4Output.output(PwDbV4Output.java:189)
04-16 15:58:40.814 27970 28068 D fixeh   : 	at com.keepassdroid.Database.SaveData(Database.java:196)
04-16 15:58:40.814 27970 28068 D fixeh   : 	at com.keepassdroid.Database.SaveData(Database.java:184)
04-16 15:58:40.814 27970 28068 D fixeh   : 	at com.keepassdroid.database.edit.SaveDB.run(SaveDB.java:55)
04-16 15:58:40.814 27970 28068 D fixeh   : 	at com.keepassdroid.database.edit.SetPassword.run(SetPassword.java:92)
04-16 15:58:40.814 27970 28068 D fixeh   : 	at java.lang.Thread.run(Thread.java:784)
04-16 15:58:40.814 27970 28068 I fixeh   : XMLCONTROLLER::entering(0) java.security.DigestOutputStream: void write(byte[],int,int) with exception java.io.IOException and such exception entering(0)
04-16 15:58:40.814 27970 28068 I fixeh   : triggering exception on java.security.DigestOutputStream: void write(byte[],int,int)
04-16 15:58:40.814 27970 28068 I fixeh   : java.io.IOException: 
04-16 15:58:40.814 27970 28068 I fixeh   : 	at com.keepassdroid.crypto.CryptoUtil.hashGen(CryptoUtil.java:102)
04-16 15:58:40.814 27970 28068 I fixeh   : 	at com.keepassdroid.crypto.CryptoUtil.hashSha256(CryptoUtil.java:82)
04-16 15:58:40.814 27970 28068 I fixeh   : 	at com.keepassdroid.crypto.CryptoUtil.hashSha256(CryptoUtil.java:78)
04-16 15:58:40.814 27970 28068 I fixeh   : 	at com.keepassdroid.crypto.PwStreamCipherFactory.getSalsa20(PwStreamCipherFactory.java:47)
04-16 15:58:40.814 27970 28068 I fixeh   : 	at com.keepassdroid.crypto.PwStreamCipherFactory.getInstance(PwStreamCipherFactory.java:33)
04-16 15:58:40.814 27970 28068 I fixeh   : 	at com.keepassdroid.database.save.PwDbV4Output.setIVs(PwDbV4Output.java:405)
04-16 15:58:40.814 27970 28068 I fixeh   : 	at com.keepassdroid.database.save.PwDbV4Output.outputHeader(PwDbV4Output.java:420)
04-16 15:58:40.814 27970 28068 I fixeh   : 	at com.keepassdroid.database.save.PwDbV4Output.output(PwDbV4Output.java:189)
04-16 15:58:40.814 27970 28068 I fixeh   : 	at com.keepassdroid.Database.SaveData(Database.java:196)
04-16 15:58:40.814 27970 28068 I fixeh   : 	at com.keepassdroid.Database.SaveData(Database.java:184)
04-16 15:58:40.814 27970 28068 I fixeh   : 	at com.keepassdroid.database.edit.SaveDB.run(SaveDB.java:55)
04-16 15:58:40.814 27970 28068 I fixeh   : 	at com.keepassdroid.database.edit.SetPassword.run(SetPassword.java:92)
04-16 15:58:40.814 27970 28068 I fixeh   : 	at java.lang.Thread.run(Thread.java:784)
--------- beginning of crash
04-16 15:58:40.814 27970 28068 E AndroidRuntime: FATAL EXCEPTION: Thread-9
04-16 15:58:40.814 27970 28068 E AndroidRuntime: Process: com.android.keepass, PID: 27970
04-16 15:58:40.814 27970 28068 E AndroidRuntime: java.lang.RuntimeException: java.io.IOException: 
04-16 15:58:40.814 27970 28068 E AndroidRuntime: 	at com.keepassdroid.crypto.CryptoUtil.hashGen(CryptoUtil.java:108)
04-16 15:58:40.814 27970 28068 E AndroidRuntime: 	at com.keepassdroid.crypto.CryptoUtil.hashSha256(CryptoUtil.java:82)
04-16 15:58:40.814 27970 28068 E AndroidRuntime: 	at com.keepassdroid.crypto.CryptoUtil.hashSha256(CryptoUtil.java:78)
04-16 15:58:40.814 27970 28068 E AndroidRuntime: 	at com.keepassdroid.crypto.PwStreamCipherFactory.getSalsa20(PwStreamCipherFactory.java:47)
04-16 15:58:40.814 27970 28068 E AndroidRuntime: 	at com.keepassdroid.crypto.PwStreamCipherFactory.getInstance(PwStreamCipherFactory.java:33)
04-16 15:58:40.814 27970 28068 E AndroidRuntime: 	at com.keepassdroid.database.save.PwDbV4Output.setIVs(PwDbV4Output.java:405)
04-16 15:58:40.814 27970 28068 E AndroidRuntime: 	at com.keepassdroid.database.save.PwDbV4Output.outputHeader(PwDbV4Output.java:420)
04-16 15:58:40.814 27970 28068 E AndroidRuntime: 	at com.keepassdroid.database.save.PwDbV4Output.output(PwDbV4Output.java:189)
04-16 15:58:40.814 27970 28068 E AndroidRuntime: 	at com.keepassdroid.Database.SaveData(Database.java:196)
04-16 15:58:40.814 27970 28068 E AndroidRuntime: 	at com.keepassdroid.Database.SaveData(Database.java:184)
04-16 15:58:40.814 27970 28068 E AndroidRuntime: 	at com.keepassdroid.database.edit.SaveDB.run(SaveDB.java:55)
04-16 15:58:40.814 27970 28068 E AndroidRuntime: 	at com.keepassdroid.database.edit.SetPassword.run(SetPassword.java:92)
04-16 15:58:40.814 27970 28068 E AndroidRuntime: 	at java.lang.Thread.run(Thread.java:784)
04-16 15:58:40.814 27970 28068 E AndroidRuntime: Caused by: java.io.IOException: 
04-16 15:58:40.814 27970 28068 E AndroidRuntime: 	at com.keepassdroid.crypto.CryptoUtil.hashGen(CryptoUtil.java:102)
04-16 15:58:40.814 27970 28068 E AndroidRuntime: 	... 12 more
04-16 15:58:40.816   689   689 I GRALLOC : 	 shrFd=10,fmt=0x1,intFmt=0x200000001,btStrd=5120,size=3579904,pid=689 
04-16 15:58:40.816   689   689 I GRALLOC : 	 yuv=2,w=1218,h=675,Stride u=0 v=0,offset u=0 v=0 
04-16 15:58:40.816   689   689 I GRALLOC : 	 iova_size=3579904,conUsg=0x900,proUsg=0x900,	 strd=1280,[afbc]HdrStrd=1280 PyldStrd=81920 Scrmbl=2,ionhnd = 1 
04-16 15:58:40.818 27970 27997 D mali_winsys: EGLint new_window_surface(egl_winsys_display *, void *, EGLSurface, EGLConfig, egl_winsys_surface **, egl_color_buffer_format *, EGLBoolean) returns 0x3000
04-16 15:58:40.819   668 13845 W ActivityManager:   Force finishing activity com.android.keepass/com.keepassdroid.fileselect.FileSelectActivity
04-16 15:58:40.825   721   721 D SurfaceFlinger: InputMethod is present
04-16 15:58:40.830 27970 27997 D OpenGLRenderer:   HWUI Binary is  enabled
04-16 15:58:40.833   668  3579 E ReportTools: This is not beta user build
04-16 15:58:40.836   823  2440 E iMonitor: FaultDetect: DUMPTOOL_PRINTF return.
04-16 15:58:40.836   823  2440 E iMonitor: FaultDetect: DUMPTOOL_PRINTF return.
04-16 15:58:40.836 27970 28068 I Process : Sending signal. PID: 27970 SIG: 9
04-16 15:58:40.836   823  2440 E iMonitor: FaultDetect: DUMPTOOL_PRINTF return.
04-16 15:58:40.837   823  2440 I chatty  : uid=0(root) engine identical 1 line
04-16 15:58:40.837   823  2440 E iMonitor: FaultDetect: DUMPTOOL_PRINTF return.
04-16 15:58:40.837   823  2440 I iMonitor: create: 901001001
04-16 15:58:40.838   823  2440 I iMonitor: send: 901001001
04-16 15:58:40.838   823  2440 E iMonitor: FaultDetect: DUMPTOOL_PRINTF return.
04-16 15:58:40.838   823  2440 E iMonitor: FaultDetect: DUMPTOOL_PRINTF return.
04-16 15:58:40.838   689   689 I GRALLOC : 	 shrFd=10,fmt=0x1,intFmt=0x200000001,btStrd=5120,size=3579904,pid=689 
04-16 15:58:40.838   689   689 I GRALLOC : 	 yuv=2,w=1218,h=675,Stride u=0 v=0,offset u=0 v=0 
04-16 15:58:40.838   689   689 I GRALLOC : 	 iova_size=3579904,conUsg=0xb00,proUsg=0xb00,	 strd=1280,[afbc]HdrStrd=1280 PyldStrd=81920 Scrmbl=2,ionhnd = 1 
04-16 15:58:40.841  1837  2313 I ash     : com.android.keepass { running duration=9749 UptimeDuration=9748 } transition to: end, reason:not_running
04-16 15:58:40.841  1837  2313 I ash     : remove app record pkg: com.android.keepass
04-16 15:58:40.851  1837  2313 I ash     : perform delay action: ctrip.android.view
04-16 15:58:40.854   816   864 I Pged-IPgedBinderService: ****action is 1, pid num is 6***
04-16 15:58:40.854   816   864 I Pged-Freezer: freezePids
04-16 15:58:40.854   816   864 I Pged-Freezer: freezePids pid 23775 binder called 5 ms ago by 808, ignor it:0
04-16 15:58:40.855  1837  2313 W PgedBinderAdapter: frz failed pid: [23775, 22977, 23896, 22669, 23650]
04-16 15:58:40.855  1837  2313 I ash     : Freeze ctrip.android.view Fail !
04-16 15:58:40.855  1837  2313 I ash     : perform delay action fail, retry later: ctrip.android.view
04-16 15:58:40.859   721   721 D SurfaceFlinger: InputMethod is present
04-16 15:58:40.859   823  1052 W JankService: processEntry, not beta version or commercial log off
04-16 15:58:40.876   721   721 D SurfaceFlinger: InputMethod is present
04-16 15:58:40.893   721   721 D SurfaceFlinger: InputMethod is present
04-16 15:58:40.903   668   668 W Binder:668_1C: type=1400 audit(0.0:87700): avc: granted { read } for path="/data/system/dropbox/data_app_crash@1555401520835.txt" dev="mmcblk0p59" ino=134029 scontext=u:r:priv_app:s0:c512,c768 tcontext=u:object_r:system_data_file:s0 tclass=file
04-16 15:58:40.902   668  1871 V BroadcastQueue: Finished with ordered broadcast BroadcastRecord{facf47 u0 android.intent.action.DROPBOX_ENTRY_ADDED}
04-16 15:58:40.909   721   721 D SurfaceFlinger: InputMethod is present
04-16 15:58:40.913   668  1387 W InputDispatcher: channel 'b92c387  (server)' ~ Consumer closed input channel or an error occurred.  events=0x9
04-16 15:58:40.913   668  1387 E InputDispatcher: channel 'b92c387  (server)' ~ Channel is unrecoverably broken and will be disposed!
04-16 15:58:40.913   668  1387 W InputDispatcher: channel '1639f61  (server)' ~ Consumer closed input channel or an error occurred.  events=0x9
04-16 15:58:40.913   668  1387 E InputDispatcher: channel '1639f61  (server)' ~ Channel is unrecoverably broken and will be disposed!
04-16 15:58:40.913   668  1387 W InputDispatcher: channel '6cb2ba8 com.android.keepass/com.keepassdroid.fileselect.FileSelectActivity (server)' ~ Consumer closed input channel or an error occurred.  events=0x9
04-16 15:58:40.914   668  1387 E InputDispatcher: channel '6cb2ba8 com.android.keepass/com.keepassdroid.fileselect.FileSelectActivity (server)' ~ Channel is unrecoverably broken and will be disposed!
04-16 15:58:40.927   721   721 D SurfaceFlinger: InputMethod is present
04-16 15:58:40.931  7308  8453 D HwRecentsLockUtils: Search
04-16 15:58:40.931  1786  4041 E HsmCoreServiceImpl: onTransact in code is: 103
04-16 15:58:40.931  1786  4041 I MediaProcessHandler: playingUids: 10723|
04-16 15:58:40.934   668 15391 I WindowManager: WIN DEATH: Window{1639f61 u0 }
04-16 15:58:40.934   668 15391 V WindowManager: removeIfPossible: Window{1639f61 u0 } callers=com.android.server.wm.WindowState.-wrap1:0 com.android.server.wm.WindowState$DeathRecipient.binderDied:2481 android.os.BinderProxy.sendDeathNotice:840 <bottom of call stack> <bottom of call stack> 
04-16 15:58:40.934   668 15391 W InputDispatcher: Attempted to unregister already unregistered input channel '1639f61  (server)'
04-16 15:58:40.935   668 15391 I WindowManager: Destroying surface Surface(name=) called by com.android.server.wm.WindowStateAnimator.destroySurface:2089 com.android.server.wm.WindowStateAnimator.destroySurfaceLocked:899 com.android.server.wm.HwWindowStateAnimator.destroySurfaceLocked:1006 com.android.server.wm.WindowState.removeImmediately:1899 com.android.server.wm.WindowState.removeIfPossible:2051 com.android.server.wm.WindowState.-wrap1:0 com.android.server.wm.WindowState$DeathRecipient.binderDied:2481 android.os.BinderProxy.sendDeathNotice:840 
04-16 15:58:40.936   668 15391 W WindowManager: Exception thrown when updateSurfaceStatusWindowStateAnimator{8009a86 }: android.os.DeadObjectException
04-16 15:58:40.936   668 15391 V WindowManager: postWindowRemoveCleanupLocked: Window{1639f61 u0 }
04-16 15:58:40.936   668 15391 V WindowManager: Removing Window{1639f61 u0 } from AppWindowToken{8c2cfbc token=Token{ce12faf ActivityRecord{f8c1b8e u0 com.android.keepass/com.keepassdroid.fileselect.FileSelectActivity t2199}}}
04-16 15:58:40.944   721   721 D SurfaceFlinger: InputMethod is present
04-16 15:58:40.983   668  5513 I WindowManager: WIN DEATH: Window{b92c387 u0 }
04-16 15:58:40.984   668  5513 V WindowManager: removeIfPossible: Window{b92c387 u0 } callers=com.android.server.wm.WindowState.-wrap1:0 com.android.server.wm.WindowState$DeathRecipient.binderDied:2481 android.os.BinderProxy.sendDeathNotice:840 <bottom of call stack> <bottom of call stack> 
04-16 15:58:40.984   668  5513 W InputDispatcher: Attempted to unregister already unregistered input channel 'b92c387  (server)'
04-16 15:58:40.984   668  5513 I WindowManager: Destroying surface Surface(name=) called by com.android.server.wm.WindowStateAnimator.destroySurface:2089 com.android.server.wm.WindowStateAnimator.destroySurfaceLocked:899 com.android.server.wm.HwWindowStateAnimator.destroySurfaceLocked:1006 com.android.server.wm.WindowState.removeImmediately:1899 com.android.server.wm.WindowState.removeIfPossible:2051 com.android.server.wm.WindowState.-wrap1:0 com.android.server.wm.WindowState$DeathRecipient.binderDied:2481 android.os.BinderProxy.sendDeathNotice:840 
04-16 15:58:40.986   668  5513 W WindowManager: Exception thrown when updateSurfaceStatusWindowStateAnimator{64a8a52 }: android.os.DeadObjectException
04-16 15:58:40.986   668  5513 V WindowManager: postWindowRemoveCleanupLocked: Window{b92c387 u0 }
04-16 15:58:40.986   668  5513 V WindowManager: Removing Window{b92c387 u0 } from AppWindowToken{8c2cfbc token=Token{ce12faf ActivityRecord{f8c1b8e u0 com.android.keepass/com.keepassdroid.fileselect.FileSelectActivity t2199}}}
04-16 15:58:40.995   721   721 D SurfaceFlinger: InputMethod is present
04-16 15:58:40.998   668 14393 I WindowManager: WIN DEATH: Window{6cb2ba8 u0 com.android.keepass/com.keepassdroid.fileselect.FileSelectActivity}
04-16 15:58:40.998   668 14393 V WindowManager: removeIfPossible: Window{6cb2ba8 u0 com.android.keepass/com.keepassdroid.fileselect.FileSelectActivity} callers=com.android.server.wm.WindowState.-wrap1:0 com.android.server.wm.WindowState$DeathRecipient.binderDied:2481 android.os.BinderProxy.sendDeathNotice:840 <bottom of call stack> <bottom of call stack> 
04-16 15:58:40.998   668 14393 W InputDispatcher: Attempted to unregister already unregistered input channel '6cb2ba8 com.android.keepass/com.keepassdroid.fileselect.FileSelectActivity (server)'
04-16 15:58:40.999   668 14393 I WindowManager: Destroying surface Surface(name=com.android.keepass/com.keepassdroid.fileselect.FileSelectActivity) called by com.android.server.wm.WindowStateAnimator.destroySurface:2089 com.android.server.wm.WindowStateAnimator.destroySurfaceLocked:899 com.android.server.wm.HwWindowStateAnimator.destroySurfaceLocked:1006 com.android.server.wm.WindowState.removeImmediately:1899 com.android.server.wm.WindowState.removeIfPossible:2051 com.android.server.wm.WindowState.-wrap1:0 com.android.server.wm.WindowState$DeathRecipient.binderDied:2481 android.os.BinderProxy.sendDeathNotice:840 
04-16 15:58:41.002   668 14393 W WindowManager: Exception thrown when updateSurfaceStatusWindowStateAnimator{5c40e66 com.android.keepass/com.keepassdroid.fileselect.FileSelectActivity}: android.os.DeadObjectException
04-16 15:58:41.002   668 14393 V WindowManager: postWindowRemoveCleanupLocked: Window{6cb2ba8 u0 com.android.keepass/com.keepassdroid.fileselect.FileSelectActivity}
04-16 15:58:41.002   668 14393 V WindowManager: Removing Window{6cb2ba8 u0 com.android.keepass/com.keepassdroid.fileselect.FileSelectActivity} from AppWindowToken{8c2cfbc token=Token{ce12faf ActivityRecord{f8c1b8e u0 com.android.keepass/com.keepassdroid.fileselect.FileSelectActivity t2199}}}
04-16 15:58:41.012   721   721 D SurfaceFlinger: InputMethod is present
04-16 15:58:41.019   668  5501 D ActivityManager: Skipping, home or recents stack task: TaskRecord{1ee0168 #1 A=com.huawei.android.launcher U=0 StackId=0 sz=1}
04-16 15:58:41.019   668  5501 D ActivityManager: Skipping intent:flg=0x10804000 cmp=com.android.systemui/.recents.RecentsActivity bnds=[48,440][1032,1808]
04-16 15:58:41.019   668  5501 D ActivityManager: Skipping intent:act=android.intent.action.MAIN cat=[android.intent.category.LAUNCHER] flg=0x10a00000 cmp=io.appium.settings/.Settings
04-16 15:58:41.027   668  5501 D ActivityManager: Skipping intent:act=android.intent.action.VIEW dat=file:///storage/emulated/0/Tencent/QQfile_recv/com.orgzly_2018-12-04.apk typ=application/vnd.android.package-archive flg=0x10800000 cmp=com.android.packageinstaller/.InstallStart
04-16 15:58:41.027   668  5501 D ActivityManager: Skipping intent:act=android.intent.action.VIEW cat=[android.intent.category.DEFAULT] dat=file:///storage/emulated/0/1/hhh.org typ=*/* flg=0x13800000 cmp=cn.wps.moffice_eng/cn.wps.moffice.main.local.compress.T3rdOpenCompressFileActivity
04-16 15:58:41.027   668  5501 D ActivityManager: Skipping intent:act=android.intent.action.VIEW cat=[android.intent.category.DEFAULT] dat=file:///storage/emulated/0/1/hhh.org typ=*/* flg=0x10800000 cmp=com.huawei.android.internal.app/.HwResolverActivity
04-16 15:58:41.027   668  5501 D ActivityManager: Skipping intent:flg=0x18800000 cmp=com.tencent.mm/.plugin.base.stub.WXEntryActivity
04-16 15:58:41.027   668  5501 D ActivityManager: Skipping intent:act=android.deviceinfo.chooser.action.LAUNCH flg=0x10800000 hwFlg=0x100 pkg=com.android.settings cmp=com.android.settings/.deviceinfo.UsbConnModeChooserActivity
04-16 15:58:41.027   668  5501 D ActivityManager: Skipping intent:flg=0x34800000 hwFlg=0x100 cmp=com.huawei.systemmanager/com.huawei.harassmentinterception.ui.InterceptionActivity
04-16 15:58:41.028   668  5501 D ActivityManager: Skipping intent:act=android.intent.action.MAIN cat=[android.intent.category.LAUNCHER] flg=0x14818000 pkg=com.Qunar cmp=com.Qunar/com.mqunar.splash.SplashActivity
04-16 15:58:41.028   668  5501 D ActivityManager: Skipping intent:act=android.intent.action.VIEW dat=content://com.baidu.searchbox.fileprovider/baiddpath/baidu/searchbox/downloads/72fad09a-69eb-40ce-b8b2-84597eaeef11.pdf typ=application/pdf flg=0x13800000 cmp=cn.wps.moffice_eng/cn.wps.moffice.documentmanager.PreStartActivity2
04-16 15:58:41.028   668  5501 D ActivityManager: Skipping intent:act=android.intent.action.VIEW dat=content://com.baidu.searchbox.fileprovider/baiddpath/baidu/searchbox/downloads/72fad09a-69eb-40ce-b8b2-84597eaeef11.pdf typ=application/pdf flg=0x10800000 cmp=com.huawei.android.internal.app/.HwResolverActivity
04-16 15:58:41.028   668  5501 D ActivityManager: Skipping intent:flg=0x18800000 cmp=com.tencent.mm/.plugin.base.stub.WXPayEntryActivity
04-16 15:58:41.028   668  5501 D ActivityManager: Skipping intent:act=android.intent.action.VIEW dat=content://com.taobao.trip.fileprovider/external_cache_files/apkupdate/9.2.3.103/600000@alitrip_android_9.2.3.103.apk typ=application/vnd.android.package-archive flg=0x10800001 hwFlg=0x100 cmp=com.android.packageinstaller/.InstallStart
04-16 15:58:41.028   668  5501 D ActivityManager: Skipping intent:act=android.intent.action.VIEW cat=[android.intent.category.DEFAULT,android.intent.category.BROWSABLE] dat=alipays://platformapi/startApp?appId=20000167&tUserId=2088022650133592&tUserType=1&tLoginId=113***@qq.com&tagfrom=push&tagid=_1d89681073aab2fc flg=0x10800000 pkg=com.eg.android.AlipayGphone cmp=com.eg.android.AlipayGphone/com.alipay.mobile.quinox.SchemeLauncherActivity
04-16 15:58:41.029   668  5501 D ActivityManager: Skipping intent:flg=0x10800000 cmp=com.huawei.wallet/com.huawei.nfc.carrera.ui.swipe.SwipeActivity
04-16 15:58:41.029   668  5501 D ActivityManager: Skipping intent:flg=0x10840000 hwFlg=0x100 cmp=com.android.deskclock/.alarmclock.LockAlarmFullActivity
04-16 15:58:41.029   668  5501 D ActivityManager: Skipping intent:act=android.intent.action.VIEW cat=[android.intent.category.DEFAULT] dat=file:///storage/emulated/0/zsch/apk/.apk typ=application/vnd.android.package-archive flg=0x14800000 hwFlg=0x100 cmp=com.android.packageinstaller/.InstallStart
04-16 15:58:41.029   668  5501 D ActivityManager: Skipping intent:act=android.intent.action.MAIN flg=0x10840000 cmp=com.android.incallui/.InCallActivity
04-16 15:58:41.029   668  5501 D ActivityManager: Skipping intent:act=com.huawei.android.launcher.action.ACCESS_SPLIT_SCREEN_APP cat=[android.intent.category.DEFAULT] flg=0x10804000 cmp=com.huawei.android.launcher/.splitscreen.SplitScreenAppActivity
04-16 15:58:41.029   668  5501 D ActivityManager: Skipping intent:act=com.android.contacts.action.CHOOSE_SUB dat=tel:xxxxxxxxxxxxx flg=0x10808000 pkg=com.android.contacts cmp=com.android.contacts/.ChooseSubActivity
04-16 15:58:41.029   668  5501 D ActivityManager: Skipping intent:flg=0x10a18000 cmp=com.huawei.hitouch/.HiTouchMainActivity
04-16 15:58:41.029   668  5501 D ActivityManager: Skipping intent:act=android.intent.action.VIEW cat=[android.intent.category.DEFAULT,android.intent.category.BROWSABLE] dat=alipays://platformapi/startApp?appId=20000167&tUserId=2088122420298420&tUserType=1&tLoginId=139***0093&tagfrom=push&tagid=_7d93bd18069a33bc flg=0x10800000 pkg=com.eg.android.AlipayGphone cmp=com.eg.android.AlipayGphone/com.alipay.mobile.quinox.SchemeLauncherActivity
04-16 15:58:41.031   668   679 I ActivityManager: Process com.android.keepass (pid 27970) has died: fore TOP 
04-16 15:58:41.033   668   679 D ActivityManager: cleanUpApplicationRecord app: ProcessRecord{ce95665 27970:com.android.keepass/u0a785}, app.bad: false, restarting: false, allowRestart: true
04-16 15:58:41.036   668   679 V WindowManager: removeAppToken: AppWindowToken{8c2cfbc token=Token{ce12faf ActivityRecord{f8c1b8e u0 com.android.keepass/com.keepassdroid.fileselect.FileSelectActivity t2199}}} delayed=true Callers=com.android.server.wm.DisplayContent.removeAppToken:994 com.android.server.wm.AppWindowContainerController.removeContainer:352 com.android.server.am.ActivityRecord.removeWindowContainer:1045 com.android.server.am.ActivityStack.removeActivityFromHistoryLocked:4486 
04-16 15:58:41.036   668  1383 W AwareLog: SchedLevelBoost: onProcessDied config not set!
04-16 15:58:41.036   668   679 V WindowManager: removeAppToken: AppWindowToken{8c2cfbc token=Token{ce12faf ActivityRecord{f8c1b8e u0 com.android.keepass/com.keepassdroid.fileselect.FileSelectActivity t2199}}} delayed=true Callers=com.android.server.wm.DisplayContent.removeAppToken:994 com.android.server.wm.AppWindowContainerController.removeContainer:352 com.android.server.am.ActivityRecord.removeWindowContainer:1045 com.android.server.am.ActivityStack.removeActivityFromHistoryLocked:4486 
04-16 15:58:41.036  1786  4041 E HsmCoreServiceImpl: onTransact in code is: 102
04-16 15:58:41.037  1786  4041 I MediaProcessHandler: processOp opType: 1, uid: 10785, pid: 27970
04-16 15:58:41.037  1786  4041 W MediaProcessHandler: remove target not exist, maybe the UI process: uid: 10785, pid: 27970
04-16 15:58:41.037  1786  4041 I MediaProcessHandler: executedCallBack opType: 1 mMediaStatusObservers.size=0
04-16 15:58:41.037   668   679 V ActivityManager: startProcess: name=com.android.keepass app=null knownToBeDead=true thread=null pid=-1
04-16 15:58:41.039   668  1363 D HwCust  : Create obj success use class android.app.HwCustHwWallpaperManagerImpl
04-16 15:58:41.044   721   721 D SurfaceFlinger: InputMethod is present
04-16 15:58:41.047   668  1363 D CubicBezierInterpolator: CubicBezierInterpolator  mControlPoint1x = 0.23, mControlPoint1y = 0.06, mControlPoint2x = 0.09, mControlPoint2y = 0.97
04-16 15:58:41.048   668  1363 D CubicBezierInterpolator: CubicBezierInterpolator  mControlPoint1x = 0.6, mControlPoint1y = 0.9, mControlPoint2x = 0.8, mControlPoint2y = 1.0
04-16 15:58:41.049   668  1363 D CubicBezierInterpolator: CubicBezierInterpolator  mControlPoint1x = 0.23, mControlPoint1y = 0.06, mControlPoint2x = 0.09, mControlPoint2y = 0.97
04-16 15:58:41.049   668  1363 D CubicBezierInterpolator: CubicBezierInterpolator  mControlPoint1x = 0.6, mControlPoint1y = 0.9, mControlPoint2x = 0.8, mControlPoint2y = 1.0
04-16 15:58:41.059  7308  7473 D NetworkController.MobileSignalController(1): mSimSubId:1 onDataActivity: direction=0
04-16 15:58:41.061 28076 28076 I         : power log dlsym ok
04-16 15:58:41.066 28076 28076 I zygote64: Reinit property: dalvik.vm.checkjni= false
04-16 15:58:41.067   668  1363 V WindowManager: Adding Window{fe400d3 u0 Splash Screen com.android.keepass} to AppWindowToken{989ee2e token=Token{c4d8a9 ActivityRecord{d254430 u0 com.android.keepass/.KeePass t2199}}}
04-16 15:58:41.069  7308  7308 D HwCustMobileSignalControllerImpl: sub =1,strMccMnc =null,hashMccMnc =[],strPlmn =hw_customized_networkType_entry
04-16 15:58:41.069   668  1363 V WindowManager: addWindow: New client android.view.ViewRootImpl$W@a8aac2: window=Window{fe400d3 u0 Splash Screen com.android.keepass} Callers=com.android.server.wm.HwWindowManagerService.addWindow:585 com.android.server.wm.Session.addToDisplay:199 android.view.ViewRootImpl.setView:845 android.view.WindowManagerGlobal.addView:372 android.view.WindowManagerImpl.addView:128 
04-16 15:58:41.070  7308  7308 D HwCustMobileSignalControllerImpl: isCurrentBySim()=false
04-16 15:58:41.070  7308  7308 D HwCustMobileSignalControllerImpl: sub =1,strMccMnc =null,hashMccMnc =[],strPlmn =hw_mcc_mnc
04-16 15:58:41.070  7308  7308 D HwCustMobileSignalControllerImpl: isCurrentBySim()=false
04-16 15:58:41.070  7308  7308 D HwCustMobileSignalControllerImpl: sub =1,strMccMnc =null,hashMccMnc =[],strPlmn =hw_show_4g
04-16 15:58:41.070  7308  7308 D HwCustMobileSignalControllerImpl: isCurrentBySim()=false
04-16 15:58:41.070  7308  7308 D HwCustMobileSignalControllerImpl: sub =1,strMccMnc =null,hashMccMnc =[],strPlmn =hw_show_lte
04-16 15:58:41.070  7308  7308 D HwCustMobileSignalControllerImpl: isCurrentBySim()=false
04-16 15:58:41.070  7308  7308 D HwCustMobileSignalControllerImpl: sub =1,strMccMnc =null,hashMccMnc =[],strPlmn =hw_hspap_show_4g
04-16 15:58:41.070  7308  7308 D HwCustMobileSignalControllerImpl: isCurrentBySim()=false
04-16 15:58:41.070  7308  7308 D HwCustMobileSignalControllerImpl: sub =1,strMccMnc =null,hashMccMnc =[],strPlmn =hw_show_4_5G_for_mcc
04-16 15:58:41.070  7308  7308 D HwCustMobileSignalControllerImpl: isCurrentBySim()=false
04-16 15:58:41.070  7308  7308 D HwCustMobileSignalControllerImpl: sub =1,strMccMnc =null,hashMccMnc =[],strPlmn =hw_show_4g_to_4_5g_ca
04-16 15:58:41.070  7308  7308 D HwCustMobileSignalControllerImpl: isCurrentBySim()=false
04-16 15:58:41.073  7308  7308 D HwCustMobileSignalControllerImpl: sub =1,strMccMnc =null,hashMccMnc =[],strPlmn =hw_hspa_show_3g
04-16 15:58:41.074  7308  7308 D HwCustMobileSignalControllerImpl: isCurrentBySim()=false
04-16 15:58:41.075  7308  7308 D HwCustMobileSignalControllerImpl: sub =1,strMccMnc =null,hashMccMnc =[],strPlmn =hw_show_4g_LTE_for_mccmnc
04-16 15:58:41.075  7308  7308 D HwCustMobileSignalControllerImpl: isCurrentBySim()=false
04-16 15:58:41.075  7308  7308 D HwCustMobileSignalControllerImpl: sub =1,strMccMnc =null,hashMccMnc =[],strPlmn =hw_show_4g_to_4g_LTE_ca
04-16 15:58:41.075  7308  7308 D HwCustMobileSignalControllerImpl: isCurrentBySim()=false
04-16 15:58:41.075  7308  7308 I HwCustMobileSignalControllerImpl: updateDataType, mDataNetType: 13, isCAstate: false
04-16 15:58:41.075   668   679 I ActivityManager: Start proc 28076:com.android.keepass/u0a785 for activity com.android.keepass/.KeePass
04-16 15:58:41.076   668  1363 I PressGestureDetector: onAttached begin
04-16 15:58:41.077   668  1363 I PressGestureDetector: onAttached end
04-16 15:58:41.077   668  1363 E View    : focusableViewAvailable: current thread is android.anim, return!
04-16 15:58:41.077 28076 28076 D ActivityThread: ActivityThread,attachApplication
04-16 15:58:41.078   668   679 V WindowManager: No longer Stopped: AppWindowToken{989ee2e token=Token{c4d8a9 ActivityRecord{d254430 u0 com.android.keepass/.KeePass t2199}}}
04-16 15:58:41.078   668   679 V ActivityManager: startProcess: name=com.android.keepass app=ProcessRecord{2925d0c 28076:com.android.keepass/u0a785} knownToBeDead=true thread=null pid=28076
04-16 15:58:41.078   721   721 D SurfaceFlinger: InputMethod is present
04-16 15:58:41.078  7308  7308 D NetWorkUtils: mVSimCurCardType is -1
04-16 15:58:41.079   668 28089 I PressGestureDetector: enabledInPad = false,isPcCastMode = false
04-16 15:58:41.079  7308  7308 D NetWorkUtils: is3GCalling is false,mCdmaSlot is -1
04-16 15:58:41.081  7308  7308 D NetWorkUtils: mVSimCurCardType is -1
04-16 15:58:41.083  1837  2313 I ash     : com.android.keepass pop from SHDA
04-16 15:58:41.083  1837  2313 I ash     : running package: com.android.keepass, visible: true
04-16 15:58:41.086  7308  7308 D NetWorkUtils: mVSimCurCardType is -1
04-16 15:58:41.086  7308  7308 D NetWorkUtils: is3GCalling is false,mCdmaSlot is -1
04-16 15:58:41.087  7308  7308 D NetWorkUtils: mVSimCurCardType is -1
04-16 15:58:41.095   721   721 D SurfaceFlinger: InputMethod is present
04-16 15:58:41.099   668  1363 W WindowManager: EGLdebug Created surface WindowStateAnimator{adab10e Splash Screen com.android.keepass}
04-16 15:58:41.106   668  1363 D CubicBezierInterpolator: CubicBezierInterpolator  mControlPoint1x = 0.23, mControlPoint1y = 0.06, mControlPoint2x = 0.09, mControlPoint2y = 0.97
04-16 15:58:41.106   668  1363 D CubicBezierInterpolator: CubicBezierInterpolator  mControlPoint1x = 0.6, mControlPoint1y = 0.9, mControlPoint2x = 0.8, mControlPoint2y = 1.0
04-16 15:58:41.106   668  1363 D CubicBezierInterpolator: CubicBezierInterpolator  mControlPoint1x = 0.23, mControlPoint1y = 0.06, mControlPoint2x = 0.09, mControlPoint2y = 0.97
04-16 15:58:41.107   668  1363 D CubicBezierInterpolator: CubicBezierInterpolator  mControlPoint1x = 0.6, mControlPoint1y = 0.9, mControlPoint2x = 0.8, mControlPoint2y = 1.0
04-16 15:58:41.108   668  5500 D ActivityManager: ActivityManagerService,attachApplication,callingPid = 28076
04-16 15:58:41.112   721   721 D SurfaceFlinger: InputMethod is present
04-16 15:58:41.118   668  5500 V WindowManager: No longer Stopped: AppWindowToken{989ee2e token=Token{c4d8a9 ActivityRecord{d254430 u0 com.android.keepass/.KeePass t2199}}}
04-16 15:58:41.129   721   721 D SurfaceFlinger: InputMethod is present
04-16 15:58:41.131   689   689 I GRALLOC : 	 shrFd=10,fmt=0x1,intFmt=0x1,btStrd=4352,size=8355840,pid=689 
04-16 15:58:41.131   689   689 I GRALLOC : 	 yuv=2,w=1080,h=1920,Stride u=0 v=0,offset u=0 v=0 
04-16 15:58:41.131   689   689 I GRALLOC : 	 iova_size=8355840,conUsg=0x906,proUsg=0x966,	 strd=1088,[afbc]HdrStrd=0 PyldStrd=0 Scrmbl=0,ionhnd = 1 
04-16 15:58:41.137   831   831 E         : [E/capacity_limit_control] not demo version, not set power control prop!
04-16 15:58:41.148   668  1363 D WindowManager: finishDrawingWindow: Window{fe400d3 u0 Splash Screen com.android.keepass} mDrawState=DRAW_PENDING
04-16 15:58:41.163   721   721 D SurfaceFlinger: InputMethod is present
04-16 15:58:41.237   668  5500 V WindowManager: Checking 1 opening apps (frozen=false timeout=false)...
04-16 15:58:41.238   668  5500 V WindowManager: Check opening app=AppWindowToken{989ee2e token=Token{c4d8a9 ActivityRecord{d254430 u0 com.android.keepass/.KeePass t2199}}}: allDrawn=false startingDisplayed=true startingMoved=false isRelaunching()=false
04-16 15:58:41.241   668  5500 D CubicBezierInterpolator: CubicBezierInterpolator  mControlPoint1x = 0.1, mControlPoint1y = 0.05, mControlPoint2x = 0.1, mControlPoint2y = 1.0
04-16 15:58:41.248   721   721 D SurfaceFlinger: InputMethod is present
04-16 15:58:41.263   668  5500 W ActivityManager: Slow operation: 155ms so far, now at attachApplicationLocked: after mServices.attachApplicationLocked
04-16 15:58:41.273   668  1119 W Looper  : Dispatch took 237ms on android.ui, h=Handler (com.android.server.am.ActivityManagerService$UiHandler) {b0770ed} cb=null msg=53
04-16 15:58:41.274   668  1119 D HwGameAssistantController: pid=28076, uid=10785, foreground=true
04-16 15:58:41.276   430   430 W /system/bin/hwservicemanager: Cannot open /odm/manifest.xml
04-16 15:58:41.276   668  1383 W AwareLog: SchedLevelBoost: onFgActivitiesChanged config not set!
04-16 15:58:41.281   721   721 D SurfaceFlinger: InputMethod is present
04-16 15:58:41.287   668  1141 W ActivityManager: setHasOverlayUi called on unknown pid: 27970
04-16 15:58:41.294   668  5501 I HwNetworkPolicy: onTransact, code = 203
04-16 15:58:41.295  2001  2360 I HwNetworkPolicyManager: getHwUidPolicy uid = 10785 policy = 0
04-16 15:58:41.298   721   721 D SurfaceFlinger: InputMethod is present
04-16 15:58:41.311   430   430 W /system/bin/hwservicemanager: Cannot open /odm/manifest.xml
04-16 15:58:41.311   668  5501 I HwAudioService: now type = -1,reportForegroundAppType = -1,systemload = -1
04-16 15:58:41.315   721   721 D SurfaceFlinger: InputMethod is present
04-16 15:58:41.317 28076 28091 I HwApiCacheMangerEx: apicache mCurPackageName=com.android.keepass uptimes=352037036
04-16 15:58:41.318 28076 28076 D HwFLClassLoader: get used feature list :/feature/used-list failed!
04-16 15:58:41.318 28076 28076 D HwFLClassLoader: USE_FEATURE_LIST had not init! 
04-16 15:58:41.319   689   689 I GRALLOC : 	 shrFd=10,fmt=0x1,intFmt=0x1,btStrd=256,size=4096,pid=689 
04-16 15:58:41.319   689   689 I GRALLOC : 	 yuv=2,w=16,h=16,Stride u=0 v=0,offset u=0 v=0 
04-16 15:58:41.319   689   689 I GRALLOC : 	 iova_size=4096,conUsg=0x100,proUsg=0x100,	 strd=64,[afbc]HdrStrd=0 PyldStrd=0 Scrmbl=0,ionhnd = 1 
04-16 15:58:41.325 28076 28091 I HwApiCacheMangerEx: apicache oUid null
04-16 15:58:41.326 28076 28091 I HwApiCacheMangerEx: apicache volumes null
04-16 15:58:41.331   721   721 D SurfaceFlinger: InputMethod is present
04-16 15:58:41.333 28076 28091 I HwApiCacheMangerEx: apicache path=/storage/emulated/0 state=mounted key=com.android.keepass#10785#256
04-16 15:58:41.333 28076 28091 I HwApiCacheMangerEx: apicache oUid 10785
04-16 15:58:41.333 28076 28091 I HwApiCacheMangerEx: apicache volumes null
04-16 15:58:41.333 28076 28091 I HwApiCacheMangerEx: apicache path=/storage/emulated/0 state=mounted key=com.android.keepass#10785#0
04-16 15:58:41.334 28076 28091 I HwApiCacheMangerEx: apicache async read begin packageName=com.android.keepass userid=0
04-16 15:58:41.334 28076 28091 I HwApiCacheMangerEx: apicache pi null
04-16 15:58:41.334 28076 28091 I chatty  : uid=10785(u0_a785) queued-work-loo identical 1 line
04-16 15:58:41.335 28076 28091 I HwApiCacheMangerEx: apicache pi null
04-16 15:58:41.335 28076 28091 I HwApiCacheMangerEx: apicache oUid null
04-16 15:58:41.335 28076 28091 I HwApiCacheMangerEx: apicache async read finished packageName=com.android.keepass userid=0 totalus=1811
04-16 15:58:41.340   791  1237 D AudioFlinger: mixer(0x71148a06c0) throttle end: throttle time(2)
04-16 15:58:41.348   721   721 D SurfaceFlinger: InputMethod is present
04-16 15:58:41.364 28076 28076 I HwApiCacheMangerEx: apicache pi null
04-16 15:58:41.365   721   721 D SurfaceFlinger: InputMethod is present
04-16 15:58:41.381 28076 28076 I fixeh   : Generating GeneralControlPolicy from local config
04-16 15:58:41.382   721   721 D SurfaceFlinger: InputMethod is present
04-16 15:58:41.383 28076 28076 I fixeh   : Enter policy is GeneralControlPolicy {limit: -1, exclude: false, packages: null, classes: null, methods: null, pattern: null method patterns:null} expections: {java.io.IOException}, expectionsPattern: null,expectionStackRepeat: {(java.io.IOException,-1)} filterpackages: null filterclasses: null filtermethodss: {java.io.File: java.io.String getCanonicalFile(), java.io.File: java.io.File getCanonicalFile(), java.io.File: java.lang.String getCanonicalPath()} filterstackkeywords: {createFile, .onCreate}
04-16 15:58:41.383 28076 28076 I fixeh   : find local dir!
04-16 15:58:41.383 28076 28076 I fixeh   : find tmp dir!
04-16 15:58:41.383 28076 28076 I fixeh   : find fixeh-p!!
04-16 15:58:41.386 28076 28076 I fixeh   : Start watching config file /data/local/tmp/fixeh-policy.xml
04-16 15:58:41.395 28076 28091 E MemoryLeakMonitorManager: MemoryLeakMonitor.jar is not exist!
04-16 15:58:41.397 28076 28076 E Minikin : Could not get cmap table size!
04-16 15:58:41.399   721   721 D SurfaceFlinger: InputMethod is present
04-16 15:58:41.411 28076 28076 I HwCust  : Constructor found for class android.app.HwCustActivityImpl
04-16 15:58:41.411 28076 28076 D HwCust  : Create obj success use class android.app.HwCustActivityImpl
04-16 15:58:41.415 28076 28076 V HwPolicyFactory: : success to get AllImpl object and return....
04-16 15:58:41.416   721   721 D SurfaceFlinger: InputMethod is present
04-16 15:58:41.421 28076 28076 I HwCust  : Constructor found for class android.app.HwCustHwWallpaperManagerImpl
04-16 15:58:41.421 28076 28076 D HwCust  : Create obj success use class android.app.HwCustHwWallpaperManagerImpl
04-16 15:58:41.428 28076 28076 V ActivityThread: ActivityThread,callActivityOnCreate
04-16 15:58:41.429 28076 28076 V HwWidgetFactory: : successes to get AllImpl object and return....
04-16 15:58:41.430 18664 18690 D WorkSource: Insert in WorkSource{} @ 0 uid 10138 name com.google.android.gms
04-16 15:58:41.433   721   721 D SurfaceFlinger: InputMethod is present
04-16 15:58:41.436   668 14393 D PGGoogleServicePolicy: prevent gms/gsf hold partial wakelock
04-16 15:58:41.442 28076 28076 D CubicBezierInterpolator: CubicBezierInterpolator  mControlPoint1x = 0.23, mControlPoint1y = 0.06, mControlPoint2x = 0.09, mControlPoint2y = 0.97
04-16 15:58:41.442 28076 28076 D CubicBezierInterpolator: CubicBezierInterpolator  mControlPoint1x = 0.6, mControlPoint1y = 0.9, mControlPoint2x = 0.8, mControlPoint2y = 1.0
04-16 15:58:41.442 28076 28076 D CubicBezierInterpolator: CubicBezierInterpolator  mControlPoint1x = 0.23, mControlPoint1y = 0.06, mControlPoint2x = 0.09, mControlPoint2y = 0.97
04-16 15:58:41.442 28076 28076 D CubicBezierInterpolator: CubicBezierInterpolator  mControlPoint1x = 0.6, mControlPoint1y = 0.9, mControlPoint2x = 0.8, mControlPoint2y = 1.0
04-16 15:58:41.450   721   721 D SurfaceFlinger: InputMethod is present
04-16 15:58:41.450 28076 28076 D HwGalleryCacheManagerImpl: mIsEffect:false
04-16 15:58:41.461 18664 18690 D WorkSource: Insert in WorkSource{} @ 0 uid 10138 name com.google.android.gms
04-16 15:58:41.463   668 14393 D PGGoogleServicePolicy: prevent gms/gsf hold partial wakelock
04-16 15:58:41.467   721   721 D SurfaceFlinger: InputMethod is present
04-16 15:58:41.469   668  5500 I ActivityManager: START u0 {cmp=com.android.keepass/com.keepassdroid.fileselect.FileSelectActivity} from uid 10785
04-16 15:58:41.470   668  5500 I ActivityManager: ActivityRecord info: ActivityInfo{903c92c com.keepassdroid.fileselect.FileSelectActivity}
04-16 15:58:41.475   668  5500 V WindowManager: addAppToken: AppWindowToken{37eea1f token=Token{db79be ActivityRecord{a1e1879 u0 com.android.keepass/com.keepassdroid.fileselect.FileSelectActivity t2199}}} controller={TaskWindowContainerController taskId=2199} at 2147483647
04-16 15:58:41.476   668  5500 V WindowManager: Removing starting Window{fe400d3 u0 Splash Screen com.android.keepass} from AppWindowToken{989ee2e token=Token{c4d8a9 ActivityRecord{d254430 u0 com.android.keepass/.KeePass t2199}}}
04-16 15:58:41.476   668  5500 V WindowManager: Adding Window{fe400d3 u0 Splash Screen com.android.keepass} to AppWindowToken{37eea1f token=Token{db79be ActivityRecord{a1e1879 u0 com.android.keepass/com.keepassdroid.fileselect.FileSelectActivity t2199}}}
04-16 15:58:41.477 18664 18690 D WorkSource: Insert in WorkSource{} @ 0 uid 10138 name com.google.android.gms
04-16 15:58:41.478   668 13845 D PGGoogleServicePolicy: prevent gms/gsf hold partial wakelock
04-16 15:58:41.479  1837 22062 I PGServer: android calls fast hibernateApps
04-16 15:58:41.479  1837 22062 I AppFastHibernation: fast hibernate duration: 1500 reason: start activity
04-16 15:58:41.480   816   864 I Pged-IPgedBinderService: ****action is 1, pid num is 2***
04-16 15:58:41.480   816   864 I Pged-Freezer: freezePids
04-16 15:58:41.480   816   864 I Pged-Freezer: Freeze process: 8923
04-16 15:58:41.480  1837  2195 D PgedBinderAdapter: frz ok, pid: [8923]
04-16 15:58:41.483   721   721 D SurfaceFlinger: InputMethod is present
