04-16 15:58:46.166   816   864 I Pged-Freezer: Freeze process: 26980
04-16 15:58:46.167   816   864 I Pged-Freezer: Freeze process: 27005
04-16 15:58:46.168  1837  2313 D PgedBinderAdapter: frz ok, pid: [26980, 27005]
04-16 15:58:46.169  1837  2313 I PGServer: report state:6 event type:1 pid:0 uid:10177 pkg:com.tencent.mobileqq to pid: 668
04-16 15:58:46.169  1837  2313 I ash     : Freeze com.tencent.mobileqq OK !
04-16 15:58:46.169  1837  2313 I PgedBinderAdapter: Listener network packet by uids: [10123, 10177]
04-16 15:58:46.178   721   721 D SurfaceFlinger: InputMethod is present
04-16 15:58:46.179  1837  2313 I ash     : add listener com.tencent.mobileqq net packet OK !,uid:10177
04-16 15:58:46.180   668  5500 I PGManagerService: proxyWakeLockByPidUid, pid: 26980, uid: 10177, proxy: true
04-16 15:58:46.181   831   831 E         : [E/capacity_limit_control] not demo version, not set power control prop!
04-16 15:58:46.181  1837  2313 I ash     : Proxy wakelock uid = 10177 pid = 26980
04-16 15:58:46.181   668  5500 I PGManagerService: proxyWakeLockByPidUid, pid: 27005, uid: 10177, proxy: true
04-16 15:58:46.182  1837  2313 I ash     : Proxy wakelock uid = 10177 pid = 27005
04-16 15:58:46.185   668  5500 D HwWifiService: binder uid:10177, proxy :true
04-16 15:58:46.185   668  5500 D WifiLockManager: send CMD_LOCKS_CHANGED
04-16 15:58:46.185  1837  2313 I AppManager: proxy wifi lock:10177 proxy true
04-16 15:58:46.186  1837  2313 I ash     : proxy wifi lock:10177
04-16 15:58:46.186  1837  2313 I ash     : 668 binder call 7308
04-16 15:58:46.529   668  1388 D libfingersense_wrapper: Calling fingersense_classify_touch()
04-16 15:58:46.533   668  1388 D libfingersense_wrapper: fingersense_classify_touch() finished
04-16 15:58:46.538   668  1119 D FingerprintActionsListener: touchDownIsValid MotionEvent.ACTION_DOWN 
04-16 15:58:46.538   668  1119 D FingerprintActionsListener: touchDownIsValidLazyMode = false  touchDownIsValidHiBoard = false
04-16 15:58:46.575   689   689 I GRALLOC : 	 shrFd=10,fmt=0x1,intFmt=0x200000001,btStrd=4352,size=4104192,pid=689 
04-16 15:58:46.575   689   689 I GRALLOC : 	 yuv=2,w=1080,h=918,Stride u=0 v=0,offset u=0 v=0 
04-16 15:58:46.575   689   689 I GRALLOC : 	 iova_size=4104192,conUsg=0xb00,proUsg=0xb00,	 strd=1088,[afbc]HdrStrd=1088 PyldStrd=69632 Scrmbl=2,ionhnd = 1 
04-16 15:58:46.591 28030 28050 D OpenGLRenderer:   HWUI Binary is  enabled
04-16 15:58:46.595   668 13845 V WindowManager: Adding Window{8b710d0 u0 PopupWindow:453d6a8} to Window{959395a u0 InputMethod}
04-16 15:58:46.595   668  1388 D libfingersense_wrapper: Calling fingersense_touch_up()
04-16 15:58:46.595   668  1388 D libfingersense_wrapper: fingersense_touch_up() finished
04-16 15:58:46.600   668 13845 V WindowManager: addWindow: New client android.os.BinderProxy@f703893: window=Window{8b710d0 u0 PopupWindow:453d6a8} Callers=com.android.server.wm.HwWindowManagerService.addWindow:585 com.android.server.wm.Session.addToDisplay:199 android.view.IWindowSession$Stub.onTransact:124 com.android.server.wm.Session.onTransact:161 android.os.Binder.execTransact:675 
04-16 15:58:46.626 28076 28076 D fixeh   : current stack is java.lang.RuntimeException: 
04-16 15:58:46.626 28076 28076 D fixeh   : 	at android.support.v4.hardware.fingerprint.FingerprintManagerCompat.isHardwareDetected(FingerprintManagerCompat.java:78)
04-16 15:58:46.626 28076 28076 D fixeh   : 	at com.keepassdroid.fingerprint.FingerPrintHelper.isHardwareDetected(FingerPrintHelper.java:329)
04-16 15:58:46.626 28076 28076 D fixeh   : 	at com.keepassdroid.fingerprint.FingerPrintHelper.hasEnrolledFingerprints(FingerPrintHelper.java:334)
04-16 15:58:46.626 28076 28076 D fixeh   : 	at com.keepassdroid.fingerprint.FingerPrintHelper.isFingerprintInitialized(FingerPrintHelper.java:155)
04-16 15:58:46.626 28076 28076 D fixeh   : 	at com.keepassdroid.fingerprint.FingerPrintHelper.initEncryptData(FingerPrintHelper.java:161)
04-16 15:58:46.626 28076 28076 D fixeh   : 	at com.keepassdroid.PasswordActivity.toggleMode(PasswordActivity.java:386)
04-16 15:58:46.626 28076 28076 D fixeh   : 	at com.keepassdroid.PasswordActivity.access$500(PasswordActivity.java:81)
04-16 15:58:46.626 28076 28076 D fixeh   : 	at com.keepassdroid.PasswordActivity$2.afterTextChanged(PasswordActivity.java:319)
04-16 15:58:46.626 28076 28076 D fixeh   : 	at android.widget.TextView.sendAfterTextChanged(TextView.java:9605)
04-16 15:58:46.626 28076 28076 D fixeh   : 	at android.widget.TextView$ChangeWatcher.afterTextChanged(TextView.java:12270)
04-16 15:58:46.626 28076 28076 D fixeh   : 	at android.text.SpannableStringBuilder.sendAfterTextChanged(SpannableStringBuilder.java:1266)
04-16 15:58:46.626 28076 28076 D fixeh   : 	at android.text.SpannableStringBuilder.replace(SpannableStringBuilder.java:578)
04-16 15:58:46.626 28076 28076 D fixeh   : 	at android.text.SpannableStringBuilder.replace(SpannableStringBuilder.java:504)
04-16 15:58:46.626 28076 28076 D fixeh   : 	at android.text.SpannableStringBuilder.replace(SpannableStringBuilder.java:502)
04-16 15:58:46.626 28076 28076 D fixeh   : 	at android.view.inputmethod.BaseInputConnection.replaceText(BaseInputConnection.java:848)
04-16 15:58:46.626 28076 28076 D fixeh   : 	at android.view.inputmethod.BaseInputConnection.commitText(BaseInputConnection.java:197)
04-16 15:58:46.626 28076 28076 D fixeh   : 	at com.android.internal.widget.EditableInputConnection.commitText(EditableInputConnection.java:183)
04-16 15:58:46.626 28076 28076 D fixeh   : 	at com.android.internal.view.IInputConnectionWrapper.executeMessage(IInputConnectionWrapper.java:344)
04-16 15:58:46.626 28076 28076 D fixeh   : 	at com.android.internal.view.IInputConnectionWrapper$MyHandler.handleMessage(IInputConnectionWrapper.java:85)
04-16 15:58:46.626 28076 28076 D fixeh   : 	at android.os.Handler.dispatchMessage(Handler.java:108)
04-16 15:58:46.626 28076 28076 D fixeh   : 	at android.os.Looper.loop(Looper.java:166)
04-16 15:58:46.626 28076 28076 D fixeh   : 	at android.app.ActivityThread.main(ActivityThread.java:7529)
04-16 15:58:46.626 28076 28076 D fixeh   : 	at java.lang.reflect.Method.invoke(Native Method)
04-16 15:58:46.626 28076 28076 D fixeh   : 	at com.android.internal.os.Zygote$MethodAndArgsCaller.run(Zygote.java:245)
04-16 15:58:46.626 28076 28076 D fixeh   : 	at com.android.internal.os.ZygoteInit.main(ZygoteInit.java:921)
04-16 15:58:46.627 28076 28076 I fixeh   : XMLCONTROLLER::entering(4) android.hardware.fingerprint.FingerprintManager: boolean isHardwareDetected() with exception java.lang.RuntimeException and such exception entering(3)
04-16 15:58:46.627 28076 28076 I fixeh   : passing on android.hardware.fingerprint.FingerprintManager: boolean isHardwareDetected()
04-16 15:58:46.629 28076 28076 D fixeh   : current stack is java.lang.RuntimeException: 
04-16 15:58:46.629 28076 28076 D fixeh   : 	at android.support.v4.hardware.fingerprint.FingerprintManagerCompat.hasEnrolledFingerprints(FingerprintManagerCompat.java:63)
04-16 15:58:46.629 28076 28076 D fixeh   : 	at com.keepassdroid.fingerprint.FingerPrintHelper.hasEnrolledFingerprints(FingerPrintHelper.java:337)
04-16 15:58:46.629 28076 28076 D fixeh   : 	at com.keepassdroid.fingerprint.FingerPrintHelper.isFingerprintInitialized(FingerPrintHelper.java:155)
04-16 15:58:46.629 28076 28076 D fixeh   : 	at com.keepassdroid.fingerprint.FingerPrintHelper.initEncryptData(FingerPrintHelper.java:161)
04-16 15:58:46.629 28076 28076 D fixeh   : 	at com.keepassdroid.PasswordActivity.toggleMode(PasswordActivity.java:386)
04-16 15:58:46.629 28076 28076 D fixeh   : 	at com.keepassdroid.PasswordActivity.access$500(PasswordActivity.java:81)
04-16 15:58:46.629 28076 28076 D fixeh   : 	at com.keepassdroid.PasswordActivity$2.afterTextChanged(PasswordActivity.java:319)
04-16 15:58:46.629 28076 28076 D fixeh   : 	at android.widget.TextView.sendAfterTextChanged(TextView.java:9605)
04-16 15:58:46.629 28076 28076 D fixeh   : 	at android.widget.TextView$ChangeWatcher.afterTextChanged(TextView.java:12270)
04-16 15:58:46.629 28076 28076 D fixeh   : 	at android.text.SpannableStringBuilder.sendAfterTextChanged(SpannableStringBuilder.java:1266)
04-16 15:58:46.629 28076 28076 D fixeh   : 	at android.text.SpannableStringBuilder.replace(SpannableStringBuilder.java:578)
04-16 15:58:46.629 28076 28076 D fixeh   : 	at android.text.SpannableStringBuilder.replace(SpannableStringBuilder.java:504)
04-16 15:58:46.629 28076 28076 D fixeh   : 	at android.text.SpannableStringBuilder.replace(SpannableStringBuilder.java:502)
04-16 15:58:46.629 28076 28076 D fixeh   : 	at android.view.inputmethod.BaseInputConnection.replaceText(BaseInputConnection.java:848)
04-16 15:58:46.629 28076 28076 D fixeh   : 	at android.view.inputmethod.BaseInputConnection.commitText(BaseInputConnection.java:197)
04-16 15:58:46.629 28076 28076 D fixeh   : 	at com.android.internal.widget.EditableInputConnection.commitText(EditableInputConnection.java:183)
04-16 15:58:46.629 28076 28076 D fixeh   : 	at com.android.internal.view.IInputConnectionWrapper.executeMessage(IInputConnectionWrapper.java:344)
04-16 15:58:46.629 28076 28076 D fixeh   : 	at com.android.internal.view.IInputConnectionWrapper$MyHandler.handleMessage(IInputConnectionWrapper.java:85)
04-16 15:58:46.629 28076 28076 D fixeh   : 	at android.os.Handler.dispatchMessage(Handler.java:108)
04-16 15:58:46.629 28076 28076 D fixeh   : 	at android.os.Looper.loop(Looper.java:166)
04-16 15:58:46.629 28076 28076 D fixeh   : 	at android.app.ActivityThread.main(ActivityThread.java:7529)
04-16 15:58:46.629 28076 28076 D fixeh   : 	at java.lang.reflect.Method.invoke(Native Method)
04-16 15:58:46.629 28076 28076 D fixeh   : 	at com.android.internal.os.Zygote$MethodAndArgsCaller.run(Zygote.java:245)
04-16 15:58:46.629 28076 28076 D fixeh   : 	at com.android.internal.os.ZygoteInit.main(ZygoteInit.java:921)
04-16 15:58:46.630 28076 28076 I fixeh   : XMLCONTROLLER::entering(3) android.hardware.fingerprint.FingerprintManager: boolean hasEnrolledFingerprints() with exception java.lang.RuntimeException and such exception entering(4)
04-16 15:58:46.630 28076 28076 I fixeh   : passing on android.hardware.fingerprint.FingerprintManager: boolean hasEnrolledFingerprints()
04-16 15:58:46.633 28076 28076 D fixeh   : current stack is java.lang.RuntimeException: 
04-16 15:58:46.633 28076 28076 D fixeh   : 	at android.support.v4.hardware.fingerprint.FingerprintManagerCompat.isHardwareDetected(FingerprintManagerCompat.java:78)
04-16 15:58:46.633 28076 28076 D fixeh   : 	at com.keepassdroid.fingerprint.FingerPrintHelper.isHardwareDetected(FingerPrintHelper.java:329)
04-16 15:58:46.633 28076 28076 D fixeh   : 	at com.keepassdroid.fingerprint.FingerPrintHelper.hasEnrolledFingerprints(FingerPrintHelper.java:334)
04-16 15:58:46.633 28076 28076 D fixeh   : 	at com.keepassdroid.fingerprint.FingerPrintHelper.isFingerprintInitialized(FingerPrintHelper.java:155)
04-16 15:58:46.633 28076 28076 D fixeh   : 	at com.keepassdroid.fingerprint.FingerPrintHelper.createNewKeyIfNeeded(FingerPrintHelper.java:297)
04-16 15:58:46.633 28076 28076 D fixeh   : 	at com.keepassdroid.fingerprint.FingerPrintHelper.initEncryptKey(FingerPrintHelper.java:188)
04-16 15:58:46.633 28076 28076 D fixeh   : 	at com.keepassdroid.fingerprint.FingerPrintHelper.initEncryptData(FingerPrintHelper.java:168)
04-16 15:58:46.633 28076 28076 D fixeh   : 	at com.keepassdroid.PasswordActivity.toggleMode(PasswordActivity.java:386)
04-16 15:58:46.633 28076 28076 D fixeh   : 	at com.keepassdroid.PasswordActivity.access$500(PasswordActivity.java:81)
04-16 15:58:46.633 28076 28076 D fixeh   : 	at com.keepassdroid.PasswordActivity$2.afterTextChanged(PasswordActivity.java:319)
04-16 15:58:46.633 28076 28076 D fixeh   : 	at android.widget.TextView.sendAfterTextChanged(TextView.java:9605)
04-16 15:58:46.633 28076 28076 D fixeh   : 	at android.widget.TextView$ChangeWatcher.afterTextChanged(TextView.java:12270)
04-16 15:58:46.633 28076 28076 D fixeh   : 	at android.text.SpannableStringBuilder.sendAfterTextChanged(SpannableStringBuilder.java:1266)
04-16 15:58:46.633 28076 28076 D fixeh   : 	at android.text.SpannableStringBuilder.replace(SpannableStringBuilder.java:578)
04-16 15:58:46.633 28076 28076 D fixeh   : 	at android.text.SpannableStringBuilder.replace(SpannableStringBuilder.java:504)
04-16 15:58:46.633 28076 28076 D fixeh   : 	at android.text.SpannableStringBuilder.replace(SpannableStringBuilder.java:502)
04-16 15:58:46.633 28076 28076 D fixeh   : 	at android.view.inputmethod.BaseInputConnection.replaceText(BaseInputConnection.java:848)
04-16 15:58:46.633 28076 28076 D fixeh   : 	at android.view.inputmethod.BaseInputConnection.commitText(BaseInputConnection.java:197)
04-16 15:58:46.633 28076 28076 D fixeh   : 	at com.android.internal.widget.EditableInputConnection.commitText(EditableInputConnection.java:183)
04-16 15:58:46.633 28076 28076 D fixeh   : 	at com.android.internal.view.IInputConnectionWrapper.executeMessage(IInputConnectionWrapper.java:344)
04-16 15:58:46.633 28076 28076 D fixeh   : 	at com.android.internal.view.IInputConnectionWrapper$MyHandler.handleMessage(IInputConnectionWrapper.java:85)
04-16 15:58:46.633 28076 28076 D fixeh   : 	at android.os.Handler.dispatchMessage(Handler.java:108)
04-16 15:58:46.633 28076 28076 D fixeh   : 	at android.os.Looper.loop(Looper.java:166)
04-16 15:58:46.633 28076 28076 D fixeh   : 	at android.app.ActivityThread.main(ActivityThread.java:7529)
04-16 15:58:46.633 28076 28076 D fixeh   : 	at java.lang.reflect.Method.invoke(Native Method)
04-16 15:58:46.633 28076 28076 D fixeh   : 	at com.android.internal.os.Zygote$MethodAndArgsCaller.run(Zygote.java:245)
04-16 15:58:46.633 28076 28076 D fixeh   : 	at com.android.internal.os.ZygoteInit.main(ZygoteInit.java:921)
04-16 15:58:46.634 28076 28076 I fixeh   : XMLCONTROLLER::entering(5) android.hardware.fingerprint.FingerprintManager: boolean isHardwareDetected() with exception java.lang.RuntimeException and such exception entering(5)
04-16 15:58:46.634 28076 28076 I fixeh   : passing on android.hardware.fingerprint.FingerprintManager: boolean isHardwareDetected()
04-16 15:58:46.637 28076 28076 D fixeh   : current stack is java.lang.RuntimeException: 
04-16 15:58:46.637 28076 28076 D fixeh   : 	at android.support.v4.hardware.fingerprint.FingerprintManagerCompat.hasEnrolledFingerprints(FingerprintManagerCompat.java:63)
04-16 15:58:46.637 28076 28076 D fixeh   : 	at com.keepassdroid.fingerprint.FingerPrintHelper.hasEnrolledFingerprints(FingerPrintHelper.java:337)
04-16 15:58:46.637 28076 28076 D fixeh   : 	at com.keepassdroid.fingerprint.FingerPrintHelper.isFingerprintInitialized(FingerPrintHelper.java:155)
04-16 15:58:46.637 28076 28076 D fixeh   : 	at com.keepassdroid.fingerprint.FingerPrintHelper.createNewKeyIfNeeded(FingerPrintHelper.java:297)
04-16 15:58:46.637 28076 28076 D fixeh   : 	at com.keepassdroid.fingerprint.FingerPrintHelper.initEncryptKey(FingerPrintHelper.java:188)
04-16 15:58:46.637 28076 28076 D fixeh   : 	at com.keepassdroid.fingerprint.FingerPrintHelper.initEncryptData(FingerPrintHelper.java:168)
04-16 15:58:46.637 28076 28076 D fixeh   : 	at com.keepassdroid.PasswordActivity.toggleMode(PasswordActivity.java:386)
04-16 15:58:46.637 28076 28076 D fixeh   : 	at com.keepassdroid.PasswordActivity.access$500(PasswordActivity.java:81)
04-16 15:58:46.637 28076 28076 D fixeh   : 	at com.keepassdroid.PasswordActivity$2.afterTextChanged(PasswordActivity.java:319)
04-16 15:58:46.637 28076 28076 D fixeh   : 	at android.widget.TextView.sendAfterTextChanged(TextView.java:9605)
04-16 15:58:46.637 28076 28076 D fixeh   : 	at android.widget.TextView$ChangeWatcher.afterTextChanged(TextView.java:12270)
04-16 15:58:46.637 28076 28076 D fixeh   : 	at android.text.SpannableStringBuilder.sendAfterTextChanged(SpannableStringBuilder.java:1266)
04-16 15:58:46.637 28076 28076 D fixeh   : 	at android.text.SpannableStringBuilder.replace(SpannableStringBuilder.java:578)
04-16 15:58:46.637 28076 28076 D fixeh   : 	at android.text.SpannableStringBuilder.replace(SpannableStringBuilder.java:504)
04-16 15:58:46.637 28076 28076 D fixeh   : 	at android.text.SpannableStringBuilder.replace(SpannableStringBuilder.java:502)
04-16 15:58:46.637 28076 28076 D fixeh   : 	at android.view.inputmethod.BaseInputConnection.replaceText(BaseInputConnection.java:848)
04-16 15:58:46.637 28076 28076 D fixeh   : 	at android.view.inputmethod.BaseInputConnection.commitText(BaseInputConnection.java:197)
04-16 15:58:46.637 28076 28076 D fixeh   : 	at com.android.internal.widget.EditableInputConnection.commitText(EditableInputConnection.java:183)
04-16 15:58:46.637 28076 28076 D fixeh   : 	at com.android.internal.view.IInputConnectionWrapper.executeMessage(IInputConnectionWrapper.java:344)
04-16 15:58:46.637 28076 28076 D fixeh   : 	at com.android.internal.view.IInputConnectionWrapper$MyHandler.handleMessage(IInputConnectionWrapper.java:85)
04-16 15:58:46.637 28076 28076 D fixeh   : 	at android.os.Handler.dispatchMessage(Handler.java:108)
04-16 15:58:46.637 28076 28076 D fixeh   : 	at android.os.Looper.loop(Looper.java:166)
04-16 15:58:46.637 28076 28076 D fixeh   : 	at android.app.ActivityThread.main(ActivityThread.java:7529)
04-16 15:58:46.637 28076 28076 D fixeh   : 	at java.lang.reflect.Method.invoke(Native Method)
04-16 15:58:46.637 28076 28076 D fixeh   : 	at com.android.internal.os.Zygote$MethodAndArgsCaller.run(Zygote.java:245)
04-16 15:58:46.637 28076 28076 D fixeh   : 	at com.android.internal.os.ZygoteInit.main(ZygoteInit.java:921)
04-16 15:58:46.638 28076 28076 I fixeh   : XMLCONTROLLER::entering(4) android.hardware.fingerprint.FingerprintManager: boolean hasEnrolledFingerprints() with exception java.lang.RuntimeException and such exception entering(6)
04-16 15:58:46.638 28076 28076 I fixeh   : passing on android.hardware.fingerprint.FingerprintManager: boolean hasEnrolledFingerprints()
04-16 15:58:46.641 28076 28076 D fixeh   : current stack is java.io.IOException: 
04-16 15:58:46.641 28076 28076 D fixeh   : 	at com.keepassdroid.fingerprint.FingerPrintHelper.createNewKeyIfNeeded(FingerPrintHelper.java:301)
04-16 15:58:46.641 28076 28076 D fixeh   : 	at com.keepassdroid.fingerprint.FingerPrintHelper.initEncryptKey(FingerPrintHelper.java:188)
04-16 15:58:46.641 28076 28076 D fixeh   : 	at com.keepassdroid.fingerprint.FingerPrintHelper.initEncryptData(FingerPrintHelper.java:168)
04-16 15:58:46.641 28076 28076 D fixeh   : 	at com.keepassdroid.PasswordActivity.toggleMode(PasswordActivity.java:386)
04-16 15:58:46.641 28076 28076 D fixeh   : 	at com.keepassdroid.PasswordActivity.access$500(PasswordActivity.java:81)
04-16 15:58:46.641 28076 28076 D fixeh   : 	at com.keepassdroid.PasswordActivity$2.afterTextChanged(PasswordActivity.java:319)
04-16 15:58:46.641 28076 28076 D fixeh   : 	at android.widget.TextView.sendAfterTextChanged(TextView.java:9605)
04-16 15:58:46.641 28076 28076 D fixeh   : 	at android.widget.TextView$ChangeWatcher.afterTextChanged(TextView.java:12270)
04-16 15:58:46.641 28076 28076 D fixeh   : 	at android.text.SpannableStringBuilder.sendAfterTextChanged(SpannableStringBuilder.java:1266)
04-16 15:58:46.641 28076 28076 D fixeh   : 	at android.text.SpannableStringBuilder.replace(SpannableStringBuilder.java:578)
04-16 15:58:46.641 28076 28076 D fixeh   : 	at android.text.SpannableStringBuilder.replace(SpannableStringBuilder.java:504)
04-16 15:58:46.641 28076 28076 D fixeh   : 	at android.text.SpannableStringBuilder.replace(SpannableStringBuilder.java:502)
04-16 15:58:46.641 28076 28076 D fixeh   : 	at android.view.inputmethod.BaseInputConnection.replaceText(BaseInputConnection.java:848)
04-16 15:58:46.641 28076 28076 D fixeh   : 	at android.view.inputmethod.BaseInputConnection.commitText(BaseInputConnection.java:197)
04-16 15:58:46.641 28076 28076 D fixeh   : 	at com.android.internal.widget.EditableInputConnection.commitText(EditableInputConnection.java:183)
04-16 15:58:46.641 28076 28076 D fixeh   : 	at com.android.internal.view.IInputConnectionWrapper.executeMessage(IInputConnectionWrapper.java:344)
04-16 15:58:46.641 28076 28076 D fixeh   : 	at com.android.internal.view.IInputConnectionWrapper$MyHandler.handleMessage(IInputConnectionWrapper.java:85)
04-16 15:58:46.641 28076 28076 D fixeh   : 	at android.os.Handler.dispatchMessage(Handler.java:108)
04-16 15:58:46.641 28076 28076 D fixeh   : 	at android.os.Looper.loop(Looper.java:166)
04-16 15:58:46.641 28076 28076 D fixeh   : 	at android.app.ActivityThread.main(ActivityThread.java:7529)
04-16 15:58:46.641 28076 28076 D fixeh   : 	at java.lang.reflect.Method.invoke(Native Method)
04-16 15:58:46.641 28076 28076 D fixeh   : 	at com.android.internal.os.Zygote$MethodAndArgsCaller.run(Zygote.java:245)
04-16 15:58:46.641 28076 28076 D fixeh   : 	at com.android.internal.os.ZygoteInit.main(ZygoteInit.java:921)
04-16 15:58:46.641 28076 28076 I fixeh   : XMLCONTROLLER::entering(0) java.security.KeyStore: void load(java.security.KeyStore$LoadStoreParameter) with exception java.io.IOException and such exception entering(0)
04-16 15:58:46.642 28076 28076 I fixeh   : triggering exception on java.security.KeyStore: void load(java.security.KeyStore$LoadStoreParameter)
04-16 15:58:46.642 28076 28076 I fixeh   : java.io.IOException: 
04-16 15:58:46.642 28076 28076 I fixeh   : 	at com.keepassdroid.fingerprint.FingerPrintHelper.createNewKeyIfNeeded(FingerPrintHelper.java:301)
04-16 15:58:46.642 28076 28076 I fixeh   : 	at com.keepassdroid.fingerprint.FingerPrintHelper.initEncryptKey(FingerPrintHelper.java:188)
04-16 15:58:46.642 28076 28076 I fixeh   : 	at com.keepassdroid.fingerprint.FingerPrintHelper.initEncryptData(FingerPrintHelper.java:168)
04-16 15:58:46.642 28076 28076 I fixeh   : 	at com.keepassdroid.PasswordActivity.toggleMode(PasswordActivity.java:386)
04-16 15:58:46.642 28076 28076 I fixeh   : 	at com.keepassdroid.PasswordActivity.access$500(PasswordActivity.java:81)
04-16 15:58:46.642 28076 28076 I fixeh   : 	at com.keepassdroid.PasswordActivity$2.afterTextChanged(PasswordActivity.java:319)
04-16 15:58:46.642 28076 28076 I fixeh   : 	at android.widget.TextView.sendAfterTextChanged(TextView.java:9605)
04-16 15:58:46.642 28076 28076 I fixeh   : 	at android.widget.TextView$ChangeWatcher.afterTextChanged(TextView.java:12270)
04-16 15:58:46.642 28076 28076 I fixeh   : 	at android.text.SpannableStringBuilder.sendAfterTextChanged(SpannableStringBuilder.java:1266)
04-16 15:58:46.642 28076 28076 I fixeh   : 	at android.text.SpannableStringBuilder.replace(SpannableStringBuilder.java:578)
04-16 15:58:46.642 28076 28076 I fixeh   : 	at android.text.SpannableStringBuilder.replace(SpannableStringBuilder.java:504)
04-16 15:58:46.642 28076 28076 I fixeh   : 	at android.text.SpannableStringBuilder.replace(SpannableStringBuilder.java:502)
04-16 15:58:46.642 28076 28076 I fixeh   : 	at android.view.inputmethod.BaseInputConnection.replaceText(BaseInputConnection.java:848)
04-16 15:58:46.642 28076 28076 I fixeh   : 	at android.view.inputmethod.BaseInputConnection.commitText(BaseInputConnection.java:197)
04-16 15:58:46.642 28076 28076 I fixeh   : 	at com.android.internal.widget.EditableInputConnection.commitText(EditableInputConnection.java:183)
04-16 15:58:46.642 28076 28076 I fixeh   : 	at com.android.internal.view.IInputConnectionWrapper.executeMessage(IInputConnectionWrapper.java:344)
04-16 15:58:46.642 28076 28076 I fixeh   : 	at com.android.internal.view.IInputConnectionWrapper$MyHandler.handleMessage(IInputConnectionWrapper.java:85)
04-16 15:58:46.642 28076 28076 I fixeh   : 	at android.os.Handler.dispatchMessage(Handler.java:108)
04-16 15:58:46.642 28076 28076 I fixeh   : 	at android.os.Looper.loop(Looper.java:166)
04-16 15:58:46.642 28076 28076 I fixeh   : 	at android.app.ActivityThread.main(ActivityThread.java:7529)
04-16 15:58:46.642 28076 28076 I fixeh   : 	at java.lang.reflect.Method.invoke(Native Method)
04-16 15:58:46.642 28076 28076 I fixeh   : 	at com.android.internal.os.Zygote$MethodAndArgsCaller.run(Zygote.java:245)
04-16 15:58:46.642 28076 28076 I fixeh   : 	at com.android.internal.os.ZygoteInit.main(ZygoteInit.java:921)
04-16 15:58:46.650 28076 28076 D HwRTBlurUtils: check blur style for HwToast-Toast, themeResId : 0x7f0d000d, context : com.keepassdroid.PasswordActivity@f6be596, Nhwext : 6, get Blur : disable with , android.graphics.drawable.NinePatchDrawable@604ae91
04-16 15:58:46.669 28076 28076 D fixeh   : current stack is java.io.IOException: 
04-16 15:58:46.669 28076 28076 D fixeh   : 	at com.keepassdroid.fingerprint.FingerPrintHelper.initEncryptKey(FingerPrintHelper.java:189)
04-16 15:58:46.669 28076 28076 D fixeh   : 	at com.keepassdroid.fingerprint.FingerPrintHelper.initEncryptData(FingerPrintHelper.java:168)
04-16 15:58:46.669 28076 28076 D fixeh   : 	at com.keepassdroid.PasswordActivity.toggleMode(PasswordActivity.java:386)
04-16 15:58:46.669 28076 28076 D fixeh   : 	at com.keepassdroid.PasswordActivity.access$500(PasswordActivity.java:81)
04-16 15:58:46.669 28076 28076 D fixeh   : 	at com.keepassdroid.PasswordActivity$2.afterTextChanged(PasswordActivity.java:319)
04-16 15:58:46.669 28076 28076 D fixeh   : 	at android.widget.TextView.sendAfterTextChanged(TextView.java:9605)
04-16 15:58:46.669 28076 28076 D fixeh   : 	at android.widget.TextView$ChangeWatcher.afterTextChanged(TextView.java:12270)
04-16 15:58:46.669 28076 28076 D fixeh   : 	at android.text.SpannableStringBuilder.sendAfterTextChanged(SpannableStringBuilder.java:1266)
04-16 15:58:46.669 28076 28076 D fixeh   : 	at android.text.SpannableStringBuilder.replace(SpannableStringBuilder.java:578)
04-16 15:58:46.669 28076 28076 D fixeh   : 	at android.text.SpannableStringBuilder.replace(SpannableStringBuilder.java:504)
04-16 15:58:46.669 28076 28076 D fixeh   : 	at android.text.SpannableStringBuilder.replace(SpannableStringBuilder.java:502)
04-16 15:58:46.669 28076 28076 D fixeh   : 	at android.view.inputmethod.BaseInputConnection.replaceText(BaseInputConnection.java:848)
04-16 15:58:46.669 28076 28076 D fixeh   : 	at android.view.inputmethod.BaseInputConnection.commitText(BaseInputConnection.java:197)
04-16 15:58:46.669 28076 28076 D fixeh   : 	at com.android.internal.widget.EditableInputConnection.commitText(EditableInputConnection.java:183)
04-16 15:58:46.669 28076 28076 D fixeh   : 	at com.android.internal.view.IInputConnectionWrapper.executeMessage(IInputConnectionWrapper.java:344)
04-16 15:58:46.669 28076 28076 D fixeh   : 	at com.android.internal.view.IInputConnectionWrapper$MyHandler.handleMessage(IInputConnectionWrapper.java:85)
04-16 15:58:46.669 28076 28076 D fixeh   : 	at android.os.Handler.dispatchMessage(Handler.java:108)
04-16 15:58:46.669 28076 28076 D fixeh   : 	at android.os.Looper.loop(Looper.java:166)
04-16 15:58:46.669 28076 28076 D fixeh   : 	at android.app.ActivityThread.main(ActivityThread.java:7529)
04-16 15:58:46.669 28076 28076 D fixeh   : 	at java.lang.reflect.Method.invoke(Native Method)
04-16 15:58:46.669 28076 28076 D fixeh   : 	at com.android.internal.os.Zygote$MethodAndArgsCaller.run(Zygote.java:245)
04-16 15:58:46.669 28076 28076 D fixeh   : 	at com.android.internal.os.ZygoteInit.main(ZygoteInit.java:921)
04-16 15:58:46.670 28076 28076 I fixeh   : XMLCONTROLLER::entering(1) java.security.KeyStore: void load(java.security.KeyStore$LoadStoreParameter) with exception java.io.IOException and such exception entering(1)
04-16 15:58:46.670 28076 28076 I fixeh   : triggering exception on java.security.KeyStore: void load(java.security.KeyStore$LoadStoreParameter)
04-16 15:58:46.670 28076 28076 I fixeh   : java.io.IOException: 
04-16 15:58:46.670 28076 28076 I fixeh   : 	at com.keepassdroid.fingerprint.FingerPrintHelper.initEncryptKey(FingerPrintHelper.java:189)
04-16 15:58:46.670 28076 28076 I fixeh   : 	at com.keepassdroid.fingerprint.FingerPrintHelper.initEncryptData(FingerPrintHelper.java:168)
04-16 15:58:46.670 28076 28076 I fixeh   : 	at com.keepassdroid.PasswordActivity.toggleMode(PasswordActivity.java:386)
04-16 15:58:46.670 28076 28076 I fixeh   : 	at com.keepassdroid.PasswordActivity.access$500(PasswordActivity.java:81)
04-16 15:58:46.670 28076 28076 I fixeh   : 	at com.keepassdroid.PasswordActivity$2.afterTextChanged(PasswordActivity.java:319)
04-16 15:58:46.670 28076 28076 I fixeh   : 	at android.widget.TextView.sendAfterTextChanged(TextView.java:9605)
04-16 15:58:46.670 28076 28076 I fixeh   : 	at android.widget.TextView$ChangeWatcher.afterTextChanged(TextView.java:12270)
04-16 15:58:46.670 28076 28076 I fixeh   : 	at android.text.SpannableStringBuilder.sendAfterTextChanged(SpannableStringBuilder.java:1266)
04-16 15:58:46.670 28076 28076 I fixeh   : 	at android.text.SpannableStringBuilder.replace(SpannableStringBuilder.java:578)
04-16 15:58:46.670 28076 28076 I fixeh   : 	at android.text.SpannableStringBuilder.replace(SpannableStringBuilder.java:504)
04-16 15:58:46.670 28076 28076 I fixeh   : 	at android.text.SpannableStringBuilder.replace(SpannableStringBuilder.java:502)
04-16 15:58:46.670 28076 28076 I fixeh   : 	at android.view.inputmethod.BaseInputConnection.replaceText(BaseInputConnection.java:848)
04-16 15:58:46.670 28076 28076 I fixeh   : 	at android.view.inputmethod.BaseInputConnection.commitText(BaseInputConnection.java:197)
04-16 15:58:46.670 28076 28076 I fixeh   : 	at com.android.internal.widget.EditableInputConnection.commitText(EditableInputConnection.java:183)
04-16 15:58:46.670 28076 28076 I fixeh   : 	at com.android.internal.view.IInputConnectionWrapper.executeMessage(IInputConnectionWrapper.java:344)
04-16 15:58:46.670 28076 28076 I fixeh   : 	at com.android.internal.view.IInputConnectionWrapper$MyHandler.handleMessage(IInputConnectionWrapper.java:85)
04-16 15:58:46.670 28076 28076 I fixeh   : 	at android.os.Handler.dispatchMessage(Handler.java:108)
04-16 15:58:46.670 28076 28076 I fixeh   : 	at android.os.Looper.loop(Looper.java:166)
04-16 15:58:46.670 28076 28076 I fixeh   : 	at android.app.ActivityThread.main(ActivityThread.java:7529)
04-16 15:58:46.670 28076 28076 I fixeh   : 	at java.lang.reflect.Method.invoke(Native Method)
04-16 15:58:46.670 28076 28076 I fixeh   : 	at com.android.internal.os.Zygote$MethodAndArgsCaller.run(Zygote.java:245)
04-16 15:58:46.670 28076 28076 I fixeh   : 	at com.android.internal.os.ZygoteInit.main(ZygoteInit.java:921)
04-16 15:58:46.672 28076 28076 D HwRTBlurUtils: check blur style for HwToast-Toast, themeResId : 0x7f0d000d, context : com.keepassdroid.PasswordActivity@f6be596, Nhwext : 6, get Blur : disable with , android.graphics.drawable.NinePatchDrawable@211f782
04-16 15:58:46.705  1837  2313 I ash     : view add pid:28076 uid:10785
04-16 15:58:46.705  1837  2313 I ash     : app:com.android.keepass  has toast view ,pid :28076
04-16 15:58:46.706 28076 28097 D OpenGLRenderer:   HWUI Binary is  enabled
04-16 15:58:46.715   668  5501 W WindowManager: EGLdebug Created surface WindowStateAnimator{7ec29e8 PopupWindow:453d6a8}
04-16 15:58:46.719   721   721 D SurfaceFlinger: InputMethod is present
04-16 15:58:46.733 28030 28050 D mali_winsys: EGLint new_window_surface(egl_winsys_display *, void *, EGLSurface, EGLConfig, egl_winsys_surface **, egl_color_buffer_format *, EGLBoolean) returns 0x3000
04-16 15:58:46.733   668 14393 V WindowManager: Adding Window{9bed6a6 u0 Toast} to WindowToken{60c28e7 android.os.Binder@d41885}
04-16 15:58:46.733   689   689 I GRALLOC : 	 shrFd=10,fmt=0x1,intFmt=0x1,btStrd=768,size=147456,pid=689 
04-16 15:58:46.733   689   689 I GRALLOC : 	 yuv=2,w=150,h=186,Stride u=0 v=0,offset u=0 v=0 
04-16 15:58:46.733   689   689 I GRALLOC : 	 iova_size=147456,conUsg=0x900,proUsg=0x900,	 strd=192,[afbc]HdrStrd=0 PyldStrd=0 Scrmbl=0,ionhnd = 1 
04-16 15:58:46.735   689   689 I GRALLOC : 	 shrFd=10,fmt=0x1,intFmt=0x1,btStrd=768,size=147456,pid=689 
04-16 15:58:46.735   689   689 I GRALLOC : 	 yuv=2,w=150,h=186,Stride u=0 v=0,offset u=0 v=0 
04-16 15:58:46.735   689   689 I GRALLOC : 	 iova_size=147456,conUsg=0x900,proUsg=0x900,	 strd=192,[afbc]HdrStrd=0 PyldStrd=0 Scrmbl=0,ionhnd = 1 
04-16 15:58:46.735   721   721 D SurfaceFlinger: InputMethod is present
04-16 15:58:46.736   689   689 I GRALLOC : 	 shrFd=10,fmt=0x1,intFmt=0x1,btStrd=768,size=147456,pid=689 
04-16 15:58:46.736   689   689 I GRALLOC : 	 yuv=2,w=150,h=186,Stride u=0 v=0,offset u=0 v=0 
04-16 15:58:46.736   689   689 I GRALLOC : 	 iova_size=147456,conUsg=0x900,proUsg=0x900,	 strd=192,[afbc]HdrStrd=0 PyldStrd=0 Scrmbl=0,ionhnd = 1 
04-16 15:58:46.737   668 14393 V WindowManager: addWindow: New client android.os.BinderProxy@5c2b801: window=Window{9bed6a6 u0 Toast} Callers=com.android.server.wm.HwWindowManagerService.addWindow:585 com.android.server.wm.Session.addToDisplay:199 android.view.IWindowSession$Stub.onTransact:124 com.android.server.wm.Session.onTransact:161 android.os.Binder.execTransact:675 
04-16 15:58:46.742 28076 28076 W ViewRootImpl[Toast]: EGLdebug relayoutWindow Surface isSurface(name=null)  (appName =com.android.keepass) ( mSurfaceControllerIsValid =false) (mNativeObject  =0)/@0xa6e07fc,viewVisibility is0
04-16 15:58:46.745   823  1052 W JankService: processEntry, not beta version or commercial log off
04-16 15:58:46.747 28030 28050 D OpenGLRenderer:   HWUI Binary is  enabled
04-16 15:58:46.752   721   721 D SurfaceFlinger: InputMethod is present
04-16 15:58:46.754   689   689 I GRALLOC : 	 shrFd=10,fmt=0x1,intFmt=0x1,btStrd=768,size=147456,pid=689 
04-16 15:58:46.754   689   689 I GRALLOC : 	 yuv=2,w=150,h=186,Stride u=0 v=0,offset u=0 v=0 
04-16 15:58:46.754   689   689 I GRALLOC : 	 iova_size=147456,conUsg=0xb00,proUsg=0xb00,	 strd=192,[afbc]HdrStrd=0 PyldStrd=0 Scrmbl=0,ionhnd = 1 
04-16 15:58:46.760   668 14393 W WindowManager: EGLdebug Created surface WindowStateAnimator{14dfc94 Toast}
04-16 15:58:46.762   668 14393 W WindowManager: EGLdebug surface name is Toastsurface is Surface(name=null)  (appName =null) ( mSurfaceControllerIsValid =true) (mNativeObject  =71a1559000)/@0xfa1d33d
04-16 15:58:46.769   721   721 D SurfaceFlinger: InputMethod is present
04-16 15:58:46.773   668  1388 D libfingersense_wrapper: Calling fingersense_classify_touch()
04-16 15:58:46.774 28076 28076 W ViewRootImpl[Toast]: EGLdebug relayoutWindow Surface isSurface(name=null)  (appName =com.android.keepass) ( mSurfaceControllerIsValid =true) (mNativeObject  =71b8fe4000)/@0xa6e07fc,relayoutResult is7
04-16 15:58:46.775 28076 28076 W ViewRootImpl[Toast]: EGLdebug Surface isSurface(name=null)  (appName =com.android.keepass) ( mSurfaceControllerIsValid =true) (mNativeObject  =71b8fe4000)/@0xa6e07fc
04-16 15:58:46.775   668  5501 D WindowManager: finishDrawingWindow: Window{8b710d0 u0 PopupWindow:453d6a8} mDrawState=DRAW_PENDING
04-16 15:58:46.777 28076 28097 D mali_winsys: EGLint new_window_surface(egl_winsys_display *, void *, EGLSurface, EGLConfig, egl_winsys_surface **, egl_color_buffer_format *, EGLBoolean) returns 0x3000
04-16 15:58:46.777 28076 28097 D OpenGLRenderer:   HWUI Binary is  enabled
04-16 15:58:46.778   668  1388 D libfingersense_wrapper: fingersense_classify_touch() finished
04-16 15:58:46.778   689   689 I GRALLOC : 	 shrFd=10,fmt=0x1,intFmt=0x1,btStrd=1792,size=172032,pid=689 
04-16 15:58:46.778   689   689 I GRALLOC : 	 yuv=2,w=413,h=96,Stride u=0 v=0,offset u=0 v=0 
04-16 15:58:46.778   689   689 I GRALLOC : 	 iova_size=172032,conUsg=0x900,proUsg=0x900,	 strd=448,[afbc]HdrStrd=0 PyldStrd=0 Scrmbl=0,ionhnd = 1 
04-16 15:58:46.780   689   689 I chatty  : uid=1000(system) allocator@2.0-s identical 1 line
04-16 15:58:46.782   689   689 I GRALLOC : 	 shrFd=10,fmt=0x1,intFmt=0x1,btStrd=1792,size=172032,pid=689 
04-16 15:58:46.782   689   689 I GRALLOC : 	 yuv=2,w=413,h=96,Stride u=0 v=0,offset u=0 v=0 
04-16 15:58:46.782   689   689 I GRALLOC : 	 iova_size=172032,conUsg=0x900,proUsg=0x900,	 strd=448,[afbc]HdrStrd=0 PyldStrd=0 Scrmbl=0,ionhnd = 1 
04-16 15:58:46.785   721   721 D SurfaceFlinger: InputMethod is present
04-16 15:58:46.789 28030 28050 W libEGL  : EGLNativeWindowType 0x71bbac8010 disconnect failed
04-16 15:58:46.790   689   689 I GRALLOC : 	 shrFd=10,fmt=0x1,intFmt=0x1,btStrd=1792,size=172032,pid=689 
04-16 15:58:46.790   689   689 I GRALLOC : 	 yuv=2,w=413,h=96,Stride u=0 v=0,offset u=0 v=0 
04-16 15:58:46.790   689   689 I GRALLOC : 	 iova_size=172032,conUsg=0xb00,proUsg=0xb00,	 strd=448,[afbc]HdrStrd=0 PyldStrd=0 Scrmbl=0,ionhnd = 1 
04-16 15:58:46.790   668  1119 D FingerprintActionsListener: touchDownIsValid MotionEvent.ACTION_DOWN 
04-16 15:58:46.791   668  1119 D FingerprintActionsListener: touchDownIsValidLazyMode = false  touchDownIsValidHiBoard = false
04-16 15:58:46.797   668 14393 V WindowManager: removeIfPossible: Window{8b710d0 u0 PopupWindow:453d6a8} callers=com.android.server.wm.WindowState.removeIfPossible:1914 com.android.server.wm.WindowManagerService.removeWindow:2040 com.android.server.wm.Session.remove:218 android.view.IWindowSession$Stub.onTransact:242 com.android.server.wm.Session.onTransact:161 
04-16 15:58:46.799   668 14393 I WindowManager: Destroying surface Surface(name=PopupWindow:453d6a8) called by com.android.server.wm.WindowStateAnimator.destroySurface:2089 com.android.server.wm.WindowStateAnimator.destroySurfaceLocked:899 com.android.server.wm.HwWindowStateAnimator.destroySurfaceLocked:1006 com.android.server.wm.WindowState.removeImmediately:1899 com.android.server.wm.WindowState.removeIfPossible:2051 com.android.server.wm.WindowState.removeIfPossible:1914 com.android.server.wm.WindowManagerService.removeWindow:2040 com.android.server.wm.Session.remove:218 
04-16 15:58:46.801   668 14393 V WindowManager: postWindowRemoveCleanupLocked: Window{8b710d0 u0 PopupWindow:453d6a8}
04-16 15:58:46.801   668 14393 V WindowManager: Removing Window{8b710d0 u0 PopupWindow:453d6a8} from WindowToken{13078b android.os.Binder@20111aa}
04-16 15:58:46.803   721   721 D SurfaceFlinger: InputMethod is present
04-16 15:58:46.815   668 13845 D WindowManager: finishDrawingWindow: Window{9bed6a6 u0 Toast} mDrawState=DRAW_PENDING
04-16 15:58:46.819   721   721 D SurfaceFlinger: InputMethod is present
04-16 15:58:46.831   668  1388 D libfingersense_wrapper: Calling fingersense_touch_up()
04-16 15:58:46.832   668  1388 D libfingersense_wrapper: fingersense_touch_up() finished
04-16 15:58:46.836   721   721 D SurfaceFlinger: InputMethod is present
04-16 15:58:46.847 28076 28076 D fixeh   : current stack is java.lang.RuntimeException: 
04-16 15:58:46.847 28076 28076 D fixeh   : 	at android.support.v4.hardware.fingerprint.FingerprintManagerCompat.isHardwareDetected(FingerprintManagerCompat.java:78)
04-16 15:58:46.847 28076 28076 D fixeh   : 	at com.keepassdroid.fingerprint.FingerPrintHelper.isHardwareDetected(FingerPrintHelper.java:329)
04-16 15:58:46.847 28076 28076 D fixeh   : 	at com.keepassdroid.fingerprint.FingerPrintHelper.hasEnrolledFingerprints(FingerPrintHelper.java:334)
04-16 15:58:46.847 28076 28076 D fixeh   : 	at com.keepassdroid.fingerprint.FingerPrintHelper.isFingerprintInitialized(FingerPrintHelper.java:155)
04-16 15:58:46.847 28076 28076 D fixeh   : 	at com.keepassdroid.fingerprint.FingerPrintHelper.stopListening(FingerPrintHelper.java:94)
04-16 15:58:46.847 28076 28076 D fixeh   : 	at com.keepassdroid.PasswordActivity.toggleMode(PasswordActivity.java:397)
04-16 15:58:46.847 28076 28076 D fixeh   : 	at com.keepassdroid.PasswordActivity.access$500(PasswordActivity.java:81)
04-16 15:58:46.847 28076 28076 D fixeh   : 	at com.keepassdroid.PasswordActivity$2.afterTextChanged(PasswordActivity.java:319)
04-16 15:58:46.847 28076 28076 D fixeh   : 	at android.widget.TextView.sendAfterTextChanged(TextView.java:9605)
04-16 15:58:46.847 28076 28076 D fixeh   : 	at android.widget.TextView$ChangeWatcher.afterTextChanged(TextView.java:12270)
04-16 15:58:46.847 28076 28076 D fixeh   : 	at android.text.SpannableStringBuilder.sendAfterTextChanged(SpannableStringBuilder.java:1266)
04-16 15:58:46.847 28076 28076 D fixeh   : 	at android.text.SpannableStringBuilder.replace(SpannableStringBuilder.java:578)
04-16 15:58:46.847 28076 28076 D fixeh   : 	at android.text.SpannableStringBuilder.replace(SpannableStringBuilder.java:504)
04-16 15:58:46.847 28076 28076 D fixeh   : 	at android.text.SpannableStringBuilder.replace(SpannableStringBuilder.java:502)
04-16 15:58:46.847 28076 28076 D fixeh   : 	at android.view.inputmethod.BaseInputConnection.replaceText(BaseInputConnection.java:848)
04-16 15:58:46.847 28076 28076 D fixeh   : 	at android.view.inputmethod.BaseInputConnection.commitText(BaseInputConnection.java:197)
04-16 15:58:46.847 28076 28076 D fixeh   : 	at com.android.internal.widget.EditableInputConnection.commitText(EditableInputConnection.java:183)
04-16 15:58:46.847 28076 28076 D fixeh   : 	at com.android.internal.view.IInputConnectionWrapper.executeMessage(IInputConnectionWrapper.java:344)
04-16 15:58:46.847 28076 28076 D fixeh   : 	at com.android.internal.view.IInputConnectionWrapper$MyHandler.handleMessage(IInputConnectionWrapper.java:85)
04-16 15:58:46.847 28076 28076 D fixeh   : 	at android.os.Handler.dispatchMessage(Handler.java:108)
04-16 15:58:46.847 28076 28076 D fixeh   : 	at android.os.Looper.loop(Looper.java:166)
04-16 15:58:46.847 28076 28076 D fixeh   : 	at android.app.ActivityThread.main(ActivityThread.java:7529)
04-16 15:58:46.847 28076 28076 D fixeh   : 	at java.lang.reflect.Method.invoke(Native Method)
04-16 15:58:46.847 28076 28076 D fixeh   : 	at com.android.internal.os.Zygote$MethodAndArgsCaller.run(Zygote.java:245)
04-16 15:58:46.847 28076 28076 D fixeh   : 	at com.android.internal.os.ZygoteInit.main(ZygoteInit.java:921)
04-16 15:58:46.847 28076 28076 I fixeh   : XMLCONTROLLER::entering(6) android.hardware.fingerprint.FingerprintManager: boolean isHardwareDetected() with exception java.lang.RuntimeException and such exception entering(7)
04-16 15:58:46.848 28076 28076 I fixeh   : passing on android.hardware.fingerprint.FingerprintManager: boolean isHardwareDetected()
04-16 15:58:46.849 28076 28076 D fixeh   : current stack is java.lang.RuntimeException: 
04-16 15:58:46.849 28076 28076 D fixeh   : 	at android.support.v4.hardware.fingerprint.FingerprintManagerCompat.hasEnrolledFingerprints(FingerprintManagerCompat.java:63)
04-16 15:58:46.849 28076 28076 D fixeh   : 	at com.keepassdroid.fingerprint.FingerPrintHelper.hasEnrolledFingerprints(FingerPrintHelper.java:337)
04-16 15:58:46.849 28076 28076 D fixeh   : 	at com.keepassdroid.fingerprint.FingerPrintHelper.isFingerprintInitialized(FingerPrintHelper.java:155)
04-16 15:58:46.849 28076 28076 D fixeh   : 	at com.keepassdroid.fingerprint.FingerPrintHelper.stopListening(FingerPrintHelper.java:94)
04-16 15:58:46.849 28076 28076 D fixeh   : 	at com.keepassdroid.PasswordActivity.toggleMode(PasswordActivity.java:397)
04-16 15:58:46.849 28076 28076 D fixeh   : 	at com.keepassdroid.PasswordActivity.access$500(PasswordActivity.java:81)
04-16 15:58:46.849 28076 28076 D fixeh   : 	at com.keepassdroid.PasswordActivity$2.afterTextChanged(PasswordActivity.java:319)
04-16 15:58:46.849 28076 28076 D fixeh   : 	at android.widget.TextView.sendAfterTextChanged(TextView.java:9605)
04-16 15:58:46.849 28076 28076 D fixeh   : 	at android.widget.TextView$ChangeWatcher.afterTextChanged(TextView.java:12270)
04-16 15:58:46.849 28076 28076 D fixeh   : 	at android.text.SpannableStringBuilder.sendAfterTextChanged(SpannableStringBuilder.java:1266)
04-16 15:58:46.849 28076 28076 D fixeh   : 	at android.text.SpannableStringBuilder.replace(SpannableStringBuilder.java:578)
04-16 15:58:46.849 28076 28076 D fixeh   : 	at android.text.SpannableStringBuilder.replace(SpannableStringBuilder.java:504)
04-16 15:58:46.849 28076 28076 D fixeh   : 	at android.text.SpannableStringBuilder.replace(SpannableStringBuilder.java:502)
04-16 15:58:46.849 28076 28076 D fixeh   : 	at android.view.inputmethod.BaseInputConnection.replaceText(BaseInputConnection.java:848)
04-16 15:58:46.849 28076 28076 D fixeh   : 	at android.view.inputmethod.BaseInputConnection.commitText(BaseInputConnection.java:197)
04-16 15:58:46.849 28076 28076 D fixeh   : 	at com.android.internal.widget.EditableInputConnection.commitText(EditableInputConnection.java:183)
04-16 15:58:46.849 28076 28076 D fixeh   : 	at com.android.internal.view.IInputConnectionWrapper.executeMessage(IInputConnectionWrapper.java:344)
04-16 15:58:46.849 28076 28076 D fixeh   : 	at com.android.internal.view.IInputConnectionWrapper$MyHandler.handleMessage(IInputConnectionWrapper.java:85)
04-16 15:58:46.849 28076 28076 D fixeh   : 	at android.os.Handler.dispatchMessage(Handler.java:108)
04-16 15:58:46.849 28076 28076 D fixeh   : 	at android.os.Looper.loop(Looper.java:166)
04-16 15:58:46.849 28076 28076 D fixeh   : 	at android.app.ActivityThread.main(ActivityThread.java:7529)
04-16 15:58:46.849 28076 28076 D fixeh   : 	at java.lang.reflect.Method.invoke(Native Method)
04-16 15:58:46.849 28076 28076 D fixeh   : 	at com.android.internal.os.Zygote$MethodAndArgsCaller.run(Zygote.java:245)
04-16 15:58:46.849 28076 28076 D fixeh   : 	at com.android.internal.os.ZygoteInit.main(ZygoteInit.java:921)
04-16 15:58:46.849 28076 28076 I fixeh   : XMLCONTROLLER::entering(5) android.hardware.fingerprint.FingerprintManager: boolean hasEnrolledFingerprints() with exception java.lang.RuntimeException and such exception entering(8)
04-16 15:58:46.849 28076 28076 I fixeh   : passing on android.hardware.fingerprint.FingerprintManager: boolean hasEnrolledFingerprints()
04-16 15:58:46.850 28076 28076 D fixeh   : current stack is java.lang.RuntimeException: 
04-16 15:58:46.850 28076 28076 D fixeh   : 	at android.support.v4.hardware.fingerprint.FingerprintManagerCompat.isHardwareDetected(FingerprintManagerCompat.java:78)
04-16 15:58:46.850 28076 28076 D fixeh   : 	at com.keepassdroid.fingerprint.FingerPrintHelper.isHardwareDetected(FingerPrintHelper.java:329)
04-16 15:58:46.850 28076 28076 D fixeh   : 	at com.keepassdroid.fingerprint.FingerPrintHelper.hasEnrolledFingerprints(FingerPrintHelper.java:334)
04-16 15:58:46.850 28076 28076 D fixeh   : 	at com.keepassdroid.fingerprint.FingerPrintHelper.isFingerprintInitialized(FingerPrintHelper.java:155)
04-16 15:58:46.850 28076 28076 D fixeh   : 	at com.keepassdroid.fingerprint.FingerPrintHelper.startListening(FingerPrintHelper.java:71)
04-16 15:58:46.850 28076 28076 D fixeh   : 	at com.keepassdroid.PasswordActivity.toggleMode(PasswordActivity.java:398)
04-16 15:58:46.850 28076 28076 D fixeh   : 	at com.keepassdroid.PasswordActivity.access$500(PasswordActivity.java:81)
04-16 15:58:46.850 28076 28076 D fixeh   : 	at com.keepassdroid.PasswordActivity$2.afterTextChanged(PasswordActivity.java:319)
04-16 15:58:46.850 28076 28076 D fixeh   : 	at android.widget.TextView.sendAfterTextChanged(TextView.java:9605)
04-16 15:58:46.850 28076 28076 D fixeh   : 	at android.widget.TextView$ChangeWatcher.afterTextChanged(TextView.java:12270)
04-16 15:58:46.850 28076 28076 D fixeh   : 	at android.text.SpannableStringBuilder.sendAfterTextChanged(SpannableStringBuilder.java:1266)
04-16 15:58:46.850 28076 28076 D fixeh   : 	at android.text.SpannableStringBuilder.replace(SpannableStringBuilder.java:578)
04-16 15:58:46.850 28076 28076 D fixeh   : 	at android.text.SpannableStringBuilder.replace(SpannableStringBuilder.java:504)
04-16 15:58:46.850 28076 28076 D fixeh   : 	at android.text.SpannableStringBuilder.replace(SpannableStringBuilder.java:502)
04-16 15:58:46.850 28076 28076 D fixeh   : 	at android.view.inputmethod.BaseInputConnection.replaceText(BaseInputConnection.java:848)
04-16 15:58:46.850 28076 28076 D fixeh   : 	at android.view.inputmethod.BaseInputConnection.commitText(BaseInputConnection.java:197)
04-16 15:58:46.850 28076 28076 D fixeh   : 	at com.android.internal.widget.EditableInputConnection.commitText(EditableInputConnection.java:183)
04-16 15:58:46.850 28076 28076 D fixeh   : 	at com.android.internal.view.IInputConnectionWrapper.executeMessage(IInputConnectionWrapper.java:344)
04-16 15:58:46.850 28076 28076 D fixeh   : 	at com.android.internal.view.IInputConnectionWrapper$MyHandler.handleMessage(IInputConnectionWrapper.java:85)
04-16 15:58:46.850 28076 28076 D fixeh   : 	at android.os.Handler.dispatchMessage(Handler.java:108)
04-16 15:58:46.850 28076 28076 D fixeh   : 	at android.os.Looper.loop(Looper.java:166)
04-16 15:58:46.850 28076 28076 D fixeh   : 	at android.app.ActivityThread.main(ActivityThread.java:7529)
04-16 15:58:46.850 28076 28076 D fixeh   : 	at java.lang.reflect.Method.invoke(Native Method)
04-16 15:58:46.850 28076 28076 D fixeh   : 	at com.android.internal.os.Zygote$MethodAndArgsCaller.run(Zygote.java:245)
04-16 15:58:46.850 28076 28076 D fixeh   : 	at com.android.internal.os.ZygoteInit.main(ZygoteInit.java:921)
04-16 15:58:46.851 28076 28076 I fixeh   : XMLCONTROLLER::entering(7) android.hardware.fingerprint.FingerprintManager: boolean isHardwareDetected() with exception java.lang.RuntimeException and such exception entering(9)
04-16 15:58:46.851 28076 28076 I fixeh   : passing on android.hardware.fingerprint.FingerprintManager: boolean isHardwareDetected()
04-16 15:58:46.851 28076 28076 D fixeh   : current stack is java.lang.RuntimeException: 
04-16 15:58:46.851 28076 28076 D fixeh   : 	at android.support.v4.hardware.fingerprint.FingerprintManagerCompat.hasEnrolledFingerprints(FingerprintManagerCompat.java:63)
04-16 15:58:46.851 28076 28076 D fixeh   : 	at com.keepassdroid.fingerprint.FingerPrintHelper.hasEnrolledFingerprints(FingerPrintHelper.java:337)
04-16 15:58:46.851 28076 28076 D fixeh   : 	at com.keepassdroid.fingerprint.FingerPrintHelper.isFingerprintInitialized(FingerPrintHelper.java:155)
04-16 15:58:46.851 28076 28076 D fixeh   : 	at com.keepassdroid.fingerprint.FingerPrintHelper.startListening(FingerPrintHelper.java:71)
04-16 15:58:46.851 28076 28076 D fixeh   : 	at com.keepassdroid.PasswordActivity.toggleMode(PasswordActivity.java:398)
04-16 15:58:46.851 28076 28076 D fixeh   : 	at com.keepassdroid.PasswordActivity.access$500(PasswordActivity.java:81)
04-16 15:58:46.851 28076 28076 D fixeh   : 	at com.keepassdroid.PasswordActivity$2.afterTextChanged(PasswordActivity.java:319)
