04-16 15:58:32.905 27970 27997 D mali_winsys: EGLint new_window_surface(egl_winsys_display *, void *, EGLSurface, EGLConfig, egl_winsys_surface **, egl_color_buffer_format *, EGLBoolean) returns 0x3000
04-16 15:58:32.917 27970 27997 D OpenGLRenderer:   HWUI Binary is  enabled
04-16 15:58:32.922   689   689 I GRALLOC : 	 shrFd=10,fmt=0x1,intFmt=0x1,btStrd=2560,size=860160,pid=689 
04-16 15:58:32.922   689   689 I GRALLOC : 	 yuv=2,w=600,h=336,Stride u=0 v=0,offset u=0 v=0 
04-16 15:58:32.922   689   689 I GRALLOC : 	 iova_size=860160,conUsg=0xb00,proUsg=0xb00,	 strd=640,[afbc]HdrStrd=0 PyldStrd=0 Scrmbl=0,ionhnd = 1 
04-16 15:58:32.936   668  5506 D WindowManager: finishDrawingWindow: Window{b62dd16 u0 PopupWindow:bff6570} mDrawState=DRAW_PENDING
04-16 15:58:32.950   668  5506 D WindowManager: finishDrawingWindow: Window{b62dd16 u0 PopupWindow:bff6570} mDrawState=HAS_DRAWN
04-16 15:58:32.958   689   689 I GRALLOC : 	 shrFd=10,fmt=0x1,intFmt=0x200000001,btStrd=4352,size=8204288,pid=689 
04-16 15:58:32.958   689   689 I GRALLOC : 	 yuv=2,w=1080,h=1848,Stride u=0 v=0,offset u=0 v=0 
04-16 15:58:32.958   689   689 I GRALLOC : 	 iova_size=8204288,conUsg=0xb00,proUsg=0xb00,	 strd=1088,[afbc]HdrStrd=1088 PyldStrd=69632 Scrmbl=2,ionhnd = 1 
04-16 15:58:32.964   689   689 I GRALLOC : 	 shrFd=10,fmt=0x1,intFmt=0x1,btStrd=2560,size=860160,pid=689 
04-16 15:58:32.964   689   689 I GRALLOC : 	 yuv=2,w=600,h=336,Stride u=0 v=0,offset u=0 v=0 
04-16 15:58:32.964   689   689 I GRALLOC : 	 iova_size=860160,conUsg=0xb00,proUsg=0xb00,	 strd=640,[afbc]HdrStrd=0 PyldStrd=0 Scrmbl=0,ionhnd = 1 
04-16 15:58:33.196   668  1388 D libfingersense_wrapper: Calling fingersense_touch_up()
04-16 15:58:33.196   668  1388 D libfingersense_wrapper: fingersense_touch_up() finished
04-16 15:58:33.386 26980 27101 D WorkerThreadMonitor: Kill MSF check result[ senderSize:0,sendInterval:45253,receiveInterval=2242,addCmdCount=28
04-16 15:58:33.560   668  1388 D libfingersense_wrapper: Calling fingersense_classify_touch()
04-16 15:58:33.565   668  1388 D libfingersense_wrapper: fingersense_classify_touch() finished
04-16 15:58:33.579   668  1119 D FingerprintActionsListener: touchDownIsValid MotionEvent.ACTION_DOWN 
04-16 15:58:33.582   668  1119 D FingerprintActionsListener: touchDownIsValidLazyMode = false  touchDownIsValidHiBoard = false
04-16 15:58:33.610   668  1388 D libfingersense_wrapper: Calling fingersense_touch_up()
04-16 15:58:33.610   668  1388 D libfingersense_wrapper: fingersense_touch_up() finished
04-16 15:58:33.638 27970 27970 V AudioManager: playSoundEffect   effectType: 0
04-16 15:58:33.688 27970 27970 V InputMethodManager: Reporting focus gain, without startInput
04-16 15:58:33.724  3500  3510 I zygote64: Background concurrent copying GC freed 41191(2MB) AllocSpace objects, 9(204KB) LOS objects, 49% free, 2MB/4MB, paused 6.761ms total 42.402ms
04-16 15:58:33.745 26980 27135 D MSF.C.NetConnTag: netRecv ssoSeq:-387103533 uin:*1119 cmd:BS08PTQ9FS85K34EOAgwKSIEIjsvKAgpLQ -387102598 cross:0
04-16 15:58:33.747 27005 27080 I troop_ext: onTroopReceiveOrSendMsg troopInfo is null or not eliminated. troopUin: 569536610
04-16 15:58:33.749 27005 27080 D Q.msg.TroopMsgProxy: insertToList MessageRecord=friendUin:6610senderuin:1366,istroop:1,msgType:-2000,time:1555401513,shmsgseq:92373
04-16 15:58:33.750 27005 27080 D Q.unread.Proxy_UnreadMonitor: insertOrUpdateUnread update=--ConversationInfo--,shortUin:*6610,type:1,lastread:92305,unreadCount:66,unreadGiftCount:0,unreadRedPacketCount:0,unreadMark:0
04-16 15:58:33.750 26980 27121 I MSF.S.AppProcessManager: SendToApp PUSH process:com.tencent.mobileqq fromServiceMsg: FromServiceMsg msName:onRecvPushMsg ssoSeq:-387103533 serviceCmd:OnlinePush.PbPushGroupMsg appSeq:-387103533 failCode:1000 cost=5 needBoot=true
04-16 15:58:33.969 27970 27997 W libEGL  : EGLNativeWindowType 0x71ba156010 disconnect failed
04-16 15:58:33.969 27970 27997 D OpenGLRenderer: endAllActiveAnimators on 0x71b8eb3000 (MenuPopupWindow$MenuDropDownListView) with handle 0x719ec216a0
04-16 15:58:33.970   668 14393 V WindowManager: removeIfPossible: Window{b62dd16 u0 PopupWindow:bff6570} callers=com.android.server.wm.WindowState.removeIfPossible:1914 com.android.server.wm.WindowManagerService.removeWindow:2040 com.android.server.wm.Session.remove:218 android.view.IWindowSession$Stub.onTransact:242 com.android.server.wm.Session.onTransact:161 
04-16 15:58:33.971   668 14393 I WindowManager: Destroying surface Surface(name=PopupWindow:bff6570) called by com.android.server.wm.WindowStateAnimator.destroySurface:2089 com.android.server.wm.WindowStateAnimator.destroySurfaceLocked:899 com.android.server.wm.HwWindowStateAnimator.destroySurfaceLocked:1006 com.android.server.wm.WindowState.removeImmediately:1899 com.android.server.wm.WindowState.removeIfPossible:2051 com.android.server.wm.WindowState.removeIfPossible:1914 com.android.server.wm.WindowManagerService.removeWindow:2040 com.android.server.wm.Session.remove:218 
04-16 15:58:33.972   668 14393 V WindowManager: postWindowRemoveCleanupLocked: Window{b62dd16 u0 PopupWindow:bff6570}
04-16 15:58:33.972   668 14393 V WindowManager: Removing Window{b62dd16 u0 PopupWindow:bff6570} from AppWindowToken{8c2cfbc token=Token{ce12faf ActivityRecord{f8c1b8e u0 com.android.keepass/com.keepassdroid.fileselect.FileSelectActivity t2199}}}
04-16 15:58:34.009  7308  7473 D NetworkController.MobileSignalController(1): mSimSubId:1 onDataActivity: direction=3
04-16 15:58:34.014  7308  7308 D HwCustMobileSignalControllerImpl: sub =1,strMccMnc =null,hashMccMnc =[],strPlmn =hw_customized_networkType_entry
04-16 15:58:34.014  7308  7308 D HwCustMobileSignalControllerImpl: isCurrentBySim()=false
04-16 15:58:34.014  7308  7308 D HwCustMobileSignalControllerImpl: sub =1,strMccMnc =null,hashMccMnc =[],strPlmn =hw_mcc_mnc
04-16 15:58:34.014  7308  7308 D HwCustMobileSignalControllerImpl: isCurrentBySim()=false
04-16 15:58:34.014  7308  7308 D HwCustMobileSignalControllerImpl: sub =1,strMccMnc =null,hashMccMnc =[],strPlmn =hw_show_4g
04-16 15:58:34.014  7308  7308 D HwCustMobileSignalControllerImpl: isCurrentBySim()=false
04-16 15:58:34.014  7308  7308 D HwCustMobileSignalControllerImpl: sub =1,strMccMnc =null,hashMccMnc =[],strPlmn =hw_show_lte
04-16 15:58:34.014  7308  7308 D HwCustMobileSignalControllerImpl: isCurrentBySim()=false
04-16 15:58:34.014  7308  7308 D HwCustMobileSignalControllerImpl: sub =1,strMccMnc =null,hashMccMnc =[],strPlmn =hw_hspap_show_4g
04-16 15:58:34.014  7308  7308 D HwCustMobileSignalControllerImpl: isCurrentBySim()=false
04-16 15:58:34.014  7308  7308 D HwCustMobileSignalControllerImpl: sub =1,strMccMnc =null,hashMccMnc =[],strPlmn =hw_show_4_5G_for_mcc
04-16 15:58:34.014  7308  7308 D HwCustMobileSignalControllerImpl: isCurrentBySim()=false
04-16 15:58:34.014  7308  7308 D HwCustMobileSignalControllerImpl: sub =1,strMccMnc =null,hashMccMnc =[],strPlmn =hw_show_4g_to_4_5g_ca
04-16 15:58:34.014  7308  7308 D HwCustMobileSignalControllerImpl: isCurrentBySim()=false
04-16 15:58:34.015  7308  7308 D HwCustMobileSignalControllerImpl: sub =1,strMccMnc =null,hashMccMnc =[],strPlmn =hw_hspa_show_3g
04-16 15:58:34.015  7308  7308 D HwCustMobileSignalControllerImpl: isCurrentBySim()=false
04-16 15:58:34.015  7308  7308 D HwCustMobileSignalControllerImpl: sub =1,strMccMnc =null,hashMccMnc =[],strPlmn =hw_show_4g_LTE_for_mccmnc
04-16 15:58:34.015  7308  7308 D HwCustMobileSignalControllerImpl: isCurrentBySim()=false
04-16 15:58:34.015  7308  7308 D HwCustMobileSignalControllerImpl: sub =1,strMccMnc =null,hashMccMnc =[],strPlmn =hw_show_4g_to_4g_LTE_ca
04-16 15:58:34.015  7308  7308 D HwCustMobileSignalControllerImpl: isCurrentBySim()=false
04-16 15:58:34.015  7308  7308 I HwCustMobileSignalControllerImpl: updateDataType, mDataNetType: 13, isCAstate: false
04-16 15:58:34.016  7308  7308 D NetWorkUtils: mVSimCurCardType is -1
04-16 15:58:34.017  7308  7308 D NetWorkUtils: is3GCalling is false,mCdmaSlot is -1
04-16 15:58:34.017  7308  7308 D NetWorkUtils: mVSimCurCardType is -1
04-16 15:58:34.018  7308  7308 D NetWorkUtils: mVSimCurCardType is -1
04-16 15:58:34.018  7308  7308 D NetWorkUtils: is3GCalling is false,mCdmaSlot is -1
04-16 15:58:34.019  7308  7308 D NetWorkUtils: mVSimCurCardType is -1
04-16 15:58:34.531   668  1388 D libfingersense_wrapper: Calling fingersense_classify_touch()
04-16 15:58:34.535   668  1388 D libfingersense_wrapper: fingersense_classify_touch() finished
04-16 15:58:34.537   668  1119 D FingerprintActionsListener: touchDownIsValid MotionEvent.ACTION_DOWN 
04-16 15:58:34.538   668  1119 D FingerprintActionsListener: touchDownIsValidLazyMode = false  touchDownIsValidHiBoard = false
04-16 15:58:34.572   668  1388 D libfingersense_wrapper: Calling fingersense_touch_up()
04-16 15:58:34.573   668  1388 D libfingersense_wrapper: fingersense_touch_up() finished
04-16 15:58:34.577 27970 27970 V AudioManager: playSoundEffect   effectType: 0
04-16 15:58:34.581 27970 27970 D fixeh   : current stack is java.lang.SecurityException: 
04-16 15:58:34.581 27970 27970 D fixeh   : 	at com.keepassdroid.fileselect.FileSelectActivity.createFile(FileSelectActivity.java:97)
04-16 15:58:34.581 27970 27970 D fixeh   : 	at com.keepassdroid.fileselect.FileSelectActivity.access$000(FileSelectActivity.java:78)
04-16 15:58:34.581 27970 27970 D fixeh   : 	at com.keepassdroid.fileselect.FileSelectActivity$3.onClick(FileSelectActivity.java:215)
04-16 15:58:34.581 27970 27970 D fixeh   : 	at android.view.View.performClick(View.java:6291)
04-16 15:58:34.581 27970 27970 D fixeh   : 	at android.view.View$PerformClick.run(View.java:24931)
04-16 15:58:34.581 27970 27970 D fixeh   : 	at android.os.Handler.handleCallback(Handler.java:808)
04-16 15:58:34.581 27970 27970 D fixeh   : 	at android.os.Handler.dispatchMessage(Handler.java:101)
04-16 15:58:34.581 27970 27970 D fixeh   : 	at android.os.Looper.loop(Looper.java:166)
04-16 15:58:34.581 27970 27970 D fixeh   : 	at android.app.ActivityThread.main(ActivityThread.java:7529)
04-16 15:58:34.581 27970 27970 D fixeh   : 	at java.lang.reflect.Method.invoke(Native Method)
04-16 15:58:34.581 27970 27970 D fixeh   : 	at com.android.internal.os.Zygote$MethodAndArgsCaller.run(Zygote.java:245)
04-16 15:58:34.581 27970 27970 D fixeh   : 	at com.android.internal.os.ZygoteInit.main(ZygoteInit.java:921)
04-16 15:58:34.582 27970 27970 D fixeh   : stack is : com.keepassdroid.fileselect.FileSelectActivity.createFile(FileSelectActivity.java:97)
04-16 15:58:34.582 27970 27970 I fixeh   : XMLCONTROLLER::enteringjava.io.File: boolean exists()is filtered
04-16 15:58:34.583 27970 27970 D fixeh   : current stack is java.lang.SecurityException: 
04-16 15:58:34.583 27970 27970 D fixeh   : 	at com.keepassdroid.fileselect.FileSelectActivity.createFile(FileSelectActivity.java:105)
04-16 15:58:34.583 27970 27970 D fixeh   : 	at com.keepassdroid.fileselect.FileSelectActivity.access$000(FileSelectActivity.java:78)
04-16 15:58:34.583 27970 27970 D fixeh   : 	at com.keepassdroid.fileselect.FileSelectActivity$3.onClick(FileSelectActivity.java:215)
04-16 15:58:34.583 27970 27970 D fixeh   : 	at android.view.View.performClick(View.java:6291)
04-16 15:58:34.583 27970 27970 D fixeh   : 	at android.view.View$PerformClick.run(View.java:24931)
04-16 15:58:34.583 27970 27970 D fixeh   : 	at android.os.Handler.handleCallback(Handler.java:808)
04-16 15:58:34.583 27970 27970 D fixeh   : 	at android.os.Handler.dispatchMessage(Handler.java:101)
04-16 15:58:34.583 27970 27970 D fixeh   : 	at android.os.Looper.loop(Looper.java:166)
04-16 15:58:34.583 27970 27970 D fixeh   : 	at android.app.ActivityThread.main(ActivityThread.java:7529)
04-16 15:58:34.583 27970 27970 D fixeh   : 	at java.lang.reflect.Method.invoke(Native Method)
04-16 15:58:34.583 27970 27970 D fixeh   : 	at com.android.internal.os.Zygote$MethodAndArgsCaller.run(Zygote.java:245)
04-16 15:58:34.583 27970 27970 D fixeh   : 	at com.android.internal.os.ZygoteInit.main(ZygoteInit.java:921)
04-16 15:58:34.584 27970 27970 D fixeh   : stack is : com.keepassdroid.fileselect.FileSelectActivity.createFile(FileSelectActivity.java:105)
04-16 15:58:34.584 27970 27970 I fixeh   : XMLCONTROLLER::enteringjava.io.File: boolean exists()is filtered
04-16 15:58:34.585 27970 27970 D fixeh   : current stack is java.lang.SecurityException: 
04-16 15:58:34.585 27970 27970 D fixeh   : 	at com.keepassdroid.fileselect.FileSelectActivity.createFile(FileSelectActivity.java:107)
04-16 15:58:34.585 27970 27970 D fixeh   : 	at com.keepassdroid.fileselect.FileSelectActivity.access$000(FileSelectActivity.java:78)
04-16 15:58:34.585 27970 27970 D fixeh   : 	at com.keepassdroid.fileselect.FileSelectActivity$3.onClick(FileSelectActivity.java:215)
04-16 15:58:34.585 27970 27970 D fixeh   : 	at android.view.View.performClick(View.java:6291)
04-16 15:58:34.585 27970 27970 D fixeh   : 	at android.view.View$PerformClick.run(View.java:24931)
04-16 15:58:34.585 27970 27970 D fixeh   : 	at android.os.Handler.handleCallback(Handler.java:808)
04-16 15:58:34.585 27970 27970 D fixeh   : 	at android.os.Handler.dispatchMessage(Handler.java:101)
04-16 15:58:34.585 27970 27970 D fixeh   : 	at android.os.Looper.loop(Looper.java:166)
04-16 15:58:34.585 27970 27970 D fixeh   : 	at android.app.ActivityThread.main(ActivityThread.java:7529)
04-16 15:58:34.585 27970 27970 D fixeh   : 	at java.lang.reflect.Method.invoke(Native Method)
04-16 15:58:34.585 27970 27970 D fixeh   : 	at com.android.internal.os.Zygote$MethodAndArgsCaller.run(Zygote.java:245)
04-16 15:58:34.585 27970 27970 D fixeh   : 	at com.android.internal.os.ZygoteInit.main(ZygoteInit.java:921)
04-16 15:58:34.585 27970 27970 D fixeh   : stack is : com.keepassdroid.fileselect.FileSelectActivity.createFile(FileSelectActivity.java:107)
04-16 15:58:34.585 27970 27970 I fixeh   : XMLCONTROLLER::enteringjava.io.File: boolean isDirectory()is filtered
04-16 15:58:34.586 27970 27970 D fixeh   : current stack is java.lang.SecurityException: 
04-16 15:58:34.586 27970 27970 D fixeh   : 	at com.keepassdroid.fileselect.FileSelectActivity.createFile(FileSelectActivity.java:107)
04-16 15:58:34.586 27970 27970 D fixeh   : 	at com.keepassdroid.fileselect.FileSelectActivity.access$000(FileSelectActivity.java:78)
04-16 15:58:34.586 27970 27970 D fixeh   : 	at com.keepassdroid.fileselect.FileSelectActivity$3.onClick(FileSelectActivity.java:215)
04-16 15:58:34.586 27970 27970 D fixeh   : 	at android.view.View.performClick(View.java:6291)
04-16 15:58:34.586 27970 27970 D fixeh   : 	at android.view.View$PerformClick.run(View.java:24931)
04-16 15:58:34.586 27970 27970 D fixeh   : 	at android.os.Handler.handleCallback(Handler.java:808)
04-16 15:58:34.586 27970 27970 D fixeh   : 	at android.os.Handler.dispatchMessage(Handler.java:101)
04-16 15:58:34.586 27970 27970 D fixeh   : 	at android.os.Looper.loop(Looper.java:166)
04-16 15:58:34.586 27970 27970 D fixeh   : 	at android.app.ActivityThread.main(ActivityThread.java:7529)
04-16 15:58:34.586 27970 27970 D fixeh   : 	at java.lang.reflect.Method.invoke(Native Method)
04-16 15:58:34.586 27970 27970 D fixeh   : 	at com.android.internal.os.Zygote$MethodAndArgsCaller.run(Zygote.java:245)
04-16 15:58:34.586 27970 27970 D fixeh   : 	at com.android.internal.os.ZygoteInit.main(ZygoteInit.java:921)
04-16 15:58:34.587 27970 27970 D fixeh   : stack is : com.keepassdroid.fileselect.FileSelectActivity.createFile(FileSelectActivity.java:107)
04-16 15:58:34.587 27970 27970 I fixeh   : XMLCONTROLLER::enteringjava.io.File: boolean exists()is filtered
04-16 15:58:34.588 27970 27970 D fixeh   : current stack is java.io.IOException: 
04-16 15:58:34.588 27970 27970 D fixeh   : 	at com.keepassdroid.fileselect.FileSelectActivity.createFile(FileSelectActivity.java:119)
04-16 15:58:34.588 27970 27970 D fixeh   : 	at com.keepassdroid.fileselect.FileSelectActivity.access$000(FileSelectActivity.java:78)
04-16 15:58:34.588 27970 27970 D fixeh   : 	at com.keepassdroid.fileselect.FileSelectActivity$3.onClick(FileSelectActivity.java:215)
04-16 15:58:34.588 27970 27970 D fixeh   : 	at android.view.View.performClick(View.java:6291)
04-16 15:58:34.588 27970 27970 D fixeh   : 	at android.view.View$PerformClick.run(View.java:24931)
04-16 15:58:34.588 27970 27970 D fixeh   : 	at android.os.Handler.handleCallback(Handler.java:808)
04-16 15:58:34.588 27970 27970 D fixeh   : 	at android.os.Handler.dispatchMessage(Handler.java:101)
04-16 15:58:34.588 27970 27970 D fixeh   : 	at android.os.Looper.loop(Looper.java:166)
04-16 15:58:34.588 27970 27970 D fixeh   : 	at android.app.ActivityThread.main(ActivityThread.java:7529)
04-16 15:58:34.588 27970 27970 D fixeh   : 	at java.lang.reflect.Method.invoke(Native Method)
04-16 15:58:34.588 27970 27970 D fixeh   : 	at com.android.internal.os.Zygote$MethodAndArgsCaller.run(Zygote.java:245)
04-16 15:58:34.588 27970 27970 D fixeh   : 	at com.android.internal.os.ZygoteInit.main(ZygoteInit.java:921)
04-16 15:58:34.588 27970 27970 D fixeh   : stack is : com.keepassdroid.fileselect.FileSelectActivity.createFile(FileSelectActivity.java:119)
04-16 15:58:34.588 27970 27970 I fixeh   : XMLCONTROLLER::enteringjava.io.File: boolean createNewFile()is filtered
04-16 15:58:34.589 27970 27970 D fixeh   : current stack is java.lang.SecurityException: 
04-16 15:58:34.589 27970 27970 D fixeh   : 	at com.keepassdroid.fileselect.FileSelectActivity.createFile(FileSelectActivity.java:119)
04-16 15:58:34.589 27970 27970 D fixeh   : 	at com.keepassdroid.fileselect.FileSelectActivity.access$000(FileSelectActivity.java:78)
04-16 15:58:34.589 27970 27970 D fixeh   : 	at com.keepassdroid.fileselect.FileSelectActivity$3.onClick(FileSelectActivity.java:215)
04-16 15:58:34.589 27970 27970 D fixeh   : 	at android.view.View.performClick(View.java:6291)
04-16 15:58:34.589 27970 27970 D fixeh   : 	at android.view.View$PerformClick.run(View.java:24931)
04-16 15:58:34.589 27970 27970 D fixeh   : 	at android.os.Handler.handleCallback(Handler.java:808)
04-16 15:58:34.589 27970 27970 D fixeh   : 	at android.os.Handler.dispatchMessage(Handler.java:101)
04-16 15:58:34.589 27970 27970 D fixeh   : 	at android.os.Looper.loop(Looper.java:166)
04-16 15:58:34.589 27970 27970 D fixeh   : 	at android.app.ActivityThread.main(ActivityThread.java:7529)
04-16 15:58:34.589 27970 27970 D fixeh   : 	at java.lang.reflect.Method.invoke(Native Method)
04-16 15:58:34.589 27970 27970 D fixeh   : 	at com.android.internal.os.Zygote$MethodAndArgsCaller.run(Zygote.java:245)
04-16 15:58:34.589 27970 27970 D fixeh   : 	at com.android.internal.os.ZygoteInit.main(ZygoteInit.java:921)
04-16 15:58:34.589 27970 27970 D fixeh   : stack is : com.keepassdroid.fileselect.FileSelectActivity.createFile(FileSelectActivity.java:119)
04-16 15:58:34.589 27970 27970 I fixeh   : XMLCONTROLLER::enteringjava.io.File: boolean createNewFile()is filtered
04-16 15:58:34.623   808 24201 I NuPlayerDecoder: [audio] saw output EOS
04-16 15:58:34.704   808 24197 D AudioTrack: stop() called with 412672 frames delivered
04-16 15:58:34.738 27970 27970 D CubicBezierInterpolator: CubicBezierInterpolator  mControlPoint1x = 0.23, mControlPoint1y = 0.06, mControlPoint2x = 0.09, mControlPoint2y = 0.97
04-16 15:58:34.739 27970 27970 D CubicBezierInterpolator: CubicBezierInterpolator  mControlPoint1x = 0.6, mControlPoint1y = 0.9, mControlPoint2x = 0.8, mControlPoint2y = 1.0
04-16 15:58:34.739 27970 27970 D CubicBezierInterpolator: CubicBezierInterpolator  mControlPoint1x = 0.23, mControlPoint1y = 0.06, mControlPoint2x = 0.09, mControlPoint2y = 0.97
04-16 15:58:34.739 27970 27970 D CubicBezierInterpolator: CubicBezierInterpolator  mControlPoint1x = 0.6, mControlPoint1y = 0.9, mControlPoint2x = 0.8, mControlPoint2y = 1.0
04-16 15:58:34.750 27970 27970 D CubicBezierInterpolator: CubicBezierInterpolator  mControlPoint1x = 0.23, mControlPoint1y = 0.06, mControlPoint2x = 0.09, mControlPoint2y = 0.97
04-16 15:58:34.750 27970 27970 D CubicBezierInterpolator: CubicBezierInterpolator  mControlPoint1x = 0.6, mControlPoint1y = 0.9, mControlPoint2x = 0.8, mControlPoint2y = 1.0
04-16 15:58:34.751 27970 27970 D CubicBezierInterpolator: CubicBezierInterpolator  mControlPoint1x = 0.23, mControlPoint1y = 0.06, mControlPoint2x = 0.09, mControlPoint2y = 0.97
04-16 15:58:34.751 27970 27970 D CubicBezierInterpolator: CubicBezierInterpolator  mControlPoint1x = 0.6, mControlPoint1y = 0.9, mControlPoint2x = 0.8, mControlPoint2y = 1.0
04-16 15:58:34.759 27970 27970 D HwRTBlurUtils: check blur style for HwPhoneWindow, themeResId : 0x010302d7, context : android.view.ContextThemeWrapper@da6f31d, Nhwext : 0, get Blur : disable with , null
04-16 15:58:34.763 27970 27997 D OpenGLRenderer:   HWUI Binary is  enabled
04-16 15:58:34.768   668 14393 V WindowManager: Adding Window{c6f35fa u0 } to AppWindowToken{8c2cfbc token=Token{ce12faf ActivityRecord{f8c1b8e u0 com.android.keepass/com.keepassdroid.fileselect.FileSelectActivity t2199}}}
04-16 15:58:34.771   668 14393 V WindowManager: addWindow: New client android.os.BinderProxy@88e7025: window=Window{c6f35fa u0 } Callers=com.android.server.wm.HwWindowManagerService.addWindow:585 com.android.server.wm.Session.addToDisplay:199 android.view.IWindowSession$Stub.onTransact:124 com.android.server.wm.Session.onTransact:161 android.os.Binder.execTransact:675 
04-16 15:58:34.777 27970 27970 I PressGestureDetector: onAttached begin
04-16 15:58:34.778 27970 27970 I PressGestureDetector: onAttached end
04-16 15:58:34.779 27970 28027 I PressGestureDetector: enabledInPad = false,isPcCastMode = false
04-16 15:58:34.793   668 14393 W WindowManager: EGLdebug Created surface WindowStateAnimator{72857ab }
04-16 15:58:34.803 27970 27997 D mali_winsys: EGLint new_window_surface(egl_winsys_display *, void *, EGLSurface, EGLConfig, egl_winsys_surface **, egl_color_buffer_format *, EGLBoolean) returns 0x3000
04-16 15:58:34.808   689   689 I GRALLOC : 	 shrFd=10,fmt=0x1,intFmt=0x200000001,btStrd=5120,size=3579904,pid=689 
04-16 15:58:34.808   689   689 I GRALLOC : 	 yuv=2,w=1218,h=675,Stride u=0 v=0,offset u=0 v=0 
04-16 15:58:34.808   689   689 I GRALLOC : 	 iova_size=3579904,conUsg=0x900,proUsg=0x900,	 strd=1280,[afbc]HdrStrd=1280 PyldStrd=81920 Scrmbl=2,ionhnd = 1 
04-16 15:58:34.810   689   689 I GRALLOC : 	 shrFd=10,fmt=0x1,intFmt=0x200000001,btStrd=5120,size=3579904,pid=689 
04-16 15:58:34.810   689   689 I GRALLOC : 	 yuv=2,w=1218,h=675,Stride u=0 v=0,offset u=0 v=0 
04-16 15:58:34.810   689   689 I GRALLOC : 	 iova_size=3579904,conUsg=0x900,proUsg=0x900,	 strd=1280,[afbc]HdrStrd=1280 PyldStrd=81920 Scrmbl=2,ionhnd = 1 
04-16 15:58:34.814 27970 27997 D OpenGLRenderer:   HWUI Binary is  enabled
04-16 15:58:34.814   689   689 I GRALLOC : 	 shrFd=10,fmt=0x1,intFmt=0x200000001,btStrd=5120,size=3579904,pid=689 
04-16 15:58:34.814   689   689 I GRALLOC : 	 yuv=2,w=1218,h=675,Stride u=0 v=0,offset u=0 v=0 
04-16 15:58:34.814   689   689 I GRALLOC : 	 iova_size=3579904,conUsg=0x900,proUsg=0x900,	 strd=1280,[afbc]HdrStrd=1280 PyldStrd=81920 Scrmbl=2,ionhnd = 1 
04-16 15:58:34.821   689   689 I GRALLOC : 	 shrFd=10,fmt=0x1,intFmt=0x200000001,btStrd=5120,size=3579904,pid=689 
04-16 15:58:34.821   689   689 I GRALLOC : 	 yuv=2,w=1218,h=675,Stride u=0 v=0,offset u=0 v=0 
04-16 15:58:34.821   689   689 I GRALLOC : 	 iova_size=3579904,conUsg=0xb00,proUsg=0xb00,	 strd=1280,[afbc]HdrStrd=1280 PyldStrd=81920 Scrmbl=2,ionhnd = 1 
04-16 15:58:34.828   823  1052 W JankService: processEntry, not beta version or commercial log off
04-16 15:58:34.837  1837  2313 I ash     : perform delay action: ctrip.android.view
04-16 15:58:34.840   816   864 I Pged-IPgedBinderService: ****action is 1, pid num is 6***
04-16 15:58:34.840   816   864 I Pged-Freezer: freezePids
04-16 15:58:34.840   816   864 I Pged-Freezer: freezePids pid 23775 binder called 5 ms ago by 808, ignor it:0
04-16 15:58:34.840  1837  2313 W PgedBinderAdapter: frz failed pid: [23775, 22977, 23896, 22669, 23650]
04-16 15:58:34.841  1837  2313 I ash     : Freeze ctrip.android.view Fail !
04-16 15:58:34.841  1837  2313 I ash     : perform delay action fail, retry later: ctrip.android.view
04-16 15:58:34.852   668 14393 D WindowManager: finishDrawingWindow: Window{c6f35fa u0 } mDrawState=DRAW_PENDING
04-16 15:58:34.877   689   689 I GRALLOC : 	 shrFd=10,fmt=0x1,intFmt=0x200000001,btStrd=5120,size=3579904,pid=689 
04-16 15:58:34.877   689   689 I GRALLOC : 	 yuv=2,w=1218,h=675,Stride u=0 v=0,offset u=0 v=0 
04-16 15:58:34.877   689   689 I GRALLOC : 	 iova_size=3579904,conUsg=0xb00,proUsg=0xb00,	 strd=1280,[afbc]HdrStrd=1280 PyldStrd=81920 Scrmbl=2,ionhnd = 1 
04-16 15:58:34.901   689   689 I GRALLOC : 	 shrFd=10,fmt=0x1,intFmt=0x200000001,btStrd=5120,size=3579904,pid=689 
04-16 15:58:34.901   689   689 I GRALLOC : 	 yuv=2,w=1218,h=675,Stride u=0 v=0,offset u=0 v=0 
04-16 15:58:34.901   689   689 I GRALLOC : 	 iova_size=3579904,conUsg=0xb00,proUsg=0xb00,	 strd=1280,[afbc]HdrStrd=1280 PyldStrd=81920 Scrmbl=2,ionhnd = 1 
04-16 15:58:34.938 27970 27970 D HwRTBlurUtils: check blur style for HwPhoneWindow, themeResId : 0x010302d6, context : android.view.ContextThemeWrapper@ef96f, Nhwext : 0, get Blur : disable with , null
04-16 15:58:34.971 27970 27997 D OpenGLRenderer:   HWUI Binary is  enabled
04-16 15:58:34.975   668 14393 V WindowManager: Adding Window{b92c387 u0 } to AppWindowToken{8c2cfbc token=Token{ce12faf ActivityRecord{f8c1b8e u0 com.android.keepass/com.keepassdroid.fileselect.FileSelectActivity t2199}}}
04-16 15:58:34.982   668 14393 V WindowManager: addWindow: New client android.os.BinderProxy@56ab7c6: window=Window{b92c387 u0 } Callers=com.android.server.wm.HwWindowManagerService.addWindow:585 com.android.server.wm.Session.addToDisplay:199 android.view.IWindowSession$Stub.onTransact:124 com.android.server.wm.Session.onTransact:161 android.os.Binder.execTransact:675 
04-16 15:58:34.991 27970 27970 I PressGestureDetector: onAttached begin
04-16 15:58:34.993 27970 27970 I PressGestureDetector: onAttached end
04-16 15:58:34.997 27970 28028 I PressGestureDetector: enabledInPad = false,isPcCastMode = false
04-16 15:58:35.021  7308  7473 D NetworkController.MobileSignalController(1): mSimSubId:1 onDataActivity: direction=0
04-16 15:58:35.028  7308  7308 D HwCustMobileSignalControllerImpl: sub =1,strMccMnc =null,hashMccMnc =[],strPlmn =hw_customized_networkType_entry
04-16 15:58:35.029  7308  7308 D HwCustMobileSignalControllerImpl: isCurrentBySim()=false
04-16 15:58:35.029  7308  7308 D HwCustMobileSignalControllerImpl: sub =1,strMccMnc =null,hashMccMnc =[],strPlmn =hw_mcc_mnc
04-16 15:58:35.029  7308  7308 D HwCustMobileSignalControllerImpl: isCurrentBySim()=false
04-16 15:58:35.029  7308  7308 D HwCustMobileSignalControllerImpl: sub =1,strMccMnc =null,hashMccMnc =[],strPlmn =hw_show_4g
04-16 15:58:35.029  7308  7308 D HwCustMobileSignalControllerImpl: isCurrentBySim()=false
04-16 15:58:35.029  7308  7308 D HwCustMobileSignalControllerImpl: sub =1,strMccMnc =null,hashMccMnc =[],strPlmn =hw_show_lte
04-16 15:58:35.029  7308  7308 D HwCustMobileSignalControllerImpl: isCurrentBySim()=false
04-16 15:58:35.029  7308  7308 D HwCustMobileSignalControllerImpl: sub =1,strMccMnc =null,hashMccMnc =[],strPlmn =hw_hspap_show_4g
04-16 15:58:35.029  7308  7308 D HwCustMobileSignalControllerImpl: isCurrentBySim()=false
04-16 15:58:35.029  7308  7308 D HwCustMobileSignalControllerImpl: sub =1,strMccMnc =null,hashMccMnc =[],strPlmn =hw_show_4_5G_for_mcc
04-16 15:58:35.029  7308  7308 D HwCustMobileSignalControllerImpl: isCurrentBySim()=false
04-16 15:58:35.029  7308  7308 D HwCustMobileSignalControllerImpl: sub =1,strMccMnc =null,hashMccMnc =[],strPlmn =hw_show_4g_to_4_5g_ca
04-16 15:58:35.029  7308  7308 D HwCustMobileSignalControllerImpl: isCurrentBySim()=false
04-16 15:58:35.031  7308  7308 D HwCustMobileSignalControllerImpl: sub =1,strMccMnc =null,hashMccMnc =[],strPlmn =hw_hspa_show_3g
04-16 15:58:35.031  7308  7308 D HwCustMobileSignalControllerImpl: isCurrentBySim()=false
04-16 15:58:35.032  7308  7308 D HwCustMobileSignalControllerImpl: sub =1,strMccMnc =null,hashMccMnc =[],strPlmn =hw_show_4g_LTE_for_mccmnc
04-16 15:58:35.032  7308  7308 D HwCustMobileSignalControllerImpl: isCurrentBySim()=false
04-16 15:58:35.032  7308  7308 D HwCustMobileSignalControllerImpl: sub =1,strMccMnc =null,hashMccMnc =[],strPlmn =hw_show_4g_to_4g_LTE_ca
04-16 15:58:35.032  7308  7308 D HwCustMobileSignalControllerImpl: isCurrentBySim()=false
04-16 15:58:35.032  7308  7308 I HwCustMobileSignalControllerImpl: updateDataType, mDataNetType: 13, isCAstate: false
04-16 15:58:35.035  7308  7308 D NetWorkUtils: mVSimCurCardType is -1
04-16 15:58:35.039  7308  7308 D NetWorkUtils: is3GCalling is false,mCdmaSlot is -1
04-16 15:58:35.041  7308  7308 D NetWorkUtils: mVSimCurCardType is -1
04-16 15:58:35.046  7308  7308 D NetWorkUtils: mVSimCurCardType is -1
04-16 15:58:35.046  7308  7308 D NetWorkUtils: is3GCalling is false,mCdmaSlot is -1
04-16 15:58:35.047  7308  7308 D NetWorkUtils: mVSimCurCardType is -1
04-16 15:58:35.061   668  5506 W WindowManager: EGLdebug Created surface WindowStateAnimator{64a8a52 }
04-16 15:58:35.080   808 24198 I NuPlayerDecoder: [video] saw output EOS
04-16 15:58:35.092   689   689 I GRALLOC : 	 shrFd=10,fmt=0x1,intFmt=0x200000001,btStrd=4608,size=4644864,pid=689 
04-16 15:58:35.092   689   689 I GRALLOC : 	 yuv=2,w=1152,h=979,Stride u=0 v=0,offset u=0 v=0 
04-16 15:58:35.092   689   689 I GRALLOC : 	 iova_size=4644864,conUsg=0x900,proUsg=0x900,	 strd=1152,[afbc]HdrStrd=1152 PyldStrd=73728 Scrmbl=2,ionhnd = 1 
04-16 15:58:35.097   689   689 I chatty  : uid=1000(system) allocator@2.0-s identical 1 line
04-16 15:58:35.101   689   689 I GRALLOC : 	 shrFd=10,fmt=0x1,intFmt=0x200000001,btStrd=4608,size=4644864,pid=689 
04-16 15:58:35.101   689   689 I GRALLOC : 	 yuv=2,w=1152,h=979,Stride u=0 v=0,offset u=0 v=0 
04-16 15:58:35.101   689   689 I GRALLOC : 	 iova_size=4644864,conUsg=0x900,proUsg=0x900,	 strd=1152,[afbc]HdrStrd=1152 PyldStrd=73728 Scrmbl=2,ionhnd = 1 
04-16 15:58:35.103 27970 27997 D mali_winsys: EGLint new_window_surface(egl_winsys_display *, void *, EGLSurface, EGLConfig, egl_winsys_surface **, egl_color_buffer_format *, EGLBoolean) returns 0x3000
04-16 15:58:35.118   823  1052 W JankService: processEntry, not beta version or commercial log off
04-16 15:58:35.134 27970 27997 W libEGL  : EGLNativeWindowType 0x719ed0a010 disconnect failed
04-16 15:58:35.140   668 14393 V WindowManager: removeIfPossible: Window{c6f35fa u0 } callers=com.android.server.wm.WindowState.removeIfPossible:1914 com.android.server.wm.WindowManagerService.removeWindow:2040 com.android.server.wm.Session.remove:218 android.view.IWindowSession$Stub.onTransact:242 com.android.server.wm.Session.onTransact:161 
04-16 15:58:35.144   668 14393 V WindowManager: Not removing Window{c6f35fa u0  EXITING} due to exit animation 
04-16 15:58:35.174   689   689 I GRALLOC : 	 shrFd=10,fmt=0x1,intFmt=0x200000001,btStrd=4608,size=4644864,pid=689 
04-16 15:58:35.174   689   689 I GRALLOC : 	 yuv=2,w=1152,h=979,Stride u=0 v=0,offset u=0 v=0 
04-16 15:58:35.174   689   689 I GRALLOC : 	 iova_size=4644864,conUsg=0xb00,proUsg=0xb00,	 strd=1152,[afbc]HdrStrd=1152 PyldStrd=73728 Scrmbl=2,ionhnd = 1 
04-16 15:58:35.180   791  1237 I AudioTrackShared: server obtain null buf part1:0 rear:57774080 front:57774080 mFrameCount:22050
04-16 15:58:35.204   808 24187 V NuPlayer: reached video EOS
04-16 15:58:35.209   668 14393 D WindowManager: finishDrawingWindow: Window{b92c387 u0 } mDrawState=DRAW_PENDING
04-16 15:58:35.216 27970 27997 D OpenGLRenderer:   HWUI Binary is  enabled
04-16 15:58:35.218 27970 27970 W InputMethodManager: startInputReason = 1
04-16 15:58:35.220   668 14393 D HwSecImmHelper: isPasswordInputType = true, inputType = 129
04-16 15:58:35.220   668 14393 D HwInputMethodManagerService: windowGainedFocus  isPasswordType(attribute) = true
04-16 15:58:35.242   823  1052 W JankService: processEntry, not beta version or commercial log off
04-16 15:58:35.246  1837  1966 I DeviceMonitor: last release audio mix uid:10723 pid:-2
04-16 15:58:35.247   808 24187 V NuPlayer: reached audio EOS
04-16 15:58:35.247   808 24187 D NuPlayerDriver: notifyListener_l(0xf26b33b0), (2, 0, 0, -1), loop setting(0, 1)
04-16 15:58:35.247   791   791 I APM_AudioPolicyManager: startOutput() output 13, stream 3, session 9817
04-16 15:58:35.247   791   791 D APM_AudioPolicyManager: event 164
04-16 15:58:35.249   697  3638 E baidu_asr_interface: asr_baidu_set_parameters_data-not baidu asr
04-16 15:58:35.250   791   791 V APM_AudioPolicyManager: setBeaconMute(1) mBeaconMuteRefCount=2 mBeaconPlayingRefCount=0
04-16 15:58:35.250   791   791 V APM_AudioPolicyManager: selectOutputForMusicEffects activeOnly 1 outputs[0] flags 0x00000002
04-16 15:58:35.250   791   791 V APM_AudioPolicyManager: selectOutputForMusicEffects selected output 13
04-16 15:58:35.251  1837  1966 I AudioState: audio start sessionId: 9817 refCount: 2
04-16 15:58:35.251  1837  1966 I PGServer: report state:2 event type:1 pid:23775 uid:10723 pkg:null to pid: 1837
04-16 15:58:35.251  1837  1966 I PGServer: report state:2 event type:1 pid:23775 uid:10723 pkg:null to pid: 668
04-16 15:58:35.252   876  1093 W libc    : Set property "ril.hw_modem0.rssi" to "-87"
04-16 15:58:35.252  1837  1966 D AudioState: auido type:out state:start pid:23775 uid:10723
04-16 15:58:35.252   697 16338 E baidu_asr_interface: asr_baidu_set_parameters_data-not baidu asr
04-16 15:58:35.252   697 16338 I audio_custom: set_hifi_high_perform: hifi_highperform_enable off.
04-16 15:58:35.255   791  1022 I APM_AudioPolicyManager: stopOutput() output 13, stream 3, session 9817
04-16 15:58:35.255   791   791 I AudioTrackShared: server obtain null buf part1:0 rear:57774080 front:57774080 mFrameCount:22050
04-16 15:58:35.257   697 16338 E baidu_asr_interface: asr_baidu_set_parameters_data-not baidu asr
04-16 15:58:35.258   808 24187 V NuPlayer: kWhatSeek seekTimeUs=0 us, mode=0, needNotify=0
04-16 15:58:35.258   808 24187 I NuPlayer: NuPlayer::canSeek,mSourceFlags = 15 
04-16 15:58:35.258   808 24187 V NuPlayer: performDecoderFlush audio=1, video=1
04-16 15:58:35.258   808 24187 V NuPlayer: [audio] flushDecoder needShutdown=0
04-16 15:58:35.258   808 24187 V NuPlayer: [video] flushDecoder needShutdown=0
04-16 15:58:35.258   808 24187 V NuPlayer: postponing action mFlushingAudio=1, mFlushingVideo=1
04-16 15:58:35.259   791  1022 D APM_AudioPolicyManager: event 165
04-16 15:58:35.259   791  1022 V APM_AudioPolicyManager: setBeaconMute(1) mBeaconMuteRefCount=1 mBeaconPlayingRefCount=0
04-16 15:58:35.259   815 24204 D HISI_OMXVDEC: Command to flush port -1
04-16 15:58:35.260   815 24208 D HISI_OMXVDEC: Flush port 0 done.
04-16 15:58:35.260   815 24208 D HISI_OMXVDEC: Flush port 1 done.
04-16 15:58:35.260   697 16338 E baidu_asr_interface: asr_baidu_set_parameters_data-not baidu asr
04-16 15:58:35.260   697 16338 I audio_custom: set_hifi_high_perform: hifi_highperform_enable off.
04-16 15:58:35.261   808 24187 V NuPlayer: renderer video flush completed.
04-16 15:58:35.262   808 24187 V NuPlayer: decoder video flush completed
04-16 15:58:35.263   808 24187 V NuPlayer: decoder audio flush completed
04-16 15:58:35.269   791  1022 V APM_AudioPolicyManager: selectOutputForMusicEffects activeOnly 1 outputs[0] flags 0x00000002
04-16 15:58:35.269   791  1022 V APM_AudioPolicyManager: selectOutputForMusicEffects selected output 13
04-16 15:58:35.277   808 24187 V NuPlayer: renderer audio flush completed.
04-16 15:58:35.277   808 24187 V NuPlayer: both audio and video are flushed now.
04-16 15:58:35.277   808 24187 V NuPlayer: performSeek seekTimeUs=0 us (0.00 secs), mode=0
04-16 15:58:35.277   808 24187 I NuPlayer: performSeek before, mIsSeeking should to change to false
04-16 15:58:35.281   791  1237 I AudioTrackShared: server obtain null buf part1:0 rear:57774080 front:57774080 mFrameCount:22050
04-16 15:58:35.286  9852  9959 W libEGL  : EGLNativeWindowType 0xc5f7f008 disconnect failed
04-16 15:58:35.288  1837  1966 I AudioState: not stop audio pid: 23775 session: 9817 refCount:1
04-16 15:58:35.294   808 24198 I NuPlayerDecoder: [OMX.hisi.video.decoder.avc] resubmitting CSD
04-16 15:58:35.294   808 24198 I NuPlayerDecoder: [OMX.hisi.video.decoder.avc] resubmitting CSD
04-16 15:58:35.295  1850  1850 W libc    : Set property "gsm.rssi.sim2" to "-87"
04-16 15:58:35.295   815  9264 I HISI_OMXVDEC: flush mAnchorTimeUs = 0, pBufHdr->nTimeStamp = 0
04-16 15:58:35.295   808 24201 I NuPlayerDecoder: [OMX.google.aac.decoder] resubmitting CSD
04-16 15:58:35.296   815 24209 I SoftAAC2: Initially configuring decoder: 44100 Hz, 1 channels
04-16 15:58:35.300   668 13845 V WindowManager: removeIfPossible: Window{1379fec u0 PopupWindow:e9384dd} callers=com.android.server.wm.WindowState.removeIfPossible:1914 com.android.server.wm.WindowManagerService.removeWindow:2040 com.android.server.wm.Session.remove:218 android.view.IWindowSession$Stub.onTransact:242 com.android.server.wm.Session.onTransact:161 
04-16 15:58:35.304   668 13845 I WindowManager: Destroying surface Surface(name=PopupWindow:e9384dd) called by com.android.server.wm.WindowStateAnimator.destroySurface:2089 com.android.server.wm.WindowStateAnimator.destroySurfaceLocked:899 com.android.server.wm.HwWindowStateAnimator.destroySurfaceLocked:1006 com.android.server.wm.WindowState.removeImmediately:1899 com.android.server.wm.WindowState.removeIfPossible:2051 com.android.server.wm.WindowState.removeIfPossible:1914 com.android.server.wm.WindowManagerService.removeWindow:2040 com.android.server.wm.Session.remove:218 
04-16 15:58:35.305   668 13845 V WindowManager: postWindowRemoveCleanupLocked: Window{1379fec u0 PopupWindow:e9384dd}
04-16 15:58:35.305   668 13845 V WindowManager: Removing Window{1379fec u0 PopupWindow:e9384dd} from WindowToken{e0fdb32 android.os.Binder@88b7d8b}
04-16 15:58:35.314   808 24187 V NuPlayer: media rendering started
04-16 15:58:35.314   808 24187 D NuPlayerDriver: notifyListener_l(0xf26b33b0), (6, 0, 0, -1), loop setting(0, 1)
04-16 15:58:35.314   682   682 W /system/bin/hw/android.hidl.allocator@1.0-service: ashmem_create_region(32768) returning hidl_memory(0x774442c3c0, 32768)
04-16 15:58:35.315 23775 24186 D MediaPlayerNative: Message: Unknown MediaEventType(6), ext1=0, ext2=0x0
04-16 15:58:35.315 23775 24186 D MediaPlayerNative: [notify] : [1204] callback app listenerNotNull=1, send=1
04-16 15:58:35.315 23775 24186 D MediaPlayerNative: [notify] : [1216] callback application
04-16 15:58:35.318   682   682 W /system/bin/hw/android.hidl.allocator@1.0-service: ashmem_create_region(32768) returning hidl_memory(0x774442c3c0, 32768)
04-16 15:58:35.320   682   682 I chatty  : uid=1000(system) allocator@1.0-s identical 1 line
04-16 15:58:35.322   682   682 W /system/bin/hw/android.hidl.allocator@1.0-service: ashmem_create_region(32768) returning hidl_memory(0x774442c3c0, 32768)
04-16 15:58:35.333  9852  9852 I wangchen: SysInfo.getSysParam: orientation=1||config d=3.0,w=1080,h=1920||metrics d=3.0,w=1080,h=1920||sdk=26,bar_h=72
04-16 15:58:35.333  9852  9852 I KeymapLoader: w=1080 h=1920 ori=true appScale=3.3 s1=3.0
04-16 15:58:35.337  9852  9852 I KeymapLoader: appScale=3.3 selfScale=3.3 3.3
04-16 15:58:35.338   668 14393 V ActivityManager: startProcess: name=com.huawei.secime app=null knownToBeDead=true thread=null pid=-1
04-16 15:58:35.342   808 24201 I Utils   : vstride = 0,vsliceHeight = -308449200
04-16 15:58:35.347  9852  9852 I IFontSizeSetting: setCandParm getCandStyleParam success
04-16 15:58:35.347  9852  9852 I IFontSizeSetting: fontsize 60
04-16 15:58:35.347  9852  9852 I IFontSizeSetting: before fontDefSize 60 is DualCand false
04-16 15:58:35.347  9852  9852 I IFontSizeSetting: getFontSizePx 1 originalFontSize 60
04-16 15:58:35.347  9852  9852 I IFontSizeSetting: after fontDefSize 60
04-16 15:58:35.349   668  1363 V WindowManager: Exit animation finished in Window{c6f35fa u0  EXITING}: remove=true
04-16 15:58:35.349   668  1363 E WindowManager: win=Window{c6f35fa u0  EXITING} destroySurfaces: appStopped=false win.mWindowRemovalAllowed=true win.mRemoveOnExit=true
04-16 15:58:35.350   668  1363 I WindowManager: Destroying surface Surface(name=) called by com.android.server.wm.WindowStateAnimator.destroySurface:2089 com.android.server.wm.WindowStateAnimator.destroySurfaceLocked:899 com.android.server.wm.HwWindowStateAnimator.destroySurfaceLocked:1006 com.android.server.wm.WindowState.destroyOrSaveSurfaceUnchecked:2998 com.android.server.wm.WindowState.destroySurface:2951 com.android.server.wm.AppWindowToken.destroySurfaces:671 com.android.server.wm.AppWindowToken.destroySurfaces:655 com.android.server.wm.WindowState.onExitAnimationDone:4424 
04-16 15:58:35.352   668  1363 V WindowManager: postWindowRemoveCleanupLocked: Window{c6f35fa u0 }
04-16 15:58:35.352   668  1363 V WindowManager: Removing Window{c6f35fa u0 } from AppWindowToken{8c2cfbc token=Token{ce12faf ActivityRecord{f8c1b8e u0 com.android.keepass/com.keepassdroid.fileselect.FileSelectActivity t2199}}}
04-16 15:58:35.387   668 14393 I ActivityManager: Start proc 28030:com.huawei.secime/u0a60 for service com.huawei.secime/.SoftKeyboard
04-16 15:58:35.388   668 14393 V SecInputMethodManagerService: Adding window token: android.os.Binder@20111aa
04-16 15:58:35.389 28030 28030 I         : power log dlsym ok
04-16 15:58:35.394 28030 28030 I zygote64: Reinit property: dalvik.vm.checkjni= false
04-16 15:58:35.411 28030 28030 D ActivityThread: ActivityThread,attachApplication
04-16 15:58:35.412   668 13845 D ActivityManager: ActivityManagerService,attachApplication,callingPid = 28030
04-16 15:58:35.426   689   689 I GRALLOC : 	 shrFd=10,fmt=0x1,intFmt=0x200000001,btStrd=4608,size=4644864,pid=689 
04-16 15:58:35.426   689   689 I GRALLOC : 	 yuv=2,w=1152,h=979,Stride u=0 v=0,offset u=0 v=0 
04-16 15:58:35.426   689   689 I GRALLOC : 	 iova_size=4644864,conUsg=0xb00,proUsg=0xb00,	 strd=1152,[afbc]HdrStrd=1152 PyldStrd=73728 Scrmbl=2,ionhnd = 1 
04-16 15:58:35.444   668  5506 D WindowManager: finishDrawingWindow: Window{b92c387 u0 } mDrawState=HAS_DRAWN
04-16 15:58:35.455   823  1052 W JankService: processEntry, not beta version or commercial log off
04-16 15:58:35.463  9852  9852 I wangchen: ImeService.onEvaluateFullscreenMode: super function define fullscreen return false
04-16 15:58:35.464  9852  9852 I wangchen: com.baidu.bzo apply, has in db mode - false, is db mode - false
04-16 15:58:35.468   430   430 W /system/bin/hwservicemanager: Cannot open /odm/manifest.xml
04-16 15:58:35.509   430   430 W /system/bin/hwservicemanager: Cannot open /odm/manifest.xml
04-16 15:58:35.515   689   689 I GRALLOC : 	 shrFd=10,fmt=0x1,intFmt=0x1,btStrd=256,size=4096,pid=689 
04-16 15:58:35.515   689   689 I GRALLOC : 	 yuv=2,w=16,h=16,Stride u=0 v=0,offset u=0 v=0 
04-16 15:58:35.515   689   689 I GRALLOC : 	 iova_size=4096,conUsg=0x100,proUsg=0x100,	 strd=64,[afbc]HdrStrd=0 PyldStrd=0 Scrmbl=0,ionhnd = 1 
04-16 15:58:35.525 28030 28045 I HwApiCacheMangerEx: apicache mCurPackageName=com.huawei.secime uptimes=352031244
04-16 15:58:35.526 28030 28030 D HwFLClassLoader: get used feature list :/feature/used-list failed!
04-16 15:58:35.526 28030 28030 D HwFLClassLoader: USE_FEATURE_LIST had not init! 
04-16 15:58:35.527  9852  9852 I wangchen: ImeService.onEvaluateFullscreenMode: super function define fullscreen return false
04-16 15:58:35.529  9852  9852 I wangchen: ImeService.onEvaluateFullscreenMode: super function define fullscreen return false
04-16 15:58:35.532   689   689 I GRALLOC : 	 shrFd=10,fmt=0x1,intFmt=0x200000001,btStrd=4352,size=8204288,pid=689 
04-16 15:58:35.532   689   689 I GRALLOC : 	 yuv=2,w=1080,h=1848,Stride u=0 v=0,offset u=0 v=0 
04-16 15:58:35.532   689   689 I GRALLOC : 	 iova_size=8204288,conUsg=0xb00,proUsg=0xb00,	 strd=1088,[afbc]HdrStrd=1088 PyldStrd=69632 Scrmbl=2,ionhnd = 1 
04-16 15:58:35.533   823  1052 W JankService: processEntry, not beta version or commercial log off
04-16 15:58:35.537 28030 28045 I HwApiCacheMangerEx: apicache oUid null
04-16 15:58:35.538 28030 28045 I HwApiCacheMangerEx: apicache volumes null
04-16 15:58:35.540 28030 28045 I HwApiCacheMangerEx: apicache path=/storage/emulated/0 state=mounted key=com.huawei.secime#10060#256
04-16 15:58:35.540 28030 28045 I HwApiCacheMangerEx: apicache oUid 10060
04-16 15:58:35.540 28030 28045 I HwApiCacheMangerEx: apicache volumes null
04-16 15:58:35.541 28030 28045 I HwApiCacheMangerEx: apicache path=/storage/emulated/0 state=mounted key=com.huawei.secime#10060#0
04-16 15:58:35.541 28030 28045 I HwApiCacheMangerEx: apicache async read begin packageName=com.huawei.secime userid=0
04-16 15:58:35.541 28030 28045 I HwApiCacheMangerEx: apicache pi null
04-16 15:58:35.542   668 14393 W ActivityManager: Sending non-protected broadcast huawei.action.floattasks.IME_WINDOW_STATE_CHANGED from system 7308:com.android.systemui/u0a39 pkg com.android.systemui
04-16 15:58:35.544  3037  7823 D [HwRecSys]HwRecSysService: onEvent actionID: 10006 msg:null		
04-16 15:58:35.545 28030 28045 I HwApiCacheMangerEx: apicache pi null
04-16 15:58:35.547  9852  9852 I IFontSizeSetting: ImeService save2Core
04-16 15:58:35.548  9852  9852 I wangchen: log.save[: true], has in db mode - false, is db mode - false
04-16 15:58:35.548  9852  9852 I IFontSizeSetting: log save:default:1 select:3 isforce:true bufferSize:39
04-16 15:58:35.551 28030 28045 I HwApiCacheMangerEx: apicache pi null
04-16 15:58:35.553 28030 28045 I HwApiCacheMangerEx: apicache oUid null
04-16 15:58:35.553 28030 28030 I HwApiCacheMangerEx: apicache pi null
04-16 15:58:35.553 28030 28045 I HwApiCacheMangerEx: apicache async read finished packageName=com.huawei.secime userid=0 totalus=12399
04-16 15:58:35.560 28030 28030 E Minikin : Could not get cmap table size!
04-16 15:58:35.563 28030 28045 E MemoryLeakMonitorManager: MemoryLeakMonitor.jar is not exist!
04-16 15:58:35.564  1837  2376 I PGServer: report state:10006 event type:1 pid:0 uid:0 pkg:null to pid: 668
04-16 15:58:35.565 28030 28030 V HwWidgetFactory: : successes to get AllImpl object and return....
04-16 15:58:35.571 28030 28030 V HwPolicyFactory: : success to get AllImpl object and return....
04-16 15:58:35.571  9852  9959 W libEGL  : EGLNativeWindowType 0xc0235008 disconnect failed
04-16 15:58:35.574 28030 28030 I HwCust  : Constructor found for class android.app.HwCustHwWallpaperManagerImpl
04-16 15:58:35.574 28030 28030 D HwCust  : Create obj success use class android.app.HwCustHwWallpaperManagerImpl
04-16 15:58:35.576   668 13845 D CubicBezierInterpolator: CubicBezierInterpolator  mControlPoint1x = 0.4, mControlPoint1y = 0.7, mControlPoint2x = 0.65, mControlPoint2y = 1.0
04-16 15:58:35.629 28030 28030 D HwRTBlurUtils: check blur style for HwPhoneWindow, themeResId : 0x02060019, context : android.view.ContextThemeWrapper@2b282ef, Nhwext : 0, get Blur : disable with , null
04-16 15:58:35.630 28030 28030 D HwRTBlurUtils: check blur style for HwPhoneWindow, themeResId : 0x02060019, context : android.view.ContextThemeWrapper@2b282ef, Nhwext : 0, get Blur : disable with , null
04-16 15:58:35.633 28030 28030 W Settings: mValues not put! needsGenerationTracker: true currentGeneration: -1 name: fancy_ime_animations value: null
04-16 15:58:35.648 28030 28030 E SecIMESettings: getFocusedDisplayId []
04-16 15:58:35.649 28030 28030 E SecIMESettings: getFocusedDisplayId []
04-16 15:58:35.656 28030 28030 D java.lang.Class: accessibilityServices acquired
04-16 15:58:35.660 28030 28030 I chatty  : uid=10060(u0_a60) com.huawei.secime identical 1 line
04-16 15:58:35.663 28030 28030 D java.lang.Class: accessibilityServices acquired
04-16 15:58:35.674 27970 27970 W InputMethodManager: startInputReason = 5
04-16 15:58:35.731   689   689 I GRALLOC : 	 shrFd=10,fmt=0x1,intFmt=0x200000001,btStrd=4608,size=4644864,pid=689 
04-16 15:58:35.731   689   689 I GRALLOC : 	 yuv=2,w=1152,h=979,Stride u=0 v=0,offset u=0 v=0 
04-16 15:58:35.731   689   689 I GRALLOC : 	 iova_size=4644864,conUsg=0xb00,proUsg=0xb00,	 strd=1152,[afbc]HdrStrd=1152 PyldStrd=73728 Scrmbl=2,ionhnd = 1 
04-16 15:58:35.811   668  1363 V WindowManager: Exit animation finished in Window{c4a275d u0 InputMethod EXITING}: remove=false
04-16 15:58:35.829   668  1363 I WindowManager: Destroying surface Surface(name=InputMethod) called by com.android.server.wm.WindowStateAnimator.destroySurface:2089 com.android.server.wm.WindowStateAnimator.destroySurfaceLocked:899 com.android.server.wm.HwWindowStateAnimator.destroySurfaceLocked:1006 com.android.server.wm.WindowState.destroyOrSaveSurfaceUnchecked:2998 com.android.server.wm.RootWindowContainer.performSurfacePlacement:812 com.android.server.wm.WindowSurfacePlacer.performSurfacePlacementLoop:224 com.android.server.wm.WindowSurfacePlacer.performSurfacePlacement:166 com.android.server.wm.WindowSurfacePlacer.performSurfacePlacement:156 
04-16 15:58:35.964   668  6639 I MQoS    : MSG_QUERY_TCP_INFO called,count:2081
04-16 15:58:35.968   668   668 I HwQoEJNI: send_cmd_kernel. begin
04-16 15:58:35.968   668   668 I HwQoEJNI: send_cmd_kernel. end
04-16 15:58:35.968   668   668 I QosMonitor: postEventFromNative: msg=100,arg1=0,arg2=10
04-16 15:58:35.968   668   668 I MQoS    : rtt=9384,tcp_tx_pkts=75734,tcp_rx_pkts=105266
04-16 15:58:35.978   668  6639 I TrafficMonitor: getStatic,count:0,work status:false
04-16 15:58:35.978   668  6639 I MQoS    : QOS_level:5(5),use RAT:4G;signalLvl:5
04-16 15:58:36.022  7308  7473 D NetworkController.MobileSignalController(1): mSimSubId:1 onDataActivity: direction=3
04-16 15:58:36.037  7308  7308 D HwCustMobileSignalControllerImpl: sub =1,strMccMnc =null,hashMccMnc =[],strPlmn =hw_customized_networkType_entry
04-16 15:58:36.037  7308  7308 D HwCustMobileSignalControllerImpl: isCurrentBySim()=false
04-16 15:58:36.038  7308  7308 D HwCustMobileSignalControllerImpl: sub =1,strMccMnc =null,hashMccMnc =[],strPlmn =hw_mcc_mnc
04-16 15:58:36.038  7308  7308 D HwCustMobileSignalControllerImpl: isCurrentBySim()=false
