04-16 15:58:46.851 28076 28076 D fixeh   : 	at android.widget.TextView.sendAfterTextChanged(TextView.java:9605)
04-16 15:58:46.851 28076 28076 D fixeh   : 	at android.widget.TextView$ChangeWatcher.afterTextChanged(TextView.java:12270)
04-16 15:58:46.851 28076 28076 D fixeh   : 	at android.text.SpannableStringBuilder.sendAfterTextChanged(SpannableStringBuilder.java:1266)
04-16 15:58:46.851 28076 28076 D fixeh   : 	at android.text.SpannableStringBuilder.replace(SpannableStringBuilder.java:578)
04-16 15:58:46.851 28076 28076 D fixeh   : 	at android.text.SpannableStringBuilder.replace(SpannableStringBuilder.java:504)
04-16 15:58:46.851 28076 28076 D fixeh   : 	at android.text.SpannableStringBuilder.replace(SpannableStringBuilder.java:502)
04-16 15:58:46.851 28076 28076 D fixeh   : 	at android.view.inputmethod.BaseInputConnection.replaceText(BaseInputConnection.java:848)
04-16 15:58:46.851 28076 28076 D fixeh   : 	at android.view.inputmethod.BaseInputConnection.commitText(BaseInputConnection.java:197)
04-16 15:58:46.851 28076 28076 D fixeh   : 	at com.android.internal.widget.EditableInputConnection.commitText(EditableInputConnection.java:183)
04-16 15:58:46.851 28076 28076 D fixeh   : 	at com.android.internal.view.IInputConnectionWrapper.executeMessage(IInputConnectionWrapper.java:344)
04-16 15:58:46.851 28076 28076 D fixeh   : 	at com.android.internal.view.IInputConnectionWrapper$MyHandler.handleMessage(IInputConnectionWrapper.java:85)
04-16 15:58:46.851 28076 28076 D fixeh   : 	at android.os.Handler.dispatchMessage(Handler.java:108)
04-16 15:58:46.851 28076 28076 D fixeh   : 	at android.os.Looper.loop(Looper.java:166)
04-16 15:58:46.851 28076 28076 D fixeh   : 	at android.app.ActivityThread.main(ActivityThread.java:7529)
04-16 15:58:46.851 28076 28076 D fixeh   : 	at java.lang.reflect.Method.invoke(Native Method)
04-16 15:58:46.851 28076 28076 D fixeh   : 	at com.android.internal.os.Zygote$MethodAndArgsCaller.run(Zygote.java:245)
04-16 15:58:46.851 28076 28076 D fixeh   : 	at com.android.internal.os.ZygoteInit.main(ZygoteInit.java:921)
04-16 15:58:46.852 28076 28076 I fixeh   : XMLCONTROLLER::entering(6) android.hardware.fingerprint.FingerprintManager: boolean hasEnrolledFingerprints() with exception java.lang.RuntimeException and such exception entering(10)
04-16 15:58:46.852 28076 28076 I fixeh   : passing on android.hardware.fingerprint.FingerprintManager: boolean hasEnrolledFingerprints()
04-16 15:58:46.853   721   721 D SurfaceFlinger: InputMethod is present
04-16 15:58:46.870   721   721 D SurfaceFlinger: InputMethod is present
04-16 15:58:46.873  1837  2313 I ash     : perform delay action: ctrip.android.view
04-16 15:58:46.876   816   816 I Pged-IPgedBinderService: ****action is 1, pid num is 6***
04-16 15:58:46.877   816   816 I Pged-Freezer: freezePids
04-16 15:58:46.877   816   816 I Pged-Freezer: freezePids pid 23775 binder called 2 ms ago by 808, ignor it:0
04-16 15:58:46.877  1837  2313 W PgedBinderAdapter: frz failed pid: [23775, 22977, 23896, 22669, 23650]
04-16 15:58:46.877  1837  2313 I ash     : Freeze ctrip.android.view Fail !
04-16 15:58:46.877  1837  2313 I ash     : perform delay action fail, retry later: ctrip.android.view
04-16 15:58:46.888   721   721 D SurfaceFlinger: InputMethod is present
04-16 15:58:46.988   721   721 I chatty  : uid=1000(system) /system/bin/surfaceflinger identical 6 lines
04-16 15:58:47.005   721   721 D SurfaceFlinger: InputMethod is present
04-16 15:58:47.009   668  1388 D libfingersense_wrapper: Calling fingersense_classify_touch()
04-16 15:58:47.013   668  1388 D libfingersense_wrapper: fingersense_classify_touch() finished
04-16 15:58:47.016   668  1119 D FingerprintActionsListener: touchDownIsValid MotionEvent.ACTION_DOWN 
04-16 15:58:47.017   668  1119 D FingerprintActionsListener: touchDownIsValidLazyMode = false  touchDownIsValidHiBoard = false
04-16 15:58:47.022   721   721 D SurfaceFlinger: InputMethod is present
04-16 15:58:47.039   721   721 I chatty  : uid=1000(system) /system/bin/surfaceflinger identical 1 line
04-16 15:58:47.056   721   721 D SurfaceFlinger: InputMethod is present
04-16 15:58:47.059 28030 28050 D OpenGLRenderer:   HWUI Binary is  enabled
04-16 15:58:47.059   668  1388 D libfingersense_wrapper: Calling fingersense_touch_up()
04-16 15:58:47.059   668  1388 D libfingersense_wrapper: fingersense_touch_up() finished
04-16 15:58:47.064   668  1857 V WindowManager: Adding Window{15d6639 u0 PopupWindow:453d6a8} to Window{959395a u0 InputMethod}
04-16 15:58:47.068   668  1857 V WindowManager: addWindow: New client android.os.BinderProxy@584e00: window=Window{15d6639 u0 PopupWindow:453d6a8} Callers=com.android.server.wm.HwWindowManagerService.addWindow:585 com.android.server.wm.Session.addToDisplay:199 android.view.IWindowSession$Stub.onTransact:124 com.android.server.wm.Session.onTransact:161 android.os.Binder.execTransact:675 
04-16 15:58:47.073   721   721 D SurfaceFlinger: InputMethod is present
04-16 15:58:47.084 28076 28076 D fixeh   : current stack is java.lang.RuntimeException: 
04-16 15:58:47.084 28076 28076 D fixeh   : 	at android.support.v4.hardware.fingerprint.FingerprintManagerCompat.isHardwareDetected(FingerprintManagerCompat.java:78)
04-16 15:58:47.084 28076 28076 D fixeh   : 	at com.keepassdroid.fingerprint.FingerPrintHelper.isHardwareDetected(FingerPrintHelper.java:329)
04-16 15:58:47.084 28076 28076 D fixeh   : 	at com.keepassdroid.fingerprint.FingerPrintHelper.hasEnrolledFingerprints(FingerPrintHelper.java:334)
04-16 15:58:47.084 28076 28076 D fixeh   : 	at com.keepassdroid.fingerprint.FingerPrintHelper.isFingerprintInitialized(FingerPrintHelper.java:155)
04-16 15:58:47.084 28076 28076 D fixeh   : 	at com.keepassdroid.fingerprint.FingerPrintHelper.stopListening(FingerPrintHelper.java:94)
04-16 15:58:47.084 28076 28076 D fixeh   : 	at com.keepassdroid.PasswordActivity.toggleMode(PasswordActivity.java:397)
04-16 15:58:47.084 28076 28076 D fixeh   : 	at com.keepassdroid.PasswordActivity.access$500(PasswordActivity.java:81)
04-16 15:58:47.084 28076 28076 D fixeh   : 	at com.keepassdroid.PasswordActivity$2.afterTextChanged(PasswordActivity.java:319)
04-16 15:58:47.084 28076 28076 D fixeh   : 	at android.widget.TextView.sendAfterTextChanged(TextView.java:9605)
04-16 15:58:47.084 28076 28076 D fixeh   : 	at android.widget.TextView$ChangeWatcher.afterTextChanged(TextView.java:12270)
04-16 15:58:47.084 28076 28076 D fixeh   : 	at android.text.SpannableStringBuilder.sendAfterTextChanged(SpannableStringBuilder.java:1266)
04-16 15:58:47.084 28076 28076 D fixeh   : 	at android.text.SpannableStringBuilder.replace(SpannableStringBuilder.java:578)
04-16 15:58:47.084 28076 28076 D fixeh   : 	at android.text.SpannableStringBuilder.replace(SpannableStringBuilder.java:504)
04-16 15:58:47.084 28076 28076 D fixeh   : 	at android.text.SpannableStringBuilder.replace(SpannableStringBuilder.java:502)
04-16 15:58:47.084 28076 28076 D fixeh   : 	at android.view.inputmethod.BaseInputConnection.replaceText(BaseInputConnection.java:848)
04-16 15:58:47.084 28076 28076 D fixeh   : 	at android.view.inputmethod.BaseInputConnection.commitText(BaseInputConnection.java:197)
04-16 15:58:47.084 28076 28076 D fixeh   : 	at com.android.internal.widget.EditableInputConnection.commitText(EditableInputConnection.java:183)
04-16 15:58:47.084 28076 28076 D fixeh   : 	at com.android.internal.view.IInputConnectionWrapper.executeMessage(IInputConnectionWrapper.java:344)
04-16 15:58:47.084 28076 28076 D fixeh   : 	at com.android.internal.view.IInputConnectionWrapper$MyHandler.handleMessage(IInputConnectionWrapper.java:85)
04-16 15:58:47.084 28076 28076 D fixeh   : 	at android.os.Handler.dispatchMessage(Handler.java:108)
04-16 15:58:47.084 28076 28076 D fixeh   : 	at android.os.Looper.loop(Looper.java:166)
04-16 15:58:47.084 28076 28076 D fixeh   : 	at android.app.ActivityThread.main(ActivityThread.java:7529)
04-16 15:58:47.084 28076 28076 D fixeh   : 	at java.lang.reflect.Method.invoke(Native Method)
04-16 15:58:47.084 28076 28076 D fixeh   : 	at com.android.internal.os.Zygote$MethodAndArgsCaller.run(Zygote.java:245)
04-16 15:58:47.084 28076 28076 D fixeh   : 	at com.android.internal.os.ZygoteInit.main(ZygoteInit.java:921)
04-16 15:58:47.085 28076 28076 I fixeh   : XMLCONTROLLER::entering(8) android.hardware.fingerprint.FingerprintManager: boolean isHardwareDetected() with exception java.lang.RuntimeException and such exception entering(11)
04-16 15:58:47.085 28076 28076 I fixeh   : passing on android.hardware.fingerprint.FingerprintManager: boolean isHardwareDetected()
04-16 15:58:47.089 28076 28076 D fixeh   : current stack is java.lang.RuntimeException: 
04-16 15:58:47.089 28076 28076 D fixeh   : 	at android.support.v4.hardware.fingerprint.FingerprintManagerCompat.hasEnrolledFingerprints(FingerprintManagerCompat.java:63)
04-16 15:58:47.089 28076 28076 D fixeh   : 	at com.keepassdroid.fingerprint.FingerPrintHelper.hasEnrolledFingerprints(FingerPrintHelper.java:337)
04-16 15:58:47.089 28076 28076 D fixeh   : 	at com.keepassdroid.fingerprint.FingerPrintHelper.isFingerprintInitialized(FingerPrintHelper.java:155)
04-16 15:58:47.089 28076 28076 D fixeh   : 	at com.keepassdroid.fingerprint.FingerPrintHelper.stopListening(FingerPrintHelper.java:94)
04-16 15:58:47.089 28076 28076 D fixeh   : 	at com.keepassdroid.PasswordActivity.toggleMode(PasswordActivity.java:397)
04-16 15:58:47.089 28076 28076 D fixeh   : 	at com.keepassdroid.PasswordActivity.access$500(PasswordActivity.java:81)
04-16 15:58:47.089 28076 28076 D fixeh   : 	at com.keepassdroid.PasswordActivity$2.afterTextChanged(PasswordActivity.java:319)
04-16 15:58:47.089 28076 28076 D fixeh   : 	at android.widget.TextView.sendAfterTextChanged(TextView.java:9605)
04-16 15:58:47.089 28076 28076 D fixeh   : 	at android.widget.TextView$ChangeWatcher.afterTextChanged(TextView.java:12270)
04-16 15:58:47.089 28076 28076 D fixeh   : 	at android.text.SpannableStringBuilder.sendAfterTextChanged(SpannableStringBuilder.java:1266)
04-16 15:58:47.089 28076 28076 D fixeh   : 	at android.text.SpannableStringBuilder.replace(SpannableStringBuilder.java:578)
04-16 15:58:47.089 28076 28076 D fixeh   : 	at android.text.SpannableStringBuilder.replace(SpannableStringBuilder.java:504)
04-16 15:58:47.089 28076 28076 D fixeh   : 	at android.text.SpannableStringBuilder.replace(SpannableStringBuilder.java:502)
04-16 15:58:47.089 28076 28076 D fixeh   : 	at android.view.inputmethod.BaseInputConnection.replaceText(BaseInputConnection.java:848)
04-16 15:58:47.089 28076 28076 D fixeh   : 	at android.view.inputmethod.BaseInputConnection.commitText(BaseInputConnection.java:197)
04-16 15:58:47.089 28076 28076 D fixeh   : 	at com.android.internal.widget.EditableInputConnection.commitText(EditableInputConnection.java:183)
04-16 15:58:47.089 28076 28076 D fixeh   : 	at com.android.internal.view.IInputConnectionWrapper.executeMessage(IInputConnectionWrapper.java:344)
04-16 15:58:47.089 28076 28076 D fixeh   : 	at com.android.internal.view.IInputConnectionWrapper$MyHandler.handleMessage(IInputConnectionWrapper.java:85)
04-16 15:58:47.089 28076 28076 D fixeh   : 	at android.os.Handler.dispatchMessage(Handler.java:108)
04-16 15:58:47.089 28076 28076 D fixeh   : 	at android.os.Looper.loop(Looper.java:166)
04-16 15:58:47.089 28076 28076 D fixeh   : 	at android.app.ActivityThread.main(ActivityThread.java:7529)
04-16 15:58:47.089 28076 28076 D fixeh   : 	at java.lang.reflect.Method.invoke(Native Method)
04-16 15:58:47.089 28076 28076 D fixeh   : 	at com.android.internal.os.Zygote$MethodAndArgsCaller.run(Zygote.java:245)
04-16 15:58:47.089 28076 28076 D fixeh   : 	at com.android.internal.os.ZygoteInit.main(ZygoteInit.java:921)
04-16 15:58:47.090   721   721 D SurfaceFlinger: InputMethod is present
04-16 15:58:47.090 28076 28076 I fixeh   : XMLCONTROLLER::entering(7) android.hardware.fingerprint.FingerprintManager: boolean hasEnrolledFingerprints() with exception java.lang.RuntimeException and such exception entering(12)
04-16 15:58:47.090 28076 28076 I fixeh   : passing on android.hardware.fingerprint.FingerprintManager: boolean hasEnrolledFingerprints()
04-16 15:58:47.094 28076 28076 D fixeh   : current stack is java.lang.RuntimeException: 
04-16 15:58:47.094 28076 28076 D fixeh   : 	at android.support.v4.hardware.fingerprint.FingerprintManagerCompat.isHardwareDetected(FingerprintManagerCompat.java:78)
04-16 15:58:47.094 28076 28076 D fixeh   : 	at com.keepassdroid.fingerprint.FingerPrintHelper.isHardwareDetected(FingerPrintHelper.java:329)
04-16 15:58:47.094 28076 28076 D fixeh   : 	at com.keepassdroid.fingerprint.FingerPrintHelper.hasEnrolledFingerprints(FingerPrintHelper.java:334)
04-16 15:58:47.094 28076 28076 D fixeh   : 	at com.keepassdroid.fingerprint.FingerPrintHelper.isFingerprintInitialized(FingerPrintHelper.java:155)
04-16 15:58:47.094 28076 28076 D fixeh   : 	at com.keepassdroid.fingerprint.FingerPrintHelper.startListening(FingerPrintHelper.java:71)
04-16 15:58:47.094 28076 28076 D fixeh   : 	at com.keepassdroid.PasswordActivity.toggleMode(PasswordActivity.java:398)
04-16 15:58:47.094 28076 28076 D fixeh   : 	at com.keepassdroid.PasswordActivity.access$500(PasswordActivity.java:81)
04-16 15:58:47.094 28076 28076 D fixeh   : 	at com.keepassdroid.PasswordActivity$2.afterTextChanged(PasswordActivity.java:319)
04-16 15:58:47.094 28076 28076 D fixeh   : 	at android.widget.TextView.sendAfterTextChanged(TextView.java:9605)
04-16 15:58:47.094 28076 28076 D fixeh   : 	at android.widget.TextView$ChangeWatcher.afterTextChanged(TextView.java:12270)
04-16 15:58:47.094 28076 28076 D fixeh   : 	at android.text.SpannableStringBuilder.sendAfterTextChanged(SpannableStringBuilder.java:1266)
04-16 15:58:47.094 28076 28076 D fixeh   : 	at android.text.SpannableStringBuilder.replace(SpannableStringBuilder.java:578)
04-16 15:58:47.094 28076 28076 D fixeh   : 	at android.text.SpannableStringBuilder.replace(SpannableStringBuilder.java:504)
04-16 15:58:47.094 28076 28076 D fixeh   : 	at android.text.SpannableStringBuilder.replace(SpannableStringBuilder.java:502)
04-16 15:58:47.094 28076 28076 D fixeh   : 	at android.view.inputmethod.BaseInputConnection.replaceText(BaseInputConnection.java:848)
04-16 15:58:47.094 28076 28076 D fixeh   : 	at android.view.inputmethod.BaseInputConnection.commitText(BaseInputConnection.java:197)
04-16 15:58:47.094 28076 28076 D fixeh   : 	at com.android.internal.widget.EditableInputConnection.commitText(EditableInputConnection.java:183)
04-16 15:58:47.094 28076 28076 D fixeh   : 	at com.android.internal.view.IInputConnectionWrapper.executeMessage(IInputConnectionWrapper.java:344)
04-16 15:58:47.094 28076 28076 D fixeh   : 	at com.android.internal.view.IInputConnectionWrapper$MyHandler.handleMessage(IInputConnectionWrapper.java:85)
04-16 15:58:47.094 28076 28076 D fixeh   : 	at android.os.Handler.dispatchMessage(Handler.java:108)
04-16 15:58:47.094 28076 28076 D fixeh   : 	at android.os.Looper.loop(Looper.java:166)
04-16 15:58:47.094 28076 28076 D fixeh   : 	at android.app.ActivityThread.main(ActivityThread.java:7529)
04-16 15:58:47.094 28076 28076 D fixeh   : 	at java.lang.reflect.Method.invoke(Native Method)
04-16 15:58:47.094 28076 28076 D fixeh   : 	at com.android.internal.os.Zygote$MethodAndArgsCaller.run(Zygote.java:245)
04-16 15:58:47.094 28076 28076 D fixeh   : 	at com.android.internal.os.ZygoteInit.main(ZygoteInit.java:921)
04-16 15:58:47.096 28076 28076 I fixeh   : XMLCONTROLLER::entering(9) android.hardware.fingerprint.FingerprintManager: boolean isHardwareDetected() with exception java.lang.RuntimeException and such exception entering(13)
04-16 15:58:47.096 28076 28076 I fixeh   : passing on android.hardware.fingerprint.FingerprintManager: boolean isHardwareDetected()
04-16 15:58:47.099 28076 28076 D fixeh   : current stack is java.lang.RuntimeException: 
04-16 15:58:47.099 28076 28076 D fixeh   : 	at android.support.v4.hardware.fingerprint.FingerprintManagerCompat.hasEnrolledFingerprints(FingerprintManagerCompat.java:63)
04-16 15:58:47.099 28076 28076 D fixeh   : 	at com.keepassdroid.fingerprint.FingerPrintHelper.hasEnrolledFingerprints(FingerPrintHelper.java:337)
04-16 15:58:47.099 28076 28076 D fixeh   : 	at com.keepassdroid.fingerprint.FingerPrintHelper.isFingerprintInitialized(FingerPrintHelper.java:155)
04-16 15:58:47.099 28076 28076 D fixeh   : 	at com.keepassdroid.fingerprint.FingerPrintHelper.startListening(FingerPrintHelper.java:71)
04-16 15:58:47.099 28076 28076 D fixeh   : 	at com.keepassdroid.PasswordActivity.toggleMode(PasswordActivity.java:398)
04-16 15:58:47.099 28076 28076 D fixeh   : 	at com.keepassdroid.PasswordActivity.access$500(PasswordActivity.java:81)
04-16 15:58:47.099 28076 28076 D fixeh   : 	at com.keepassdroid.PasswordActivity$2.afterTextChanged(PasswordActivity.java:319)
04-16 15:58:47.099 28076 28076 D fixeh   : 	at android.widget.TextView.sendAfterTextChanged(TextView.java:9605)
04-16 15:58:47.099 28076 28076 D fixeh   : 	at android.widget.TextView$ChangeWatcher.afterTextChanged(TextView.java:12270)
04-16 15:58:47.099 28076 28076 D fixeh   : 	at android.text.SpannableStringBuilder.sendAfterTextChanged(SpannableStringBuilder.java:1266)
04-16 15:58:47.099 28076 28076 D fixeh   : 	at android.text.SpannableStringBuilder.replace(SpannableStringBuilder.java:578)
04-16 15:58:47.099 28076 28076 D fixeh   : 	at android.text.SpannableStringBuilder.replace(SpannableStringBuilder.java:504)
04-16 15:58:47.099 28076 28076 D fixeh   : 	at android.text.SpannableStringBuilder.replace(SpannableStringBuilder.java:502)
04-16 15:58:47.099 28076 28076 D fixeh   : 	at android.view.inputmethod.BaseInputConnection.replaceText(BaseInputConnection.java:848)
04-16 15:58:47.099 28076 28076 D fixeh   : 	at android.view.inputmethod.BaseInputConnection.commitText(BaseInputConnection.java:197)
04-16 15:58:47.099 28076 28076 D fixeh   : 	at com.android.internal.widget.EditableInputConnection.commitText(EditableInputConnection.java:183)
04-16 15:58:47.099 28076 28076 D fixeh   : 	at com.android.internal.view.IInputConnectionWrapper.executeMessage(IInputConnectionWrapper.java:344)
04-16 15:58:47.099 28076 28076 D fixeh   : 	at com.android.internal.view.IInputConnectionWrapper$MyHandler.handleMessage(IInputConnectionWrapper.java:85)
04-16 15:58:47.099 28076 28076 D fixeh   : 	at android.os.Handler.dispatchMessage(Handler.java:108)
04-16 15:58:47.099 28076 28076 D fixeh   : 	at android.os.Looper.loop(Looper.java:166)
04-16 15:58:47.099 28076 28076 D fixeh   : 	at android.app.ActivityThread.main(ActivityThread.java:7529)
04-16 15:58:47.099 28076 28076 D fixeh   : 	at java.lang.reflect.Method.invoke(Native Method)
04-16 15:58:47.099 28076 28076 D fixeh   : 	at com.android.internal.os.Zygote$MethodAndArgsCaller.run(Zygote.java:245)
04-16 15:58:47.099 28076 28076 D fixeh   : 	at com.android.internal.os.ZygoteInit.main(ZygoteInit.java:921)
04-16 15:58:47.100 28076 28076 I fixeh   : XMLCONTROLLER::entering(8) android.hardware.fingerprint.FingerprintManager: boolean hasEnrolledFingerprints() with exception java.lang.RuntimeException and such exception entering(14)
04-16 15:58:47.100 28076 28076 I fixeh   : passing on android.hardware.fingerprint.FingerprintManager: boolean hasEnrolledFingerprints()
04-16 15:58:47.102  7308  7473 D NetworkController.MobileSignalController(1): mSimSubId:1 onDataActivity: direction=0
04-16 15:58:47.107   721   721 D SurfaceFlinger: InputMethod is present
04-16 15:58:47.123  7308  7308 D HwCustMobileSignalControllerImpl: sub =1,strMccMnc =null,hashMccMnc =[],strPlmn =hw_customized_networkType_entry
04-16 15:58:47.123   721   721 D SurfaceFlinger: InputMethod is present
04-16 15:58:47.123  7308  7308 D HwCustMobileSignalControllerImpl: isCurrentBySim()=false
04-16 15:58:47.124  7308  7308 D HwCustMobileSignalControllerImpl: sub =1,strMccMnc =null,hashMccMnc =[],strPlmn =hw_mcc_mnc
04-16 15:58:47.124  7308  7308 D HwCustMobileSignalControllerImpl: isCurrentBySim()=false
04-16 15:58:47.124  7308  7308 D HwCustMobileSignalControllerImpl: sub =1,strMccMnc =null,hashMccMnc =[],strPlmn =hw_show_4g
04-16 15:58:47.124  7308  7308 D HwCustMobileSignalControllerImpl: isCurrentBySim()=false
04-16 15:58:47.124  7308  7308 D HwCustMobileSignalControllerImpl: sub =1,strMccMnc =null,hashMccMnc =[],strPlmn =hw_show_lte
04-16 15:58:47.124  7308  7308 D HwCustMobileSignalControllerImpl: isCurrentBySim()=false
04-16 15:58:47.124  7308  7308 D HwCustMobileSignalControllerImpl: sub =1,strMccMnc =null,hashMccMnc =[],strPlmn =hw_hspap_show_4g
04-16 15:58:47.124  7308  7308 D HwCustMobileSignalControllerImpl: isCurrentBySim()=false
04-16 15:58:47.124  7308  7308 D HwCustMobileSignalControllerImpl: sub =1,strMccMnc =null,hashMccMnc =[],strPlmn =hw_show_4_5G_for_mcc
04-16 15:58:47.124  7308  7308 D HwCustMobileSignalControllerImpl: isCurrentBySim()=false
04-16 15:58:47.124  7308  7308 D HwCustMobileSignalControllerImpl: sub =1,strMccMnc =null,hashMccMnc =[],strPlmn =hw_show_4g_to_4_5g_ca
04-16 15:58:47.124  7308  7308 D HwCustMobileSignalControllerImpl: isCurrentBySim()=false
04-16 15:58:47.133  7308  7308 D HwCustMobileSignalControllerImpl: sub =1,strMccMnc =null,hashMccMnc =[],strPlmn =hw_hspa_show_3g
04-16 15:58:47.133  7308  7308 D HwCustMobileSignalControllerImpl: isCurrentBySim()=false
04-16 15:58:47.133  7308  7308 D HwCustMobileSignalControllerImpl: sub =1,strMccMnc =null,hashMccMnc =[],strPlmn =hw_show_4g_LTE_for_mccmnc
04-16 15:58:47.133  7308  7308 D HwCustMobileSignalControllerImpl: isCurrentBySim()=false
04-16 15:58:47.133  7308  7308 D HwCustMobileSignalControllerImpl: sub =1,strMccMnc =null,hashMccMnc =[],strPlmn =hw_show_4g_to_4g_LTE_ca
04-16 15:58:47.133  7308  7308 D HwCustMobileSignalControllerImpl: isCurrentBySim()=false
04-16 15:58:47.133  7308  7308 I HwCustMobileSignalControllerImpl: updateDataType, mDataNetType: 13, isCAstate: false
04-16 15:58:47.137  7308  7308 D NetWorkUtils: mVSimCurCardType is -1
04-16 15:58:47.140  7308  7308 D NetWorkUtils: is3GCalling is false,mCdmaSlot is -1
04-16 15:58:47.141  7308  7308 D NetWorkUtils: mVSimCurCardType is -1
04-16 15:58:47.143  7308  7308 D NetWorkUtils: mVSimCurCardType is -1
04-16 15:58:47.144  7308  7308 D NetWorkUtils: is3GCalling is false,mCdmaSlot is -1
04-16 15:58:47.145  7308  7308 D NetWorkUtils: mVSimCurCardType is -1
04-16 15:58:47.153   668  5504 W WindowManager: EGLdebug Created surface WindowStateAnimator{6a52cf5 PopupWindow:453d6a8}
04-16 15:58:47.157   721   721 D SurfaceFlinger: InputMethod is present
04-16 15:58:47.168   689   689 I GRALLOC : 	 shrFd=10,fmt=0x1,intFmt=0x1,btStrd=768,size=147456,pid=689 
04-16 15:58:47.168   689   689 I GRALLOC : 	 yuv=2,w=150,h=186,Stride u=0 v=0,offset u=0 v=0 
04-16 15:58:47.168   689   689 I GRALLOC : 	 iova_size=147456,conUsg=0x900,proUsg=0x900,	 strd=192,[afbc]HdrStrd=0 PyldStrd=0 Scrmbl=0,ionhnd = 1 
04-16 15:58:47.170   689   689 I chatty  : uid=1000(system) allocator@2.0-s identical 1 line
04-16 15:58:47.172   689   689 I GRALLOC : 	 shrFd=10,fmt=0x1,intFmt=0x1,btStrd=768,size=147456,pid=689 
04-16 15:58:47.172   689   689 I GRALLOC : 	 yuv=2,w=150,h=186,Stride u=0 v=0,offset u=0 v=0 
04-16 15:58:47.172   689   689 I GRALLOC : 	 iova_size=147456,conUsg=0x900,proUsg=0x900,	 strd=192,[afbc]HdrStrd=0 PyldStrd=0 Scrmbl=0,ionhnd = 1 
04-16 15:58:47.175   721   721 D SurfaceFlinger: InputMethod is present
04-16 15:58:47.175 28030 28050 D mali_winsys: EGLint new_window_surface(egl_winsys_display *, void *, EGLSurface, EGLConfig, egl_winsys_surface **, egl_color_buffer_format *, EGLBoolean) returns 0x3000
04-16 15:58:47.191   721   721 D SurfaceFlinger: InputMethod is present
04-16 15:58:47.195 28030 28050 D OpenGLRenderer:   HWUI Binary is  enabled
04-16 15:58:47.196   823  1052 W JankService: processEntry, not beta version or commercial log off
04-16 15:58:47.199   689   689 I GRALLOC : 	 shrFd=10,fmt=0x1,intFmt=0x1,btStrd=768,size=147456,pid=689 
04-16 15:58:47.199   689   689 I GRALLOC : 	 yuv=2,w=150,h=186,Stride u=0 v=0,offset u=0 v=0 
04-16 15:58:47.199   689   689 I GRALLOC : 	 iova_size=147456,conUsg=0xb00,proUsg=0xb00,	 strd=192,[afbc]HdrStrd=0 PyldStrd=0 Scrmbl=0,ionhnd = 1 
04-16 15:58:47.205   668  5504 D WindowManager: finishDrawingWindow: Window{15d6639 u0 PopupWindow:453d6a8} mDrawState=DRAW_PENDING
04-16 15:58:47.209   721   721 D SurfaceFlinger: InputMethod is present
04-16 15:58:47.326   721   721 I chatty  : uid=1000(system) /system/bin/surfaceflinger identical 7 lines
04-16 15:58:47.343   721   721 D SurfaceFlinger: InputMethod is present
04-16 15:58:47.356   668  1388 D libfingersense_wrapper: Calling fingersense_classify_touch()
04-16 15:58:47.360   721   721 D SurfaceFlinger: InputMethod is present
04-16 15:58:47.363   668  1388 D libfingersense_wrapper: fingersense_classify_touch() finished
04-16 15:58:47.370   668  1119 D FingerprintActionsListener: touchDownIsValid MotionEvent.ACTION_DOWN 
04-16 15:58:47.370   668  1119 D FingerprintActionsListener: touchDownIsValidLazyMode = false  touchDownIsValidHiBoard = false
04-16 15:58:47.422   668  1388 D libfingersense_wrapper: Calling fingersense_touch_up()
04-16 15:58:47.423   668  1388 D libfingersense_wrapper: fingersense_touch_up() finished
04-16 15:58:47.428 28076 28076 V AudioManager: playSoundEffect   effectType: 0
04-16 15:58:47.440 28076 28076 D fixeh   : current stack is java.lang.SecurityException: 
04-16 15:58:47.440 28076 28076 D fixeh   : 	at org.apache.commons.io.FileUtils.cleanDirectory(Unknown Source:4)
04-16 15:58:47.440 28076 28076 D fixeh   : 	at com.keepassdroid.Database.clear(Database.java:237)
04-16 15:58:47.440 28076 28076 D fixeh   : 	at com.keepassdroid.PasswordActivity.loadDatabaseWithPermission(PasswordActivity.java:632)
04-16 15:58:47.440 28076 28076 D fixeh   : 	at com.keepassdroid.PasswordActivity.loadDatabase(PasswordActivity.java:619)
04-16 15:58:47.440 28076 28076 D fixeh   : 	at com.keepassdroid.PasswordActivity.loadDatabase(PasswordActivity.java:570)
04-16 15:58:47.440 28076 28076 D fixeh   : 	at com.keepassdroid.PasswordActivity.access$1000(PasswordActivity.java:81)
04-16 15:58:47.440 28076 28076 D fixeh   : 	at com.keepassdroid.PasswordActivity$OkClickHandler.onClick(PasswordActivity.java:562)
04-16 15:58:47.440 28076 28076 D fixeh   : 	at android.view.View.performClick(View.java:6291)
04-16 15:58:47.440 28076 28076 D fixeh   : 	at android.view.View$PerformClick.run(View.java:24931)
04-16 15:58:47.440 28076 28076 D fixeh   : 	at android.os.Handler.handleCallback(Handler.java:808)
04-16 15:58:47.440 28076 28076 D fixeh   : 	at android.os.Handler.dispatchMessage(Handler.java:101)
04-16 15:58:47.440 28076 28076 D fixeh   : 	at android.os.Looper.loop(Looper.java:166)
04-16 15:58:47.440 28076 28076 D fixeh   : 	at android.app.ActivityThread.main(ActivityThread.java:7529)
04-16 15:58:47.440 28076 28076 D fixeh   : 	at java.lang.reflect.Method.invoke(Native Method)
04-16 15:58:47.440 28076 28076 D fixeh   : 	at com.android.internal.os.Zygote$MethodAndArgsCaller.run(Zygote.java:245)
04-16 15:58:47.440 28076 28076 D fixeh   : 	at com.android.internal.os.ZygoteInit.main(ZygoteInit.java:921)
04-16 15:58:47.441 28076 28076 I fixeh   : XMLCONTROLLER::entering(2) java.io.File: boolean exists() with exception java.lang.SecurityException and such exception entering(1)
04-16 15:58:47.441 28076 28076 I fixeh   : passing on java.io.File: boolean exists()
04-16 15:58:47.442 28076 28076 D fixeh   : current stack is java.lang.SecurityException: 
04-16 15:58:47.442 28076 28076 D fixeh   : 	at org.apache.commons.io.FileUtils.cleanDirectory(FileUtils.java:884)
04-16 15:58:47.442 28076 28076 D fixeh   : 	at com.keepassdroid.Database.clear(Database.java:237)
04-16 15:58:47.442 28076 28076 D fixeh   : 	at com.keepassdroid.PasswordActivity.loadDatabaseWithPermission(PasswordActivity.java:632)
04-16 15:58:47.442 28076 28076 D fixeh   : 	at com.keepassdroid.PasswordActivity.loadDatabase(PasswordActivity.java:619)
04-16 15:58:47.442 28076 28076 D fixeh   : 	at com.keepassdroid.PasswordActivity.loadDatabase(PasswordActivity.java:570)
04-16 15:58:47.442 28076 28076 D fixeh   : 	at com.keepassdroid.PasswordActivity.access$1000(PasswordActivity.java:81)
04-16 15:58:47.442 28076 28076 D fixeh   : 	at com.keepassdroid.PasswordActivity$OkClickHandler.onClick(PasswordActivity.java:562)
04-16 15:58:47.442 28076 28076 D fixeh   : 	at android.view.View.performClick(View.java:6291)
04-16 15:58:47.442 28076 28076 D fixeh   : 	at android.view.View$PerformClick.run(View.java:24931)
04-16 15:58:47.442 28076 28076 D fixeh   : 	at android.os.Handler.handleCallback(Handler.java:808)
04-16 15:58:47.442 28076 28076 D fixeh   : 	at android.os.Handler.dispatchMessage(Handler.java:101)
04-16 15:58:47.442 28076 28076 D fixeh   : 	at android.os.Looper.loop(Looper.java:166)
04-16 15:58:47.442 28076 28076 D fixeh   : 	at android.app.ActivityThread.main(ActivityThread.java:7529)
04-16 15:58:47.442 28076 28076 D fixeh   : 	at java.lang.reflect.Method.invoke(Native Method)
04-16 15:58:47.442 28076 28076 D fixeh   : 	at com.android.internal.os.Zygote$MethodAndArgsCaller.run(Zygote.java:245)
04-16 15:58:47.442 28076 28076 D fixeh   : 	at com.android.internal.os.ZygoteInit.main(ZygoteInit.java:921)
04-16 15:58:47.442 28076 28076 I fixeh   : XMLCONTROLLER::entering(0) java.io.File: boolean isDirectory() with exception java.lang.SecurityException and such exception entering(2)
04-16 15:58:47.442 28076 28076 I fixeh   : passing on java.io.File: boolean isDirectory()
04-16 15:58:47.491 28076 28076 D CubicBezierInterpolator: CubicBezierInterpolator  mControlPoint1x = 0.23, mControlPoint1y = 0.06, mControlPoint2x = 0.09, mControlPoint2y = 0.97
04-16 15:58:47.492 28076 28076 D CubicBezierInterpolator: CubicBezierInterpolator  mControlPoint1x = 0.6, mControlPoint1y = 0.9, mControlPoint2x = 0.8, mControlPoint2y = 1.0
04-16 15:58:47.493 28076 28076 D CubicBezierInterpolator: CubicBezierInterpolator  mControlPoint1x = 0.23, mControlPoint1y = 0.06, mControlPoint2x = 0.09, mControlPoint2y = 0.97
04-16 15:58:47.493 28076 28076 D CubicBezierInterpolator: CubicBezierInterpolator  mControlPoint1x = 0.6, mControlPoint1y = 0.9, mControlPoint2x = 0.8, mControlPoint2y = 1.0
04-16 15:58:47.501 28076 28076 D CubicBezierInterpolator: CubicBezierInterpolator  mControlPoint1x = 0.23, mControlPoint1y = 0.06, mControlPoint2x = 0.09, mControlPoint2y = 0.97
04-16 15:58:47.501 28076 28076 D CubicBezierInterpolator: CubicBezierInterpolator  mControlPoint1x = 0.6, mControlPoint1y = 0.9, mControlPoint2x = 0.8, mControlPoint2y = 1.0
04-16 15:58:47.502 28076 28076 D CubicBezierInterpolator: CubicBezierInterpolator  mControlPoint1x = 0.23, mControlPoint1y = 0.06, mControlPoint2x = 0.09, mControlPoint2y = 0.97
04-16 15:58:47.502 28076 28076 D CubicBezierInterpolator: CubicBezierInterpolator  mControlPoint1x = 0.6, mControlPoint1y = 0.9, mControlPoint2x = 0.8, mControlPoint2y = 1.0
04-16 15:58:47.507 28076 28076 D HwRTBlurUtils: check blur style for HwPhoneWindow, themeResId : 0x010302d7, context : android.view.ContextThemeWrapper@9a7348e, Nhwext : 0, get Blur : disable with , null
04-16 15:58:47.513 28076 28097 D OpenGLRenderer:   HWUI Binary is  enabled
04-16 15:58:47.518   668  5504 V WindowManager: Adding Window{4c03556 u0 } to AppWindowToken{3349b07 token=Token{4973d46 ActivityRecord{cf81521 u0 com.android.keepass/com.keepassdroid.PasswordActivity t2199}}}
04-16 15:58:47.522   668  5504 V WindowManager: addWindow: New client android.os.BinderProxy@c68a371: window=Window{4c03556 u0 } Callers=com.android.server.wm.HwWindowManagerService.addWindow:585 com.android.server.wm.Session.addToDisplay:199 android.view.IWindowSession$Stub.onTransact:124 com.android.server.wm.Session.onTransact:161 android.os.Binder.execTransact:675 
04-16 15:58:47.527 28076 28076 I PressGestureDetector: onAttached begin
04-16 15:58:47.528 28076 28128 D fixeh   : current stack is java.lang.SecurityException: 
04-16 15:58:47.528 28076 28128 D fixeh   : 	at com.keepassdroid.Database.LoadData(Database.java:98)
04-16 15:58:47.528 28076 28128 D fixeh   : 	at com.keepassdroid.Database.LoadData(Database.java:91)
04-16 15:58:47.528 28076 28128 D fixeh   : 	at com.keepassdroid.database.edit.LoadDB.run(LoadDB.java:67)
04-16 15:58:47.528 28076 28128 D fixeh   : 	at java.lang.Thread.run(Thread.java:784)
04-16 15:58:47.528 28076 28128 I fixeh   : XMLCONTROLLER::entering(0) java.io.File: boolean canWrite() with exception java.lang.SecurityException and such exception entering(3)
04-16 15:58:47.528 28076 28128 I fixeh   : passing on java.io.File: boolean canWrite()
04-16 15:58:47.528 28076 28076 I PressGestureDetector: onAttached end
04-16 15:58:47.529 28076 28128 D fixeh   : current stack is java.io.FileNotFoundException: 
04-16 15:58:47.529 28076 28128 D fixeh   : 	at com.keepassdroid.utils.UriUtil.getUriInputStream(UriUtil.java:73)
04-16 15:58:47.529 28076 28128 D fixeh   : 	at com.keepassdroid.Database.passUrisAsInputStreams(Database.java:124)
04-16 15:58:47.529 28076 28128 D fixeh   : 	at com.keepassdroid.Database.LoadData(Database.java:103)
04-16 15:58:47.529 28076 28128 D fixeh   : 	at com.keepassdroid.Database.LoadData(Database.java:91)
04-16 15:58:47.529 28076 28128 D fixeh   : 	at com.keepassdroid.database.edit.LoadDB.run(LoadDB.java:67)
04-16 15:58:47.529 28076 28128 D fixeh   : 	at java.lang.Thread.run(Thread.java:784)
04-16 15:58:47.529 28076 28128 I fixeh   : XMLCONTROLLER::entering(0) java.io.FileInputStream: void <init>(java.lang.String) with exception java.io.FileNotFoundException and such exception entering(0)
04-16 15:58:47.529 28076 28128 I fixeh   : passing on java.io.FileInputStream: void <init>(java.lang.String)
04-16 15:58:47.530 28076 28129 I PressGestureDetector: enabledInPad = false,isPcCastMode = false
04-16 15:58:47.530 28076 28128 D fixeh   : current stack is java.io.IOException: 
04-16 15:58:47.530 28076 28128 D fixeh   : 	at com.keepassdroid.stream.LEDataInputStream.readInt(LEDataInputStream.java:165)
04-16 15:58:47.530 28076 28128 D fixeh   : 	at com.keepassdroid.database.load.ImporterFactory.createImporter(ImporterFactory.java:39)
04-16 15:58:47.530 28076 28128 D fixeh   : 	at com.keepassdroid.Database.LoadData(Database.java:157)
04-16 15:58:47.530 28076 28128 D fixeh   : 	at com.keepassdroid.Database.passUrisAsInputStreams(Database.java:136)
04-16 15:58:47.530 28076 28128 D fixeh   : 	at com.keepassdroid.Database.LoadData(Database.java:103)
04-16 15:58:47.530 28076 28128 D fixeh   : 	at com.keepassdroid.Database.LoadData(Database.java:91)
04-16 15:58:47.530 28076 28128 D fixeh   : 	at com.keepassdroid.database.edit.LoadDB.run(LoadDB.java:67)
04-16 15:58:47.530 28076 28128 D fixeh   : 	at java.lang.Thread.run(Thread.java:784)
04-16 15:58:47.530 28076 28128 I fixeh   : XMLCONTROLLER::entering(0) java.io.InputStream: int read(byte[],int,int) with exception java.io.IOException and such exception entering(2)
04-16 15:58:47.530 28076 28128 I fixeh   : triggering exception on java.io.InputStream: int read(byte[],int,int)
04-16 15:58:47.530 28076 28128 I fixeh   : java.io.IOException: 
04-16 15:58:47.530 28076 28128 I fixeh   : 	at com.keepassdroid.stream.LEDataInputStream.readInt(LEDataInputStream.java:165)
04-16 15:58:47.530 28076 28128 I fixeh   : 	at com.keepassdroid.database.load.ImporterFactory.createImporter(ImporterFactory.java:39)
04-16 15:58:47.530 28076 28128 I fixeh   : 	at com.keepassdroid.Database.LoadData(Database.java:157)
04-16 15:58:47.530 28076 28128 I fixeh   : 	at com.keepassdroid.Database.passUrisAsInputStreams(Database.java:136)
04-16 15:58:47.530 28076 28128 I fixeh   : 	at com.keepassdroid.Database.LoadData(Database.java:103)
04-16 15:58:47.530 28076 28128 I fixeh   : 	at com.keepassdroid.Database.LoadData(Database.java:91)
04-16 15:58:47.530 28076 28128 I fixeh   : 	at com.keepassdroid.database.edit.LoadDB.run(LoadDB.java:67)
04-16 15:58:47.530 28076 28128 I fixeh   : 	at java.lang.Thread.run(Thread.java:784)
04-16 15:58:47.563   721   721 D SurfaceFlinger: InputMethod is present
04-16 15:58:47.566   668 14393 W WindowManager: EGLdebug Created surface WindowStateAnimator{c9b19d7 }
04-16 15:58:47.579   721   721 D SurfaceFlinger: InputMethod is present
04-16 15:58:47.584 28076 28097 D mali_winsys: EGLint new_window_surface(egl_winsys_display *, void *, EGLSurface, EGLConfig, egl_winsys_surface **, egl_color_buffer_format *, EGLBoolean) returns 0x3000
04-16 15:58:47.592   689   689 I GRALLOC : 	 shrFd=10,fmt=0x1,intFmt=0x200000001,btStrd=5120,size=3579904,pid=689 
04-16 15:58:47.592   689   689 I GRALLOC : 	 yuv=2,w=1218,h=675,Stride u=0 v=0,offset u=0 v=0 
04-16 15:58:47.592   689   689 I GRALLOC : 	 iova_size=3579904,conUsg=0x900,proUsg=0x900,	 strd=1280,[afbc]HdrStrd=1280 PyldStrd=81920 Scrmbl=2,ionhnd = 1 
04-16 15:58:47.595   689   689 I GRALLOC : 	 shrFd=10,fmt=0x1,intFmt=0x200000001,btStrd=5120,size=3579904,pid=689 
04-16 15:58:47.595   689   689 I GRALLOC : 	 yuv=2,w=1218,h=675,Stride u=0 v=0,offset u=0 v=0 
04-16 15:58:47.595   689   689 I GRALLOC : 	 iova_size=3579904,conUsg=0x900,proUsg=0x900,	 strd=1280,[afbc]HdrStrd=1280 PyldStrd=81920 Scrmbl=2,ionhnd = 1 
04-16 15:58:47.597   721   721 D SurfaceFlinger: InputMethod is present
04-16 15:58:47.598   689   689 I GRALLOC : 	 shrFd=10,fmt=0x1,intFmt=0x200000001,btStrd=5120,size=3579904,pid=689 
04-16 15:58:47.598   689   689 I GRALLOC : 	 yuv=2,w=1218,h=675,Stride u=0 v=0,offset u=0 v=0 
04-16 15:58:47.598   689   689 I GRALLOC : 	 iova_size=3579904,conUsg=0x900,proUsg=0x900,	 strd=1280,[afbc]HdrStrd=1280 PyldStrd=81920 Scrmbl=2,ionhnd = 1 
04-16 15:58:47.602   689   689 I GRALLOC : 	 shrFd=10,fmt=0x1,intFmt=0x200000001,btStrd=5120,size=3579904,pid=689 
04-16 15:58:47.602   689   689 I GRALLOC : 	 yuv=2,w=1218,h=675,Stride u=0 v=0,offset u=0 v=0 
04-16 15:58:47.602   689   689 I GRALLOC : 	 iova_size=3579904,conUsg=0xb00,proUsg=0xb00,	 strd=1280,[afbc]HdrStrd=1280 PyldStrd=81920 Scrmbl=2,ionhnd = 1 
04-16 15:58:47.606   823  1052 W JankService: processEntry, not beta version or commercial log off
04-16 15:58:47.631   668 14393 D WindowManager: finishDrawingWindow: Window{4c03556 u0 } mDrawState=DRAW_PENDING
04-16 15:58:47.644 28076 28097 D OpenGLRenderer:   HWUI Binary is  enabled
04-16 15:58:47.648   721   721 D SurfaceFlinger: InputMethod is present
04-16 15:58:47.650   689   689 I GRALLOC : 	 shrFd=10,fmt=0x1,intFmt=0x200000001,btStrd=5120,size=3579904,pid=689 
04-16 15:58:47.650   689   689 I GRALLOC : 	 yuv=2,w=1218,h=675,Stride u=0 v=0,offset u=0 v=0 
04-16 15:58:47.650   689   689 I GRALLOC : 	 iova_size=3579904,conUsg=0xb00,proUsg=0xb00,	 strd=1280,[afbc]HdrStrd=1280 PyldStrd=81920 Scrmbl=2,ionhnd = 1 
04-16 15:58:47.665   721   721 D SurfaceFlinger: InputMethod is present
04-16 15:58:47.679 28076 28097 W libEGL  : EGLNativeWindowType 0x71bb489010 disconnect failed
04-16 15:58:47.681   721   721 D SurfaceFlinger: InputMethod is present
04-16 15:58:47.698   668 14393 V WindowManager: removeIfPossible: Window{4c03556 u0 } callers=com.android.server.wm.WindowState.removeIfPossible:1914 com.android.server.wm.WindowManagerService.removeWindow:2040 com.android.server.wm.Session.remove:218 android.view.IWindowSession$Stub.onTransact:242 com.android.server.wm.Session.onTransact:161 
04-16 15:58:47.706   668 14393 V WindowManager: Not removing Window{4c03556 u0  EXITING} due to exit animation 
04-16 15:58:47.745 28076 28076 V InputMethodManager: Reporting focus gain, without startInput
04-16 15:58:47.746   668 14393 D HwInputMethodManagerService: windowGainedFocus  isPasswordType(attribute) = true
04-16 15:58:47.749   721   721 D SurfaceFlinger: InputMethod is present
04-16 15:58:47.758   668 14393 W SecInputMethodManagerService: Window already focused, ignoring focus gain of: com.android.internal.view.IInputMethodClient$Stub$Proxy@b8d7c73 attribute=null, token = android.os.BinderProxy@30c5434
04-16 15:58:47.758   668 14393 I SecInputMethodManagerService: Window already focused, force refreshime kgon:false
04-16 15:58:47.867   668  1363 V WindowManager: Exit animation finished in Window{4c03556 u0  EXITING}: remove=true
04-16 15:58:47.867   668  1363 E WindowManager: win=Window{4c03556 u0  EXITING} destroySurfaces: appStopped=false win.mWindowRemovalAllowed=true win.mRemoveOnExit=true
04-16 15:58:47.868   668  1363 I WindowManager: Destroying surface Surface(name=) called by com.android.server.wm.WindowStateAnimator.destroySurface:2089 com.android.server.wm.WindowStateAnimator.destroySurfaceLocked:899 com.android.server.wm.HwWindowStateAnimator.destroySurfaceLocked:1006 com.android.server.wm.WindowState.destroyOrSaveSurfaceUnchecked:2998 com.android.server.wm.WindowState.destroySurface:2951 com.android.server.wm.AppWindowToken.destroySurfaces:671 com.android.server.wm.AppWindowToken.destroySurfaces:655 com.android.server.wm.WindowState.onExitAnimationDone:4424 
04-16 15:58:47.870   668  1363 V WindowManager: postWindowRemoveCleanupLocked: Window{4c03556 u0 }
04-16 15:58:47.870   668  1363 V WindowManager: Removing Window{4c03556 u0 } from AppWindowToken{3349b07 token=Token{4973d46 ActivityRecord{cf81521 u0 com.android.keepass/com.keepassdroid.PasswordActivity t2199}}}
04-16 15:58:47.968   721   721 I chatty  : uid=1000(system) /system/bin/surfaceflinger identical 13 lines
04-16 15:58:47.985   721   721 D SurfaceFlinger: InputMethod is present
04-16 15:58:48.503   668  1141 D SmartcareProc: onSignalStrengthsChanged: signalStrength is: SignalStrength: 0 -1756285380 0 255 0 0 32767 -1 32767 -1 -83 -4 36 -1 0 -1 false gw|lte , on sub: 1
04-16 15:58:48.503   668  1141 D SmartcareProc: SignalStrength update result, ss: SignalStrengthInfo:168459139 mGsmSignalStrength: -1 mWcdmaRscp: -1 mWcdmaEcio: 255 mLteRsrp: -83 mLteRsrq: -4 mCdmaDbm: -1 mCdmaEcio: -1 mEvdoDbm: 32767mEvdoEcio: -1mLteRssnr: 36
04-16 15:58:48.506   668   668 I MQoS    : onSignal: mSubId=1,currDataSubID=1
04-16 15:58:48.506   668   668 I MQoS    : received cell-signal:5
04-16 15:58:48.519  7308  7346 I HwMobileSignalController(1): subId:1 phoneType:1 networktype:13 targetClass:3 masterLevel:5 slaveLevel:-1
04-16 15:58:48.670 28076 28097 W libEGL  : EGLNativeWindowType 0x71b8fe4010 disconnect failed
04-16 15:58:48.672  1837  2313 I ash     : view remove pid:28076 uid:10785
04-16 15:58:48.680   668   668 V WindowManager: removeIfPossible: Window{9bed6a6 u0 Toast} callers=com.android.server.wm.WindowState.removeIfPossible:1914 com.android.server.wm.WindowToken.removeAllWindowsIfPossible:139 com.android.server.wm.WindowManagerService$LocalService.removeWindowToken:8449 com.android.server.notification.NotificationManagerService.cancelToastLocked:4792 com.android.server.notification.NotificationManagerService.handleTimeout:4821 
04-16 15:58:48.683   668   668 V WindowManager: Not removing Window{9bed6a6 u0 Toast EXITING} due to exit animation 
04-16 15:58:48.692   668   668 W WindowManager: removeWindowToken: Attempted to remove non-existing token: android.os.Binder@d41885
04-16 15:58:48.692   668  5504 V WindowManager: removeIfPossible: Window{9bed6a6 u0 Toast EXITING} callers=com.android.server.wm.WindowState.removeIfPossible:1914 com.android.server.wm.WindowManagerService.removeWindow:2040 com.android.server.wm.Session.remove:218 android.view.IWindowSession$Stub.onTransact:242 com.android.server.wm.Session.onTransact:161 
04-16 15:58:48.693   668  5504 V WindowManager: Not removing Window{9bed6a6 u0 Toast EXITING} due to exit animation 
04-16 15:58:48.706 28076 28097 D OpenGLRenderer:   HWUI Binary is  enabled
04-16 15:58:48.708  1837  2313 I ash     : view add pid:28076 uid:10785
04-16 15:58:48.708  1837  2313 I ash     : app:com.android.keepass  has toast view ,pid :28076
04-16 15:58:48.713   668  1857 V WindowManager: Adding Window{396ccf u0 Toast} to WindowToken{eb4965c android.os.Binder@fc4270b}
04-16 15:58:48.716   668  1857 V WindowManager: addWindow: New client android.os.BinderProxy@d98992e: window=Window{396ccf u0 Toast} Callers=com.android.server.wm.HwWindowManagerService.addWindow:585 com.android.server.wm.Session.addToDisplay:199 android.view.IWindowSession$Stub.onTransact:124 com.android.server.wm.Session.onTransact:161 android.os.Binder.execTransact:675 
04-16 15:58:48.718 28076 28097 D OpenGLRenderer:   HWUI Binary is  enabled
04-16 15:58:48.727 28076 28076 W ViewRootImpl[Toast]: EGLdebug relayoutWindow Surface isSurface(name=null)  (appName =com.android.keepass) ( mSurfaceControllerIsValid =false) (mNativeObject  =0)/@0x4e85616,viewVisibility is0
04-16 15:58:48.727   721   721 D SurfaceFlinger: InputMethod is present
04-16 15:58:48.744   721   721 D SurfaceFlinger: InputMethod is present
04-16 15:58:48.758   721   721 D SurfaceFlinger: duplicate layer name: changing Toast to Toast#1
04-16 15:58:48.761   721   721 D SurfaceFlinger: InputMethod is present
04-16 15:58:48.763   668  1857 W WindowManager: EGLdebug Created surface WindowStateAnimator{fdc3d65 Toast}
04-16 15:58:48.766   668  1857 W WindowManager: EGLdebug surface name is Toastsurface is Surface(name=null)  (appName =null) ( mSurfaceControllerIsValid =true) (mNativeObject  =71b42f7000)/@0xc991a3a
04-16 15:58:48.777 28076 28076 W ViewRootImpl[Toast]: EGLdebug relayoutWindow Surface isSurface(name=null)  (appName =com.android.keepass) ( mSurfaceControllerIsValid =true) (mNativeObject  =71b8fe4000)/@0x4e85616,relayoutResult is7
04-16 15:58:48.777 28076 28076 W ViewRootImpl[Toast]: EGLdebug Surface isSurface(name=null)  (appName =com.android.keepass) ( mSurfaceControllerIsValid =true) (mNativeObject  =71b8fe4000)/@0x4e85616
04-16 15:58:48.778   721   721 D SurfaceFlinger: InputMethod is present
04-16 15:58:48.780 28076 28097 D mali_winsys: EGLint new_window_surface(egl_winsys_display *, void *, EGLSurface, EGLConfig, egl_winsys_surface **, egl_color_buffer_format *, EGLBoolean) returns 0x3000
04-16 15:58:48.782   689   689 I GRALLOC : 	 shrFd=10,fmt=0x1,intFmt=0x1,btStrd=1792,size=172032,pid=689 
04-16 15:58:48.782   689   689 I GRALLOC : 	 yuv=2,w=413,h=96,Stride u=0 v=0,offset u=0 v=0 
04-16 15:58:48.782   689   689 I GRALLOC : 	 iova_size=172032,conUsg=0x900,proUsg=0x900,	 strd=448,[afbc]HdrStrd=0 PyldStrd=0 Scrmbl=0,ionhnd = 1 
04-16 15:58:48.784   689   689 I chatty  : uid=1000(system) allocator@2.0-s identical 1 line
04-16 15:58:48.785   689   689 I GRALLOC : 	 shrFd=10,fmt=0x1,intFmt=0x1,btStrd=1792,size=172032,pid=689 
04-16 15:58:48.785   689   689 I GRALLOC : 	 yuv=2,w=413,h=96,Stride u=0 v=0,offset u=0 v=0 
04-16 15:58:48.785   689   689 I GRALLOC : 	 iova_size=172032,conUsg=0x900,proUsg=0x900,	 strd=448,[afbc]HdrStrd=0 PyldStrd=0 Scrmbl=0,ionhnd = 1 
04-16 15:58:48.795   721   721 D SurfaceFlinger: InputMethod is present
04-16 15:58:48.797   689   689 I GRALLOC : 	 shrFd=10,fmt=0x1,intFmt=0x1,btStrd=1792,size=172032,pid=689 
04-16 15:58:48.797   689   689 I GRALLOC : 	 yuv=2,w=413,h=96,Stride u=0 v=0,offset u=0 v=0 
04-16 15:58:48.797   689   689 I GRALLOC : 	 iova_size=172032,conUsg=0xb00,proUsg=0xb00,	 strd=448,[afbc]HdrStrd=0 PyldStrd=0 Scrmbl=0,ionhnd = 1 
04-16 15:58:48.805   668  1857 D WindowManager: finishDrawingWindow: Window{396ccf u0 Toast} mDrawState=DRAW_PENDING
04-16 15:58:48.812   721   721 D SurfaceFlinger: InputMethod is present
04-16 15:58:49.015   721   721 I chatty  : uid=1000(system) /system/bin/surfaceflinger identical 11 lines
04-16 15:58:49.031   721   721 D SurfaceFlinger: InputMethod is present
04-16 15:58:49.040   668  1388 D InputReader: L1:158
04-16 15:58:49.041   668  1388 D InputDispatcher: notifyKey - action=0x0, keyCode=0x4
04-16 15:58:49.041   668  1388 D KeyEvent: obtain, mHwFlags=-1236611328
04-16 15:58:49.042   668  1388 D HwCustPhoneWindowManager: answer call by keyCode = 4, down = true, isSupVolumnkeyAnswerCall = false
04-16 15:58:49.043   668  1388 D HwPhoneWindowManager: frontFpNaviTriKey:1 isInjected:false mTrikeyNaviMode:0 excluded:false
04-16 15:58:49.043   668  1388 D LightsService: HighPrecision, Set button brihtness:101, bcaklight brightness:2352
04-16 15:58:49.046   668  1388 W libc    : Set property "sys.button.light.timeout" to "false"
04-16 15:58:49.048   721   721 D SurfaceFlinger: InputMethod is present
04-16 15:58:49.050   668  1388 D WindowManager: interceptKeyBeforeQueueing: key 4 , result : 1
04-16 15:58:49.052   668  1387 D KeyEvent: obtain, mHwFlags=-926366128
04-16 15:58:49.055   668  1387 D HwGameAssistantController: Keycontrol mode is 2 for user 0
04-16 15:58:49.055   668  1387 D HwPhoneWindowManager: deviceId:6 mFingerPrintId:0 isGameKeyControlOn:false,EnableKey=false,mLastKeyDownDropped=false
04-16 15:58:49.056 28076 28076 D KeyEvent: obtain, mHwFlags=11
04-16 15:58:49.058 28030 28030 D KeyEvent: obtain, mHwFlags=17303241
04-16 15:58:49.058   668  1119 D KeyEvent: obtain, mHwFlags=0
04-16 15:58:49.058   668  1119 D KeyEvent: obtain, mHwFlags=0
04-16 15:58:49.065   721   721 D SurfaceFlinger: InputMethod is present
04-16 15:58:49.116   721   721 I chatty  : uid=1000(system) /system/bin/surfaceflinger identical 3 lines
04-16 15:58:49.133   721   721 D SurfaceFlinger: InputMethod is present
04-16 15:58:49.135   668  1388 D InputReader: L1:158
04-16 15:58:49.136   668  1388 D InputDispatcher: notifyKey - action=0x1, keyCode=0x4
04-16 15:58:49.136   668  1388 D KeyEvent: obtain, mHwFlags=-1236611328
04-16 15:58:49.136   668  1388 D HwCustPhoneWindowManager: answer call by keyCode = 4, down = false, isSupVolumnkeyAnswerCall = false
04-16 15:58:49.137   668  1388 D HwPhoneWindowManager: frontFpNaviTriKey:1 isInjected:false mTrikeyNaviMode:0 excluded:false
04-16 15:58:49.137   668  1388 W libc    : Set property "sys.button.light.timeout" to "false"
04-16 15:58:49.140   668  1388 D HwPhoneWindowManager: startVibrateWithConfigProp:16
04-16 15:58:49.147   668  1388 D WindowManager: interceptKeyBeforeQueueing: key 4 , result : 1
04-16 15:58:49.147   668  1387 D KeyEvent: obtain, mHwFlags=-926366128
04-16 15:58:49.150   721   721 D SurfaceFlinger: InputMethod is present
