04-17 10:30:34.471 21257 21257 I         : power log dlsym ok
04-17 10:30:34.473   698  9647 I ActivityManager: Start proc 21257:com.android.keepass/u0a809 for activity com.android.keepass/.KeePass
04-17 10:30:34.475   698  9647 V ActivityManager: startProcess: name=com.android.keepass app=ProcessRecord{8a46f14 21257:com.android.keepass/u0a809} knownToBeDead=true thread=null pid=21257
04-17 10:30:34.477 21257 21257 I zygote64: Reinit property: dalvik.vm.checkjni= false
04-17 10:30:34.485 21257 21257 D ActivityThread: ActivityThread,attachApplication
04-17 10:30:34.487   698  1911 D ActivityManager: ActivityManagerService,attachApplication,callingPid = 21257
04-17 10:30:34.508   698  1109 D HwGameAssistantController: pid=21257, uid=10809, foreground=true
04-17 10:30:34.522 21257 21257 D HwFLClassLoader: get used feature list :/feature/used-list failed!
04-17 10:30:34.522 21257 21273 I HwApiCacheMangerEx: apicache mCurPackageName=com.android.keepass uptimes=57653671
04-17 10:30:34.522 21257 21257 D HwFLClassLoader: USE_FEATURE_LIST had not init! 
04-17 10:30:34.525 21257 21273 I HwApiCacheMangerEx: apicache oUid null
04-17 10:30:34.525 21257 21273 I HwApiCacheMangerEx: apicache volumes null
04-17 10:30:34.526 21257 21273 I HwApiCacheMangerEx: apicache path=/storage/emulated/0 state=mounted key=com.android.keepass#10809#256
04-17 10:30:34.526 21257 21273 I HwApiCacheMangerEx: apicache oUid 10809
04-17 10:30:34.526 21257 21273 I HwApiCacheMangerEx: apicache volumes null
04-17 10:30:34.527 21257 21273 I HwApiCacheMangerEx: apicache path=/storage/emulated/0 state=mounted key=com.android.keepass#10809#0
04-17 10:30:34.527 21257 21273 I HwApiCacheMangerEx: apicache async read begin packageName=com.android.keepass userid=0
04-17 10:30:34.527 21257 21273 I HwApiCacheMangerEx: apicache pi null
04-17 10:30:34.530 21257 21273 I chatty  : uid=10809(u0_a809) queued-work-loo identical 1 line
04-17 10:30:34.531 21257 21273 I HwApiCacheMangerEx: apicache pi null
04-17 10:30:34.532 21257 21273 I HwApiCacheMangerEx: apicache oUid null
04-17 10:30:34.532 21257 21273 I HwApiCacheMangerEx: apicache async read finished packageName=com.android.keepass userid=0 totalus=5180
04-17 10:30:34.542 21257 21257 I HwApiCacheMangerEx: apicache pi null
04-17 10:30:34.548 21257 21257 I fixeh   : Generating GeneralControlPolicy from local config
04-17 10:30:34.548 21257 21257 I fixeh   : Enter policy is GeneralControlPolicy {limit: -1, exclude: false, packages: null, classes: null, methods: null, pattern: null method patterns:null} expections: {java.io.IOException}, expectionsPattern: null,expectionStackRepeat: {(java.io.IOException,-1)} filterpackages: null filterclasses: null filtermethodss: null filterstackkeywords: null
04-17 10:30:34.548 21257 21257 I fixeh   : find local dir!
04-17 10:30:34.548 21257 21257 I fixeh   : find tmp dir!
04-17 10:30:34.548 21257 21257 I fixeh   : find fixeh-p!!
04-17 10:30:34.549 21257 21257 I fixeh   : Start watching config file /data/local/tmp/fixeh-policy.xml
04-17 10:30:34.552 21257 21273 E MemoryLeakMonitorManager: MemoryLeakMonitor.jar is not exist!
04-17 10:30:34.553 21257 21257 E Minikin : Could not get cmap table size!
04-17 10:30:34.559 21257 21257 I HwCust  : Constructor found for class android.app.HwCustActivityImpl
04-17 10:30:34.559 21257 21257 D HwCust  : Create obj success use class android.app.HwCustActivityImpl
04-17 10:30:34.561 21257 21257 V HwPolicyFactory: : success to get AllImpl object and return....
04-17 10:30:34.563 21257 21257 I HwCust  : Constructor found for class android.app.HwCustHwWallpaperManagerImpl
04-17 10:30:34.563 21257 21257 D HwCust  : Create obj success use class android.app.HwCustHwWallpaperManagerImpl
04-17 10:30:34.565 21257 21257 V ActivityThread: ActivityThread,callActivityOnCreate
04-17 10:30:34.566 21257 21257 V HwWidgetFactory: : successes to get AllImpl object and return....
04-17 10:30:34.574 21257 21257 D CubicBezierInterpolator: CubicBezierInterpolator  mControlPoint1x = 0.23, mControlPoint1y = 0.06, mControlPoint2x = 0.09, mControlPoint2y = 0.97
04-17 10:30:34.574 21257 21257 D CubicBezierInterpolator: CubicBezierInterpolator  mControlPoint1x = 0.6, mControlPoint1y = 0.9, mControlPoint2x = 0.8, mControlPoint2y = 1.0
04-17 10:30:34.574 21257 21257 D CubicBezierInterpolator: CubicBezierInterpolator  mControlPoint1x = 0.23, mControlPoint1y = 0.06, mControlPoint2x = 0.09, mControlPoint2y = 0.97
04-17 10:30:34.574 21257 21257 D CubicBezierInterpolator: CubicBezierInterpolator  mControlPoint1x = 0.6, mControlPoint1y = 0.9, mControlPoint2x = 0.8, mControlPoint2y = 1.0
04-17 10:30:34.579 21257 21257 D HwGalleryCacheManagerImpl: mIsEffect:false
04-17 10:30:34.594 21257 21257 D ActivityThread: add activity client record, r= ActivityRecord{a6f20c0 token=android.os.BinderProxy@e72edb7 {com.android.keepass/com.android.keepass.KeePass}} token= android.os.BinderProxy@e72edb7
04-17 10:30:34.605 21257 21257 D HwCust  : Create obj success use class android.app.HwCustActivityImpl
04-17 10:30:34.605 21257 21257 D HwCust  : Create obj success use class android.app.HwCustHwWallpaperManagerImpl
04-17 10:30:34.606 21257 21257 V ActivityThread: ActivityThread,callActivityOnCreate
04-17 10:30:34.606 21257 21257 D fixeh   : current stack is java.lang.SecurityException: 
04-17 10:30:34.606 21257 21257 D fixeh   : 	at com.keepassdroid.fileselect.RecentFileHistory.sqlDatabaseExists(RecentFileHistory.java:124)
04-17 10:30:34.606 21257 21257 D fixeh   : 	at com.keepassdroid.fileselect.RecentFileHistory.upgradeFromSQL(RecentFileHistory.java:81)
04-17 10:30:34.606 21257 21257 D fixeh   : 	at com.keepassdroid.fileselect.RecentFileHistory.init(RecentFileHistory.java:69)
04-17 10:30:34.606 21257 21257 D fixeh   : 	at com.keepassdroid.fileselect.RecentFileHistory.hasRecentFiles(RecentFileHistory.java:148)
04-17 10:30:34.606 21257 21257 D fixeh   : 	at com.keepassdroid.fileselect.FileSelectActivity.onCreate(FileSelectActivity.java:156)
04-17 10:30:34.606 21257 21257 D fixeh   : 	at android.app.Activity.performCreate(Activity.java:7383)
04-17 10:30:34.606 21257 21257 D fixeh   : 	at android.app.Instrumentation.callActivityOnCreate(Instrumentation.java:1218)
04-17 10:30:34.606 21257 21257 D fixeh   : 	at android.app.ActivityThread.performLaunchActivity(ActivityThread.java:3256)
04-17 10:30:34.606 21257 21257 D fixeh   : 	at android.app.ActivityThread.handleLaunchActivity(ActivityThread.java:3411)
04-17 10:30:34.606 21257 21257 D fixeh   : 	at android.app.ActivityThread.-wrap12(Unknown Source:0)
04-17 10:30:34.606 21257 21257 D fixeh   : 	at android.app.ActivityThread$H.handleMessage(ActivityThread.java:1994)
04-17 10:30:34.606 21257 21257 D fixeh   : 	at android.os.Handler.dispatchMessage(Handler.java:108)
04-17 10:30:34.606 21257 21257 D fixeh   : 	at android.os.Looper.loop(Looper.java:166)
04-17 10:30:34.606 21257 21257 D fixeh   : 	at android.app.ActivityThread.main(ActivityThread.java:7529)
04-17 10:30:34.606 21257 21257 D fixeh   : 	at java.lang.reflect.Method.invoke(Native Method)
04-17 10:30:34.606 21257 21257 D fixeh   : 	at com.android.internal.os.Zygote$MethodAndArgsCaller.run(Zygote.java:245)
04-17 10:30:34.606 21257 21257 D fixeh   : 	at com.android.internal.os.ZygoteInit.main(ZygoteInit.java:921)
04-17 10:30:34.606 21257 21257 I fixeh   : XMLCONTROLLER::entering(0) java.io.File: boolean exists() with exception java.lang.SecurityException and such exception entering(0)
04-17 10:30:34.606 21257 21257 I fixeh   : passing on java.io.File: boolean exists()
04-17 10:30:34.608 21257 21257 D CubicBezierInterpolator: CubicBezierInterpolator  mControlPoint1x = 0.23, mControlPoint1y = 0.06, mControlPoint2x = 0.09, mControlPoint2y = 0.97
04-17 10:30:34.608 21257 21257 D CubicBezierInterpolator: CubicBezierInterpolator  mControlPoint1x = 0.6, mControlPoint1y = 0.9, mControlPoint2x = 0.8, mControlPoint2y = 1.0
04-17 10:30:34.608 21257 21257 D CubicBezierInterpolator: CubicBezierInterpolator  mControlPoint1x = 0.23, mControlPoint1y = 0.06, mControlPoint2x = 0.09, mControlPoint2y = 0.97
04-17 10:30:34.608 21257 21257 D CubicBezierInterpolator: CubicBezierInterpolator  mControlPoint1x = 0.6, mControlPoint1y = 0.9, mControlPoint2x = 0.8, mControlPoint2y = 1.0
04-17 10:30:34.624 21257 21257 D HwWechatOptimizeImpl: mIsEffect:false
04-17 10:30:34.625 21257 21257 D HwRTBlurUtils: check blur style for HwPhoneWindow, themeResId : 0x7f0d000d, context : com.keepassdroid.fileselect.FileSelectActivity@1634f9f, Nhwext : 0, get Blur : disable with , null
04-17 10:30:34.625 21257 21257 W WindowDecorActionBar: should not do the transition or the transition anim is null or it is running or the mContainer view is null or mContainer view hasn't been drawn to screen 
04-17 10:30:34.626 21257 21257 E HwResourcesImpl: readDefaultConfig : FileNotFoundException
04-17 10:30:34.633 21257 21257 I HwCust  : Constructor found for class android.content.res.HwCustHwResourcesImpl
04-17 10:30:34.633 21257 21257 D HwCust  : Create obj success use class android.content.res.HwCustHwResourcesImpl
04-17 10:30:34.647 21257 21257 I HwApiCacheMangerEx: apicache oUid 10809
04-17 10:30:34.647 21257 21257 I HwApiCacheMangerEx: apicache volumes [Landroid.os.storage.StorageVolume;@1aa7b86
04-17 10:30:34.650 21257 21257 D ActivityThread: add activity client record, r= ActivityRecord{7b1e59d token=android.os.BinderProxy@1cba1f9 {com.android.keepass/com.keepassdroid.fileselect.FileSelectActivity}} token= android.os.BinderProxy@1cba1f9
04-17 10:30:34.651 21257 21257 I HwApiCacheMangerEx: apicache oUid 10809
04-17 10:30:34.651 21257 21257 I HwApiCacheMangerEx: apicache volumes [Landroid.os.storage.StorageVolume;@1aa7b86
04-17 10:30:34.651 21257 21257 I HwApiCacheMangerEx: apicache oUid 10809
04-17 10:30:34.651 21257 21257 I HwApiCacheMangerEx: apicache volumes [Landroid.os.storage.StorageVolume;@f22ca12
04-17 10:30:34.656 21257 21257 D OpenGLRenderer:   HWUI Binary is  enabled
04-17 10:30:34.658 21257 21280 D OpenGLRenderer: HWUI GL Pipeline
04-17 10:30:34.672 21257 21257 I PressGestureDetector: onAttached begin
04-17 10:30:34.673 21257 21257 I PressGestureDetector: onAttached end
04-17 10:30:34.675 21257 21281 I PressGestureDetector: enabledInPad = false,isPcCastMode = false
04-17 10:30:34.698 21257 21280 I OpenGLRenderer: Initialized EGL, version 1.4
04-17 10:30:34.698 21257 21280 D OpenGLRenderer: Swap behavior 2
04-17 10:30:34.703 21257 21280 D mali_winsys: EGLint new_window_surface(egl_winsys_display *, void *, EGLSurface, EGLConfig, egl_winsys_surface **, egl_color_buffer_format *, EGLBoolean) returns 0x3000
04-17 10:30:34.703 21257 21280 E vndksupport: Could not load vendor/lib64/egl/libGLES_mali_v2.so from sphal namespace: dlopen failed: library "vendor/lib64/egl/libGLES_mali_v2.so" not found.
04-17 10:30:34.712 21257 21262 I zygote64: Do partial code cache collection, code=27KB, data=24KB
04-17 10:30:34.712 21257 21262 I zygote64: After code cache collection, code=26KB, data=23KB
04-17 10:30:34.712 21257 21262 I zygote64: Increasing code cache capacity to 128KB
04-17 10:30:34.724 21257 21257 W InputMethodManager: startInputReason = 1
04-17 10:30:34.740 21257 21257 W InputMethodManager: startInputReason = 5
04-17 10:30:35.415 21257 21257 I hwaps   : JNI_OnLoad
04-17 10:30:35.416 21257 21257 W Settings: mValues not put! needsGenerationTracker: true currentGeneration: -1 name: enable_navbar value: 0
04-17 10:30:35.520 21257 21257 V AudioManager: playSoundEffect   effectType: 0
04-17 10:30:35.521 21257 21257 D fixeh   : current stack is java.lang.SecurityException: 
04-17 10:30:35.521 21257 21257 D fixeh   : 	at com.keepassdroid.fileselect.FileSelectActivity.createFile(FileSelectActivity.java:97)
04-17 10:30:35.521 21257 21257 D fixeh   : 	at com.keepassdroid.fileselect.FileSelectActivity.access$000(FileSelectActivity.java:78)
04-17 10:30:35.521 21257 21257 D fixeh   : 	at com.keepassdroid.fileselect.FileSelectActivity$3.onClick(FileSelectActivity.java:215)
04-17 10:30:35.521 21257 21257 D fixeh   : 	at android.view.View.performClick(View.java:6291)
04-17 10:30:35.521 21257 21257 D fixeh   : 	at android.view.View$PerformClick.run(View.java:24931)
04-17 10:30:35.521 21257 21257 D fixeh   : 	at android.os.Handler.handleCallback(Handler.java:808)
04-17 10:30:35.521 21257 21257 D fixeh   : 	at android.os.Handler.dispatchMessage(Handler.java:101)
04-17 10:30:35.521 21257 21257 D fixeh   : 	at android.os.Looper.loop(Looper.java:166)
04-17 10:30:35.521 21257 21257 D fixeh   : 	at android.app.ActivityThread.main(ActivityThread.java:7529)
04-17 10:30:35.521 21257 21257 D fixeh   : 	at java.lang.reflect.Method.invoke(Native Method)
04-17 10:30:35.521 21257 21257 D fixeh   : 	at com.android.internal.os.Zygote$MethodAndArgsCaller.run(Zygote.java:245)
04-17 10:30:35.521 21257 21257 D fixeh   : 	at com.android.internal.os.ZygoteInit.main(ZygoteInit.java:921)
04-17 10:30:35.521 21257 21257 I fixeh   : XMLCONTROLLER::entering(1) java.io.File: boolean exists() with exception java.lang.SecurityException and such exception entering(1)
04-17 10:30:35.521 21257 21257 I fixeh   : passing on java.io.File: boolean exists()
04-17 10:30:35.522 21257 21257 D fixeh   : current stack is java.lang.SecurityException: 
04-17 10:30:35.522 21257 21257 D fixeh   : 	at com.keepassdroid.fileselect.FileSelectActivity.createFile(FileSelectActivity.java:105)
04-17 10:30:35.522 21257 21257 D fixeh   : 	at com.keepassdroid.fileselect.FileSelectActivity.access$000(FileSelectActivity.java:78)
04-17 10:30:35.522 21257 21257 D fixeh   : 	at com.keepassdroid.fileselect.FileSelectActivity$3.onClick(FileSelectActivity.java:215)
04-17 10:30:35.522 21257 21257 D fixeh   : 	at android.view.View.performClick(View.java:6291)
04-17 10:30:35.522 21257 21257 D fixeh   : 	at android.view.View$PerformClick.run(View.java:24931)
04-17 10:30:35.522 21257 21257 D fixeh   : 	at android.os.Handler.handleCallback(Handler.java:808)
04-17 10:30:35.522 21257 21257 D fixeh   : 	at android.os.Handler.dispatchMessage(Handler.java:101)
04-17 10:30:35.522 21257 21257 D fixeh   : 	at android.os.Looper.loop(Looper.java:166)
04-17 10:30:35.522 21257 21257 D fixeh   : 	at android.app.ActivityThread.main(ActivityThread.java:7529)
04-17 10:30:35.522 21257 21257 D fixeh   : 	at java.lang.reflect.Method.invoke(Native Method)
04-17 10:30:35.522 21257 21257 D fixeh   : 	at com.android.internal.os.Zygote$MethodAndArgsCaller.run(Zygote.java:245)
04-17 10:30:35.522 21257 21257 D fixeh   : 	at com.android.internal.os.ZygoteInit.main(ZygoteInit.java:921)
04-17 10:30:35.522 21257 21257 I fixeh   : XMLCONTROLLER::entering(2) java.io.File: boolean exists() with exception java.lang.SecurityException and such exception entering(2)
04-17 10:30:35.522 21257 21257 I fixeh   : passing on java.io.File: boolean exists()
04-17 10:30:35.522 21257 21257 D fixeh   : current stack is java.lang.SecurityException: 
04-17 10:30:35.522 21257 21257 D fixeh   : 	at com.keepassdroid.fileselect.FileSelectActivity.createFile(FileSelectActivity.java:107)
04-17 10:30:35.522 21257 21257 D fixeh   : 	at com.keepassdroid.fileselect.FileSelectActivity.access$000(FileSelectActivity.java:78)
04-17 10:30:35.522 21257 21257 D fixeh   : 	at com.keepassdroid.fileselect.FileSelectActivity$3.onClick(FileSelectActivity.java:215)
04-17 10:30:35.522 21257 21257 D fixeh   : 	at android.view.View.performClick(View.java:6291)
04-17 10:30:35.522 21257 21257 D fixeh   : 	at android.view.View$PerformClick.run(View.java:24931)
04-17 10:30:35.522 21257 21257 D fixeh   : 	at android.os.Handler.handleCallback(Handler.java:808)
04-17 10:30:35.522 21257 21257 D fixeh   : 	at android.os.Handler.dispatchMessage(Handler.java:101)
04-17 10:30:35.522 21257 21257 D fixeh   : 	at android.os.Looper.loop(Looper.java:166)
04-17 10:30:35.522 21257 21257 D fixeh   : 	at android.app.ActivityThread.main(ActivityThread.java:7529)
04-17 10:30:35.522 21257 21257 D fixeh   : 	at java.lang.reflect.Method.invoke(Native Method)
04-17 10:30:35.522 21257 21257 D fixeh   : 	at com.android.internal.os.Zygote$MethodAndArgsCaller.run(Zygote.java:245)
04-17 10:30:35.522 21257 21257 D fixeh   : 	at com.android.internal.os.ZygoteInit.main(ZygoteInit.java:921)
04-17 10:30:35.522 21257 21257 I fixeh   : XMLCONTROLLER::entering(0) java.io.File: boolean isDirectory() with exception java.lang.SecurityException and such exception entering(3)
04-17 10:30:35.522 21257 21257 I fixeh   : passing on java.io.File: boolean isDirectory()
04-17 10:30:35.522 21257 21257 D fixeh   : current stack is java.lang.SecurityException: 
04-17 10:30:35.522 21257 21257 D fixeh   : 	at com.keepassdroid.fileselect.FileSelectActivity.createFile(FileSelectActivity.java:107)
04-17 10:30:35.522 21257 21257 D fixeh   : 	at com.keepassdroid.fileselect.FileSelectActivity.access$000(FileSelectActivity.java:78)
04-17 10:30:35.522 21257 21257 D fixeh   : 	at com.keepassdroid.fileselect.FileSelectActivity$3.onClick(FileSelectActivity.java:215)
04-17 10:30:35.522 21257 21257 D fixeh   : 	at android.view.View.performClick(View.java:6291)
04-17 10:30:35.522 21257 21257 D fixeh   : 	at android.view.View$PerformClick.run(View.java:24931)
04-17 10:30:35.522 21257 21257 D fixeh   : 	at android.os.Handler.handleCallback(Handler.java:808)
04-17 10:30:35.522 21257 21257 D fixeh   : 	at android.os.Handler.dispatchMessage(Handler.java:101)
04-17 10:30:35.522 21257 21257 D fixeh   : 	at android.os.Looper.loop(Looper.java:166)
04-17 10:30:35.522 21257 21257 D fixeh   : 	at android.app.ActivityThread.main(ActivityThread.java:7529)
04-17 10:30:35.522 21257 21257 D fixeh   : 	at java.lang.reflect.Method.invoke(Native Method)
04-17 10:30:35.522 21257 21257 D fixeh   : 	at com.android.internal.os.Zygote$MethodAndArgsCaller.run(Zygote.java:245)
04-17 10:30:35.522 21257 21257 D fixeh   : 	at com.android.internal.os.ZygoteInit.main(ZygoteInit.java:921)
04-17 10:30:35.522 21257 21257 I fixeh   : XMLCONTROLLER::entering(3) java.io.File: boolean exists() with exception java.lang.SecurityException and such exception entering(4)
04-17 10:30:35.522 21257 21257 I fixeh   : passing on java.io.File: boolean exists()
04-17 10:30:35.522 21257 21257 D fixeh   : current stack is java.io.IOException: 
04-17 10:30:35.522 21257 21257 D fixeh   : 	at com.keepassdroid.fileselect.FileSelectActivity.createFile(FileSelectActivity.java:119)
04-17 10:30:35.522 21257 21257 D fixeh   : 	at com.keepassdroid.fileselect.FileSelectActivity.access$000(FileSelectActivity.java:78)
04-17 10:30:35.522 21257 21257 D fixeh   : 	at com.keepassdroid.fileselect.FileSelectActivity$3.onClick(FileSelectActivity.java:215)
04-17 10:30:35.522 21257 21257 D fixeh   : 	at android.view.View.performClick(View.java:6291)
04-17 10:30:35.522 21257 21257 D fixeh   : 	at android.view.View$PerformClick.run(View.java:24931)
04-17 10:30:35.522 21257 21257 D fixeh   : 	at android.os.Handler.handleCallback(Handler.java:808)
04-17 10:30:35.522 21257 21257 D fixeh   : 	at android.os.Handler.dispatchMessage(Handler.java:101)
04-17 10:30:35.522 21257 21257 D fixeh   : 	at android.os.Looper.loop(Looper.java:166)
04-17 10:30:35.522 21257 21257 D fixeh   : 	at android.app.ActivityThread.main(ActivityThread.java:7529)
04-17 10:30:35.522 21257 21257 D fixeh   : 	at java.lang.reflect.Method.invoke(Native Method)
04-17 10:30:35.522 21257 21257 D fixeh   : 	at com.android.internal.os.Zygote$MethodAndArgsCaller.run(Zygote.java:245)
04-17 10:30:35.522 21257 21257 D fixeh   : 	at com.android.internal.os.ZygoteInit.main(ZygoteInit.java:921)
04-17 10:30:35.522 21257 21257 I fixeh   : XMLCONTROLLER::entering(0) java.io.File: boolean createNewFile() with exception java.io.IOException and such exception entering(0)
04-17 10:30:35.522 21257 21257 I fixeh   : triggering exception on java.io.File: boolean createNewFile()
04-17 10:30:35.522 21257 21257 I fixeh   : java.io.IOException: 
04-17 10:30:35.522 21257 21257 I fixeh   : 	at com.keepassdroid.fileselect.FileSelectActivity.createFile(FileSelectActivity.java:119)
04-17 10:30:35.522 21257 21257 I fixeh   : 	at com.keepassdroid.fileselect.FileSelectActivity.access$000(FileSelectActivity.java:78)
04-17 10:30:35.522 21257 21257 I fixeh   : 	at com.keepassdroid.fileselect.FileSelectActivity$3.onClick(FileSelectActivity.java:215)
04-17 10:30:35.522 21257 21257 I fixeh   : 	at android.view.View.performClick(View.java:6291)
04-17 10:30:35.522 21257 21257 I fixeh   : 	at android.view.View$PerformClick.run(View.java:24931)
04-17 10:30:35.522 21257 21257 I fixeh   : 	at android.os.Handler.handleCallback(Handler.java:808)
04-17 10:30:35.522 21257 21257 I fixeh   : 	at android.os.Handler.dispatchMessage(Handler.java:101)
04-17 10:30:35.522 21257 21257 I fixeh   : 	at android.os.Looper.loop(Looper.java:166)
04-17 10:30:35.522 21257 21257 I fixeh   : 	at android.app.ActivityThread.main(ActivityThread.java:7529)
04-17 10:30:35.522 21257 21257 I fixeh   : 	at java.lang.reflect.Method.invoke(Native Method)
04-17 10:30:35.522 21257 21257 I fixeh   : 	at com.android.internal.os.Zygote$MethodAndArgsCaller.run(Zygote.java:245)
04-17 10:30:35.522 21257 21257 I fixeh   : 	at com.android.internal.os.ZygoteInit.main(ZygoteInit.java:921)
04-17 10:30:35.524 21257 21257 D HwRTBlurUtils: check blur style for HwToast-Toast, themeResId : 0x7f0d000d, context : com.keepassdroid.fileselect.FileSelectActivity@1634f9f, Nhwext : 6, get Blur : disable with , android.graphics.drawable.NinePatchDrawable@b08d973
04-17 10:30:35.533  1886  2331 I ash     : view add pid:21257 uid:10809
04-17 10:30:35.534 21257 21280 D OpenGLRenderer:   HWUI Binary is  enabled
04-17 10:30:35.539 21257 21257 W ViewRootImpl[Toast]: EGLdebug relayoutWindow Surface isSurface(name=null)  (appName =com.android.keepass) ( mSurfaceControllerIsValid =false) (mNativeObject  =0)/@0x3f403eb,viewVisibility is0
04-17 10:30:35.545 21257 21257 W ViewRootImpl[Toast]: EGLdebug relayoutWindow Surface isSurface(name=null)  (appName =com.android.keepass) ( mSurfaceControllerIsValid =true) (mNativeObject  =77fcabe000)/@0x3f403eb,relayoutResult is7
04-17 10:30:35.545 21257 21257 W ViewRootImpl[Toast]: EGLdebug Surface isSurface(name=null)  (appName =com.android.keepass) ( mSurfaceControllerIsValid =true) (mNativeObject  =77fcabe000)/@0x3f403eb
04-17 10:30:35.550 21257 21280 D mali_winsys: EGLint new_window_surface(egl_winsys_display *, void *, EGLSurface, EGLConfig, egl_winsys_surface **, egl_color_buffer_format *, EGLBoolean) returns 0x3000
04-17 10:30:35.550 21257 21280 D OpenGLRenderer:   HWUI Binary is  enabled
04-17 10:30:39.032  1886  2331 I ash     : view remove pid:21257 uid:10809
04-17 10:30:39.055 21257 21280 W libEGL  : EGLNativeWindowType 0x77fcabe010 disconnect failed
04-17 10:30:34.471 21257 21257 I         : power log dlsym ok
04-17 10:30:34.473   698  9647 I ActivityManager: Start proc 21257:com.android.keepass/u0a809 for activity com.android.keepass/.KeePass
04-17 10:30:34.475   698  9647 V ActivityManager: startProcess: name=com.android.keepass app=ProcessRecord{8a46f14 21257:com.android.keepass/u0a809} knownToBeDead=true thread=null pid=21257
04-17 10:30:34.477 21257 21257 I zygote64: Reinit property: dalvik.vm.checkjni= false
04-17 10:30:34.485 21257 21257 D ActivityThread: ActivityThread,attachApplication
04-17 10:30:34.487   698  1911 D ActivityManager: ActivityManagerService,attachApplication,callingPid = 21257
04-17 10:30:34.508   698  1109 D HwGameAssistantController: pid=21257, uid=10809, foreground=true
04-17 10:30:34.522 21257 21257 D HwFLClassLoader: get used feature list :/feature/used-list failed!
04-17 10:30:34.522 21257 21273 I HwApiCacheMangerEx: apicache mCurPackageName=com.android.keepass uptimes=57653671
04-17 10:30:34.522 21257 21257 D HwFLClassLoader: USE_FEATURE_LIST had not init! 
04-17 10:30:34.525 21257 21273 I HwApiCacheMangerEx: apicache oUid null
04-17 10:30:34.525 21257 21273 I HwApiCacheMangerEx: apicache volumes null
04-17 10:30:34.526 21257 21273 I HwApiCacheMangerEx: apicache path=/storage/emulated/0 state=mounted key=com.android.keepass#10809#256
04-17 10:30:34.526 21257 21273 I HwApiCacheMangerEx: apicache oUid 10809
04-17 10:30:34.526 21257 21273 I HwApiCacheMangerEx: apicache volumes null
04-17 10:30:34.527 21257 21273 I HwApiCacheMangerEx: apicache path=/storage/emulated/0 state=mounted key=com.android.keepass#10809#0
04-17 10:30:34.527 21257 21273 I HwApiCacheMangerEx: apicache async read begin packageName=com.android.keepass userid=0
04-17 10:30:34.527 21257 21273 I HwApiCacheMangerEx: apicache pi null
04-17 10:30:34.530 21257 21273 I chatty  : uid=10809(u0_a809) queued-work-loo identical 1 line
04-17 10:30:34.531 21257 21273 I HwApiCacheMangerEx: apicache pi null
04-17 10:30:34.532 21257 21273 I HwApiCacheMangerEx: apicache oUid null
04-17 10:30:34.532 21257 21273 I HwApiCacheMangerEx: apicache async read finished packageName=com.android.keepass userid=0 totalus=5180
04-17 10:30:34.542 21257 21257 I HwApiCacheMangerEx: apicache pi null
04-17 10:30:34.548 21257 21257 I fixeh   : Generating GeneralControlPolicy from local config
04-17 10:30:34.548 21257 21257 I fixeh   : Enter policy is GeneralControlPolicy {limit: -1, exclude: false, packages: null, classes: null, methods: null, pattern: null method patterns:null} expections: {java.io.IOException}, expectionsPattern: null,expectionStackRepeat: {(java.io.IOException,-1)} filterpackages: null filterclasses: null filtermethodss: null filterstackkeywords: null
04-17 10:30:34.548 21257 21257 I fixeh   : find local dir!
04-17 10:30:34.548 21257 21257 I fixeh   : find tmp dir!
04-17 10:30:34.548 21257 21257 I fixeh   : find fixeh-p!!
04-17 10:30:34.549 21257 21257 I fixeh   : Start watching config file /data/local/tmp/fixeh-policy.xml
04-17 10:30:34.552 21257 21273 E MemoryLeakMonitorManager: MemoryLeakMonitor.jar is not exist!
04-17 10:30:34.553 21257 21257 E Minikin : Could not get cmap table size!
04-17 10:30:34.559 21257 21257 I HwCust  : Constructor found for class android.app.HwCustActivityImpl
04-17 10:30:34.559 21257 21257 D HwCust  : Create obj success use class android.app.HwCustActivityImpl
04-17 10:30:34.561 21257 21257 V HwPolicyFactory: : success to get AllImpl object and return....
04-17 10:30:34.563 21257 21257 I HwCust  : Constructor found for class android.app.HwCustHwWallpaperManagerImpl
04-17 10:30:34.563 21257 21257 D HwCust  : Create obj success use class android.app.HwCustHwWallpaperManagerImpl
04-17 10:30:34.565 21257 21257 V ActivityThread: ActivityThread,callActivityOnCreate
04-17 10:30:34.566 21257 21257 V HwWidgetFactory: : successes to get AllImpl object and return....
04-17 10:30:34.574 21257 21257 D CubicBezierInterpolator: CubicBezierInterpolator  mControlPoint1x = 0.23, mControlPoint1y = 0.06, mControlPoint2x = 0.09, mControlPoint2y = 0.97
04-17 10:30:34.574 21257 21257 D CubicBezierInterpolator: CubicBezierInterpolator  mControlPoint1x = 0.6, mControlPoint1y = 0.9, mControlPoint2x = 0.8, mControlPoint2y = 1.0
04-17 10:30:34.574 21257 21257 D CubicBezierInterpolator: CubicBezierInterpolator  mControlPoint1x = 0.23, mControlPoint1y = 0.06, mControlPoint2x = 0.09, mControlPoint2y = 0.97
04-17 10:30:34.574 21257 21257 D CubicBezierInterpolator: CubicBezierInterpolator  mControlPoint1x = 0.6, mControlPoint1y = 0.9, mControlPoint2x = 0.8, mControlPoint2y = 1.0
04-17 10:30:34.579 21257 21257 D HwGalleryCacheManagerImpl: mIsEffect:false
04-17 10:30:34.594 21257 21257 D ActivityThread: add activity client record, r= ActivityRecord{a6f20c0 token=android.os.BinderProxy@e72edb7 {com.android.keepass/com.android.keepass.KeePass}} token= android.os.BinderProxy@e72edb7
04-17 10:30:34.605 21257 21257 D HwCust  : Create obj success use class android.app.HwCustActivityImpl
04-17 10:30:34.605 21257 21257 D HwCust  : Create obj success use class android.app.HwCustHwWallpaperManagerImpl
04-17 10:30:34.606 21257 21257 V ActivityThread: ActivityThread,callActivityOnCreate
04-17 10:30:34.606 21257 21257 D fixeh   : current stack is java.lang.SecurityException: 
04-17 10:30:34.606 21257 21257 D fixeh   : 	at com.keepassdroid.fileselect.RecentFileHistory.sqlDatabaseExists(RecentFileHistory.java:124)
04-17 10:30:34.606 21257 21257 D fixeh   : 	at com.keepassdroid.fileselect.RecentFileHistory.upgradeFromSQL(RecentFileHistory.java:81)
04-17 10:30:34.606 21257 21257 D fixeh   : 	at com.keepassdroid.fileselect.RecentFileHistory.init(RecentFileHistory.java:69)
04-17 10:30:34.606 21257 21257 D fixeh   : 	at com.keepassdroid.fileselect.RecentFileHistory.hasRecentFiles(RecentFileHistory.java:148)
04-17 10:30:34.606 21257 21257 D fixeh   : 	at com.keepassdroid.fileselect.FileSelectActivity.onCreate(FileSelectActivity.java:156)
04-17 10:30:34.606 21257 21257 D fixeh   : 	at android.app.Activity.performCreate(Activity.java:7383)
04-17 10:30:34.606 21257 21257 D fixeh   : 	at android.app.Instrumentation.callActivityOnCreate(Instrumentation.java:1218)
04-17 10:30:34.606 21257 21257 D fixeh   : 	at android.app.ActivityThread.performLaunchActivity(ActivityThread.java:3256)
04-17 10:30:34.606 21257 21257 D fixeh   : 	at android.app.ActivityThread.handleLaunchActivity(ActivityThread.java:3411)
04-17 10:30:34.606 21257 21257 D fixeh   : 	at android.app.ActivityThread.-wrap12(Unknown Source:0)
04-17 10:30:34.606 21257 21257 D fixeh   : 	at android.app.ActivityThread$H.handleMessage(ActivityThread.java:1994)
04-17 10:30:34.606 21257 21257 D fixeh   : 	at android.os.Handler.dispatchMessage(Handler.java:108)
04-17 10:30:34.606 21257 21257 D fixeh   : 	at android.os.Looper.loop(Looper.java:166)
04-17 10:30:34.606 21257 21257 D fixeh   : 	at android.app.ActivityThread.main(ActivityThread.java:7529)
04-17 10:30:34.606 21257 21257 D fixeh   : 	at java.lang.reflect.Method.invoke(Native Method)
04-17 10:30:34.606 21257 21257 D fixeh   : 	at com.android.internal.os.Zygote$MethodAndArgsCaller.run(Zygote.java:245)
04-17 10:30:34.606 21257 21257 D fixeh   : 	at com.android.internal.os.ZygoteInit.main(ZygoteInit.java:921)
04-17 10:30:34.606 21257 21257 I fixeh   : XMLCONTROLLER::entering(0) java.io.File: boolean exists() with exception java.lang.SecurityException and such exception entering(0)
04-17 10:30:34.606 21257 21257 I fixeh   : passing on java.io.File: boolean exists()
04-17 10:30:34.608 21257 21257 D CubicBezierInterpolator: CubicBezierInterpolator  mControlPoint1x = 0.23, mControlPoint1y = 0.06, mControlPoint2x = 0.09, mControlPoint2y = 0.97
04-17 10:30:34.608 21257 21257 D CubicBezierInterpolator: CubicBezierInterpolator  mControlPoint1x = 0.6, mControlPoint1y = 0.9, mControlPoint2x = 0.8, mControlPoint2y = 1.0
04-17 10:30:34.608 21257 21257 D CubicBezierInterpolator: CubicBezierInterpolator  mControlPoint1x = 0.23, mControlPoint1y = 0.06, mControlPoint2x = 0.09, mControlPoint2y = 0.97
04-17 10:30:34.608 21257 21257 D CubicBezierInterpolator: CubicBezierInterpolator  mControlPoint1x = 0.6, mControlPoint1y = 0.9, mControlPoint2x = 0.8, mControlPoint2y = 1.0
04-17 10:30:34.624 21257 21257 D HwWechatOptimizeImpl: mIsEffect:false
04-17 10:30:34.625 21257 21257 D HwRTBlurUtils: check blur style for HwPhoneWindow, themeResId : 0x7f0d000d, context : com.keepassdroid.fileselect.FileSelectActivity@1634f9f, Nhwext : 0, get Blur : disable with , null
04-17 10:30:34.625 21257 21257 W WindowDecorActionBar: should not do the transition or the transition anim is null or it is running or the mContainer view is null or mContainer view hasn't been drawn to screen 
04-17 10:30:34.626 21257 21257 E HwResourcesImpl: readDefaultConfig : FileNotFoundException
04-17 10:30:34.633 21257 21257 I HwCust  : Constructor found for class android.content.res.HwCustHwResourcesImpl
04-17 10:30:34.633 21257 21257 D HwCust  : Create obj success use class android.content.res.HwCustHwResourcesImpl
04-17 10:30:34.647 21257 21257 I HwApiCacheMangerEx: apicache oUid 10809
04-17 10:30:34.647 21257 21257 I HwApiCacheMangerEx: apicache volumes [Landroid.os.storage.StorageVolume;@1aa7b86
04-17 10:30:34.650 21257 21257 D ActivityThread: add activity client record, r= ActivityRecord{7b1e59d token=android.os.BinderProxy@1cba1f9 {com.android.keepass/com.keepassdroid.fileselect.FileSelectActivity}} token= android.os.BinderProxy@1cba1f9
04-17 10:30:34.651 21257 21257 I HwApiCacheMangerEx: apicache oUid 10809
04-17 10:30:34.651 21257 21257 I HwApiCacheMangerEx: apicache volumes [Landroid.os.storage.StorageVolume;@1aa7b86
04-17 10:30:34.651 21257 21257 I HwApiCacheMangerEx: apicache oUid 10809
04-17 10:30:34.651 21257 21257 I HwApiCacheMangerEx: apicache volumes [Landroid.os.storage.StorageVolume;@f22ca12
04-17 10:30:34.656 21257 21257 D OpenGLRenderer:   HWUI Binary is  enabled
04-17 10:30:34.658 21257 21280 D OpenGLRenderer: HWUI GL Pipeline
04-17 10:30:34.672 21257 21257 I PressGestureDetector: onAttached begin
04-17 10:30:34.673 21257 21257 I PressGestureDetector: onAttached end
04-17 10:30:34.675 21257 21281 I PressGestureDetector: enabledInPad = false,isPcCastMode = false
04-17 10:30:34.698 21257 21280 I OpenGLRenderer: Initialized EGL, version 1.4
04-17 10:30:34.698 21257 21280 D OpenGLRenderer: Swap behavior 2
04-17 10:30:34.703 21257 21280 D mali_winsys: EGLint new_window_surface(egl_winsys_display *, void *, EGLSurface, EGLConfig, egl_winsys_surface **, egl_color_buffer_format *, EGLBoolean) returns 0x3000
04-17 10:30:34.703 21257 21280 E vndksupport: Could not load vendor/lib64/egl/libGLES_mali_v2.so from sphal namespace: dlopen failed: library "vendor/lib64/egl/libGLES_mali_v2.so" not found.
04-17 10:30:34.712 21257 21262 I zygote64: Do partial code cache collection, code=27KB, data=24KB
04-17 10:30:34.712 21257 21262 I zygote64: After code cache collection, code=26KB, data=23KB
04-17 10:30:34.712 21257 21262 I zygote64: Increasing code cache capacity to 128KB
04-17 10:30:34.724 21257 21257 W InputMethodManager: startInputReason = 1
04-17 10:30:34.740 21257 21257 W InputMethodManager: startInputReason = 5
04-17 10:30:35.415 21257 21257 I hwaps   : JNI_OnLoad
04-17 10:30:35.416 21257 21257 W Settings: mValues not put! needsGenerationTracker: true currentGeneration: -1 name: enable_navbar value: 0
04-17 10:30:35.520 21257 21257 V AudioManager: playSoundEffect   effectType: 0
04-17 10:30:35.521 21257 21257 D fixeh   : current stack is java.lang.SecurityException: 
04-17 10:30:35.521 21257 21257 D fixeh   : 	at com.keepassdroid.fileselect.FileSelectActivity.createFile(FileSelectActivity.java:97)
04-17 10:30:35.521 21257 21257 D fixeh   : 	at com.keepassdroid.fileselect.FileSelectActivity.access$000(FileSelectActivity.java:78)
04-17 10:30:35.521 21257 21257 D fixeh   : 	at com.keepassdroid.fileselect.FileSelectActivity$3.onClick(FileSelectActivity.java:215)
04-17 10:30:35.521 21257 21257 D fixeh   : 	at android.view.View.performClick(View.java:6291)
04-17 10:30:35.521 21257 21257 D fixeh   : 	at android.view.View$PerformClick.run(View.java:24931)
04-17 10:30:35.521 21257 21257 D fixeh   : 	at android.os.Handler.handleCallback(Handler.java:808)
04-17 10:30:35.521 21257 21257 D fixeh   : 	at android.os.Handler.dispatchMessage(Handler.java:101)
04-17 10:30:35.521 21257 21257 D fixeh   : 	at android.os.Looper.loop(Looper.java:166)
04-17 10:30:35.521 21257 21257 D fixeh   : 	at android.app.ActivityThread.main(ActivityThread.java:7529)
04-17 10:30:35.521 21257 21257 D fixeh   : 	at java.lang.reflect.Method.invoke(Native Method)
04-17 10:30:35.521 21257 21257 D fixeh   : 	at com.android.internal.os.Zygote$MethodAndArgsCaller.run(Zygote.java:245)
04-17 10:30:35.521 21257 21257 D fixeh   : 	at com.android.internal.os.ZygoteInit.main(ZygoteInit.java:921)
04-17 10:30:35.521 21257 21257 I fixeh   : XMLCONTROLLER::entering(1) java.io.File: boolean exists() with exception java.lang.SecurityException and such exception entering(1)
04-17 10:30:35.521 21257 21257 I fixeh   : passing on java.io.File: boolean exists()
04-17 10:30:35.522 21257 21257 D fixeh   : current stack is java.lang.SecurityException: 
04-17 10:30:35.522 21257 21257 D fixeh   : 	at com.keepassdroid.fileselect.FileSelectActivity.createFile(FileSelectActivity.java:105)
04-17 10:30:35.522 21257 21257 D fixeh   : 	at com.keepassdroid.fileselect.FileSelectActivity.access$000(FileSelectActivity.java:78)
04-17 10:30:35.522 21257 21257 D fixeh   : 	at com.keepassdroid.fileselect.FileSelectActivity$3.onClick(FileSelectActivity.java:215)
04-17 10:30:35.522 21257 21257 D fixeh   : 	at android.view.View.performClick(View.java:6291)
04-17 10:30:35.522 21257 21257 D fixeh   : 	at android.view.View$PerformClick.run(View.java:24931)
04-17 10:30:35.522 21257 21257 D fixeh   : 	at android.os.Handler.handleCallback(Handler.java:808)
04-17 10:30:35.522 21257 21257 D fixeh   : 	at android.os.Handler.dispatchMessage(Handler.java:101)
04-17 10:30:35.522 21257 21257 D fixeh   : 	at android.os.Looper.loop(Looper.java:166)
04-17 10:30:35.522 21257 21257 D fixeh   : 	at android.app.ActivityThread.main(ActivityThread.java:7529)
04-17 10:30:35.522 21257 21257 D fixeh   : 	at java.lang.reflect.Method.invoke(Native Method)
04-17 10:30:35.522 21257 21257 D fixeh   : 	at com.android.internal.os.Zygote$MethodAndArgsCaller.run(Zygote.java:245)
04-17 10:30:35.522 21257 21257 D fixeh   : 	at com.android.internal.os.ZygoteInit.main(ZygoteInit.java:921)
04-17 10:30:35.522 21257 21257 I fixeh   : XMLCONTROLLER::entering(2) java.io.File: boolean exists() with exception java.lang.SecurityException and such exception entering(2)
04-17 10:30:35.522 21257 21257 I fixeh   : passing on java.io.File: boolean exists()
04-17 10:30:35.522 21257 21257 D fixeh   : current stack is java.lang.SecurityException: 
04-17 10:30:35.522 21257 21257 D fixeh   : 	at com.keepassdroid.fileselect.FileSelectActivity.createFile(FileSelectActivity.java:107)
04-17 10:30:35.522 21257 21257 D fixeh   : 	at com.keepassdroid.fileselect.FileSelectActivity.access$000(FileSelectActivity.java:78)
04-17 10:30:35.522 21257 21257 D fixeh   : 	at com.keepassdroid.fileselect.FileSelectActivity$3.onClick(FileSelectActivity.java:215)
04-17 10:30:35.522 21257 21257 D fixeh   : 	at android.view.View.performClick(View.java:6291)
04-17 10:30:35.522 21257 21257 D fixeh   : 	at android.view.View$PerformClick.run(View.java:24931)
04-17 10:30:35.522 21257 21257 D fixeh   : 	at android.os.Handler.handleCallback(Handler.java:808)
04-17 10:30:35.522 21257 21257 D fixeh   : 	at android.os.Handler.dispatchMessage(Handler.java:101)
04-17 10:30:35.522 21257 21257 D fixeh   : 	at android.os.Looper.loop(Looper.java:166)
04-17 10:30:35.522 21257 21257 D fixeh   : 	at android.app.ActivityThread.main(ActivityThread.java:7529)
04-17 10:30:35.522 21257 21257 D fixeh   : 	at java.lang.reflect.Method.invoke(Native Method)
04-17 10:30:35.522 21257 21257 D fixeh   : 	at com.android.internal.os.Zygote$MethodAndArgsCaller.run(Zygote.java:245)
04-17 10:30:35.522 21257 21257 D fixeh   : 	at com.android.internal.os.ZygoteInit.main(ZygoteInit.java:921)
04-17 10:30:35.522 21257 21257 I fixeh   : XMLCONTROLLER::entering(0) java.io.File: boolean isDirectory() with exception java.lang.SecurityException and such exception entering(3)
04-17 10:30:35.522 21257 21257 I fixeh   : passing on java.io.File: boolean isDirectory()
04-17 10:30:35.522 21257 21257 D fixeh   : current stack is java.lang.SecurityException: 
04-17 10:30:35.522 21257 21257 D fixeh   : 	at com.keepassdroid.fileselect.FileSelectActivity.createFile(FileSelectActivity.java:107)
04-17 10:30:35.522 21257 21257 D fixeh   : 	at com.keepassdroid.fileselect.FileSelectActivity.access$000(FileSelectActivity.java:78)
04-17 10:30:35.522 21257 21257 D fixeh   : 	at com.keepassdroid.fileselect.FileSelectActivity$3.onClick(FileSelectActivity.java:215)
04-17 10:30:35.522 21257 21257 D fixeh   : 	at android.view.View.performClick(View.java:6291)
04-17 10:30:35.522 21257 21257 D fixeh   : 	at android.view.View$PerformClick.run(View.java:24931)
04-17 10:30:35.522 21257 21257 D fixeh   : 	at android.os.Handler.handleCallback(Handler.java:808)
04-17 10:30:35.522 21257 21257 D fixeh   : 	at android.os.Handler.dispatchMessage(Handler.java:101)
04-17 10:30:35.522 21257 21257 D fixeh   : 	at android.os.Looper.loop(Looper.java:166)
04-17 10:30:35.522 21257 21257 D fixeh   : 	at android.app.ActivityThread.main(ActivityThread.java:7529)
04-17 10:30:35.522 21257 21257 D fixeh   : 	at java.lang.reflect.Method.invoke(Native Method)
04-17 10:30:35.522 21257 21257 D fixeh   : 	at com.android.internal.os.Zygote$MethodAndArgsCaller.run(Zygote.java:245)
04-17 10:30:35.522 21257 21257 D fixeh   : 	at com.android.internal.os.ZygoteInit.main(ZygoteInit.java:921)
04-17 10:30:35.522 21257 21257 I fixeh   : XMLCONTROLLER::entering(3) java.io.File: boolean exists() with exception java.lang.SecurityException and such exception entering(4)
04-17 10:30:35.522 21257 21257 I fixeh   : passing on java.io.File: boolean exists()
04-17 10:30:35.522 21257 21257 D fixeh   : current stack is java.io.IOException: 
04-17 10:30:35.522 21257 21257 D fixeh   : 	at com.keepassdroid.fileselect.FileSelectActivity.createFile(FileSelectActivity.java:119)
04-17 10:30:35.522 21257 21257 D fixeh   : 	at com.keepassdroid.fileselect.FileSelectActivity.access$000(FileSelectActivity.java:78)
04-17 10:30:35.522 21257 21257 D fixeh   : 	at com.keepassdroid.fileselect.FileSelectActivity$3.onClick(FileSelectActivity.java:215)
04-17 10:30:35.522 21257 21257 D fixeh   : 	at android.view.View.performClick(View.java:6291)
04-17 10:30:35.522 21257 21257 D fixeh   : 	at android.view.View$PerformClick.run(View.java:24931)
04-17 10:30:35.522 21257 21257 D fixeh   : 	at android.os.Handler.handleCallback(Handler.java:808)
04-17 10:30:35.522 21257 21257 D fixeh   : 	at android.os.Handler.dispatchMessage(Handler.java:101)
04-17 10:30:35.522 21257 21257 D fixeh   : 	at android.os.Looper.loop(Looper.java:166)
04-17 10:30:35.522 21257 21257 D fixeh   : 	at android.app.ActivityThread.main(ActivityThread.java:7529)
04-17 10:30:35.522 21257 21257 D fixeh   : 	at java.lang.reflect.Method.invoke(Native Method)
04-17 10:30:35.522 21257 21257 D fixeh   : 	at com.android.internal.os.Zygote$MethodAndArgsCaller.run(Zygote.java:245)
04-17 10:30:35.522 21257 21257 D fixeh   : 	at com.android.internal.os.ZygoteInit.main(ZygoteInit.java:921)
04-17 10:30:35.522 21257 21257 I fixeh   : XMLCONTROLLER::entering(0) java.io.File: boolean createNewFile() with exception java.io.IOException and such exception entering(0)
04-17 10:30:35.522 21257 21257 I fixeh   : triggering exception on java.io.File: boolean createNewFile()
04-17 10:30:35.522 21257 21257 I fixeh   : java.io.IOException: 
04-17 10:30:35.522 21257 21257 I fixeh   : 	at com.keepassdroid.fileselect.FileSelectActivity.createFile(FileSelectActivity.java:119)
04-17 10:30:35.522 21257 21257 I fixeh   : 	at com.keepassdroid.fileselect.FileSelectActivity.access$000(FileSelectActivity.java:78)
04-17 10:30:35.522 21257 21257 I fixeh   : 	at com.keepassdroid.fileselect.FileSelectActivity$3.onClick(FileSelectActivity.java:215)
04-17 10:30:35.522 21257 21257 I fixeh   : 	at android.view.View.performClick(View.java:6291)
04-17 10:30:35.522 21257 21257 I fixeh   : 	at android.view.View$PerformClick.run(View.java:24931)
04-17 10:30:35.522 21257 21257 I fixeh   : 	at android.os.Handler.handleCallback(Handler.java:808)
04-17 10:30:35.522 21257 21257 I fixeh   : 	at android.os.Handler.dispatchMessage(Handler.java:101)
04-17 10:30:35.522 21257 21257 I fixeh   : 	at android.os.Looper.loop(Looper.java:166)
04-17 10:30:35.522 21257 21257 I fixeh   : 	at android.app.ActivityThread.main(ActivityThread.java:7529)
04-17 10:30:35.522 21257 21257 I fixeh   : 	at java.lang.reflect.Method.invoke(Native Method)
04-17 10:30:35.522 21257 21257 I fixeh   : 	at com.android.internal.os.Zygote$MethodAndArgsCaller.run(Zygote.java:245)
04-17 10:30:35.522 21257 21257 I fixeh   : 	at com.android.internal.os.ZygoteInit.main(ZygoteInit.java:921)
04-17 10:30:35.524 21257 21257 D HwRTBlurUtils: check blur style for HwToast-Toast, themeResId : 0x7f0d000d, context : com.keepassdroid.fileselect.FileSelectActivity@1634f9f, Nhwext : 6, get Blur : disable with , android.graphics.drawable.NinePatchDrawable@b08d973
04-17 10:30:35.533  1886  2331 I ash     : view add pid:21257 uid:10809
04-17 10:30:35.534 21257 21280 D OpenGLRenderer:   HWUI Binary is  enabled
04-17 10:30:35.539 21257 21257 W ViewRootImpl[Toast]: EGLdebug relayoutWindow Surface isSurface(name=null)  (appName =com.android.keepass) ( mSurfaceControllerIsValid =false) (mNativeObject  =0)/@0x3f403eb,viewVisibility is0
04-17 10:30:35.545 21257 21257 W ViewRootImpl[Toast]: EGLdebug relayoutWindow Surface isSurface(name=null)  (appName =com.android.keepass) ( mSurfaceControllerIsValid =true) (mNativeObject  =77fcabe000)/@0x3f403eb,relayoutResult is7
04-17 10:30:35.545 21257 21257 W ViewRootImpl[Toast]: EGLdebug Surface isSurface(name=null)  (appName =com.android.keepass) ( mSurfaceControllerIsValid =true) (mNativeObject  =77fcabe000)/@0x3f403eb
04-17 10:30:35.550 21257 21280 D mali_winsys: EGLint new_window_surface(egl_winsys_display *, void *, EGLSurface, EGLConfig, egl_winsys_surface **, egl_color_buffer_format *, EGLBoolean) returns 0x3000
04-17 10:30:35.550 21257 21280 D OpenGLRenderer:   HWUI Binary is  enabled
04-17 10:30:39.032  1886  2331 I ash     : view remove pid:21257 uid:10809
04-17 10:30:39.055 21257 21280 W libEGL  : EGLNativeWindowType 0x77fcabe010 disconnect failed
