04-19 13:21:35.802   698  8865 D ActivityManager: Skipping intent:act=android.intent.action.VIEW cat=[android.intent.category.DEFAULT,android.intent.category.BROWSABLE] dat=alipays://platformapi/startApp?appId=20000003&actionType=toBillDetails&tradeNO=2019041822001128481029114062_413564130249964922&tagfrom=push&tagid=_BotntvV2KW flg=0x10800000 pkg=com.eg.android.AlipayGphone cmp=com.eg.android.AlipayGphone/com.alipay.mobile.quinox.SchemeLauncherActivity
04-19 13:21:35.802   698  8865 D ActivityManager: Skipping intent:act=android.intent.action.MAIN flg=0x10840000 hwFlg=0x100 cmp=com.android.incallui/.InCallActivity
04-19 13:21:35.802   698  8865 D ActivityManager: Skipping intent:flg=0x10840000 hwFlg=0x100 cmp=com.android.deskclock/.alarmclock.LockAlarmFullActivity
04-19 13:21:35.802   698  8865 D ActivityManager: Skipping intent:flg=0x18800000 cmp=com.tencent.mm/.plugin.base.stub.WXEntryActivity
04-19 13:21:35.802   698  8865 D ActivityManager: Skipping intent:flg=0x18800000 cmp=com.tencent.mm/.plugin.base.stub.WXPayEntryActivity
04-19 13:21:35.802   698  8865 D ActivityManager: Skipping intent:flg=0x34800000 hwFlg=0x100 cmp=com.huawei.systemmanager/.spacecleanner.SpacePieceCleanActivity
04-19 13:21:35.802   698  8865 D ActivityManager: Skipping intent:flg=0x34800000 hwFlg=0x100 cmp=com.huawei.systemmanager/com.huawei.harassmentinterception.ui.InterceptionActivity
04-19 13:21:35.802   698  8865 D ActivityManager: Skipping intent:act=com.huawei.android.launcher.action.ACCESS_SPLIT_SCREEN_APP cat=[android.intent.category.DEFAULT] flg=0x10804000 cmp=com.huawei.android.launcher/.splitscreen.SplitScreenAppActivity
04-19 13:21:35.802   698  8865 D ActivityManager: Skipping intent:act=android.intent.action.VIEW dat=content://org.zywx.wbpalmstar.widgetone.uex11296876.fileprovider/download_apk/juneyaoair_53200.apk typ=application/vnd.android.package-archive flg=0x10800001 cmp=com.android.packageinstaller/.InstallStart
04-19 13:21:35.802   698  8865 D ActivityManager: Skipping intent:act=android.intent.action.VIEW cat=[android.intent.category.DEFAULT,android.intent.category.BROWSABLE] dat=alipays://platformapi/startApp?appId=20000003&actionType=toBillDetails&tradeNO=2019041822001428481029169399&tagfrom=push&tagid=_BotWZsOviN flg=0x10800000 pkg=com.eg.android.AlipayGphone cmp=com.eg.android.AlipayGphone/com.alipay.mobile.quinox.SchemeLauncherActivity
04-19 13:21:35.802   698  8865 D ActivityManager: Skipping intent:act=android.intent.action.VIEW cat=[android.intent.category.DEFAULT,android.intent.category.BROWSABLE] dat=alipays://platformapi/startApp?appId=20000003&actionType=toBillDetails&tradeNO=2019041722001428481028928267&tagfrom=push&tagid=_BoMiAnSc7N flg=0x10800000 pkg=com.eg.android.AlipayGphone cmp=com.eg.android.AlipayGphone/com.alipay.mobile.quinox.SchemeLauncherActivity
04-19 13:21:35.802   698  8865 D ActivityManager: Skipping intent:flg=0x10810000 cmp=cn.wps.moffice_eng/cn.wps.moffice.main.sniffermonitorad.ui.AdFloatActivity
04-19 13:21:35.802   698  8865 D ActivityManager: Skipping intent:act=android.intent.action.VIEW dat=content://com.tencent.mm.external.fileprovider/external/tencent/MicroMsg/Download/patch typ=application/octet-stream flg=0x10800001 pkg=cn.wps.moffice_eng cmp=cn.wps.moffice_eng/cn.wps.moffice.documentmanager.PreStartActivity2
04-19 13:21:35.802   698  8865 D ActivityManager: Skipping intent:act=android.intent.action.VIEW cat=[android.intent.category.DEFAULT,android.intent.category.BROWSABLE] dat=alipays://platformapi/startApp?appId=20000167&tUserId=2088512348862878&tUserType=1&tLoginId=186***3725&tagfrom=push&tagid=_f5a444459b9f93ff flg=0x10800000 pkg=com.eg.android.AlipayGphone cmp=com.eg.android.AlipayGphone/com.alipay.mobile.quinox.SchemeLauncherActivity
04-19 13:21:35.803 14278 14278 D TintManager: statusBarIconTint=#99FFFFFF,navigationBarIconTint=#FF000000
04-19 13:21:35.806   676   676 I GRALLOC : 	 shrFd=10,fmt=0x1,intFmt=0x200000001,btStrd=4352,size=8486912,pid=676 
04-19 13:21:35.806   676   676 I GRALLOC : 	 yuv=2,w=1080,h=1920,Stride u=0 v=0,offset u=0 v=0 
04-19 13:21:35.806   676   676 I GRALLOC : 	 iova_size=8486912,conUsg=0x900,proUsg=0x900,	 strd=1088,[afbc]HdrStrd=1088 PyldStrd=69632 Scrmbl=2,ionhnd = 1 
04-19 13:21:35.808 30799 30819 I OpenGLRenderer: Initialized EGL, version 1.4
04-19 13:21:35.808 30799 30819 D OpenGLRenderer: Swap behavior 2
04-19 13:21:35.809   676   676 I GRALLOC : 	 shrFd=10,fmt=0x1,intFmt=0x200000001,btStrd=4352,size=8486912,pid=676 
04-19 13:21:35.809   676   676 I GRALLOC : 	 yuv=2,w=1080,h=1920,Stride u=0 v=0,offset u=0 v=0 
04-19 13:21:35.809   676   676 I GRALLOC : 	 iova_size=8486912,conUsg=0x900,proUsg=0x900,	 strd=1088,[afbc]HdrStrd=1088 PyldStrd=69632 Scrmbl=2,ionhnd = 1 
04-19 13:21:35.812   676   676 I GRALLOC : 	 shrFd=10,fmt=0x1,intFmt=0x200000001,btStrd=4352,size=8486912,pid=676 
04-19 13:21:35.812   676   676 I GRALLOC : 	 yuv=2,w=1080,h=1920,Stride u=0 v=0,offset u=0 v=0 
04-19 13:21:35.812   676   676 I GRALLOC : 	 iova_size=8486912,conUsg=0x900,proUsg=0x900,	 strd=1088,[afbc]HdrStrd=1088 PyldStrd=69632 Scrmbl=2,ionhnd = 1 
04-19 13:21:35.816 14278 14278 D StatusBarIconController: setIconVisibility icon is null or visibility not change visibility=false
04-19 13:21:35.820 30799 30819 D mali_winsys: EGLint new_window_surface(egl_winsys_display *, void *, EGLSurface, EGLConfig, egl_winsys_surface **, egl_color_buffer_format *, EGLBoolean) returns 0x3000
04-19 13:21:35.821 30799 30819 E vndksupport: Could not load vendor/lib64/egl/libGLES_mali_v2.so from sphal namespace: dlopen failed: library "vendor/lib64/egl/libGLES_mali_v2.so" not found.
04-19 13:21:35.826 30799 30804 I zygote64: Do partial code cache collection, code=26KB, data=22KB
04-19 13:21:35.826 30799 30804 I zygote64: After code cache collection, code=25KB, data=22KB
04-19 13:21:35.826 30799 30804 I zygote64: Increasing code cache capacity to 128KB
04-19 13:21:35.827   676   676 I GRALLOC : 	 shrFd=10,fmt=0x1,intFmt=0x200000001,btStrd=4352,size=8486912,pid=676 
04-19 13:21:35.827   676   676 I GRALLOC : 	 yuv=2,w=1080,h=1920,Stride u=0 v=0,offset u=0 v=0 
04-19 13:21:35.827   676   676 I GRALLOC : 	 iova_size=8486912,conUsg=0xb00,proUsg=0xb00,	 strd=1088,[afbc]HdrStrd=1088 PyldStrd=69632 Scrmbl=2,ionhnd = 1 
04-19 13:21:35.840   698  9526 D WindowManager: finishDrawingWindow: Window{b92e126 u0 com.android.keepass/com.keepassdroid.fileselect.FileSelectActivity} mDrawState=DRAW_PENDING
04-19 13:21:35.841 30799 30799 W InputMethodManager: startInputReason = 1
04-19 13:21:35.843   698  9526 D HwSecImmHelper: isPasswordInputType = false, inputType = 1
04-19 13:21:35.853  3379  3379 I wangchen: ImeService.onEvaluateFullscreenMode: super function define fullscreen return false
04-19 13:21:35.853   698  1128 I ActivityManager: Displayed com.android.keepass/com.keepassdroid.fileselect.FileSelectActivity: +147ms (total +36s386ms)
04-19 13:21:35.853  3379  3379 I wangchen: ImeService.onEvaluateFullscreenMode: super function define fullscreen return false
04-19 13:21:35.853   698  1871 I ActivityManager: wait Launched end, result = 0 who = ComponentInfo{com.android.keepass/com.keepassdroid.fileselect.FileSelectActivity}
04-19 13:21:35.853   698  1377 V WindowManager: removeIfPossible: Window{b86499e u0 Splash Screen com.android.keepass} callers=com.android.server.wm.WindowState.removeIfPossible:1914 com.android.server.wm.WindowManagerService.removeWindow:2040 com.android.server.wm.Session.remove:218 android.view.ViewRootImpl.dispatchDetachedFromWindow:3767 android.view.ViewRootImpl.doDie:6835 
04-19 13:21:35.854   698  1377 V WindowManager: Not removing Window{b86499e u0 Splash Screen com.android.keepass EXITING} due to exit animation 
04-19 13:21:35.856   676   676 I GRALLOC : 	 shrFd=10,fmt=0x1,intFmt=0x200000001,btStrd=4352,size=8486912,pid=676 
04-19 13:21:35.856   676   676 I GRALLOC : 	 yuv=2,w=1080,h=1920,Stride u=0 v=0,offset u=0 v=0 
04-19 13:21:35.856   676   676 I GRALLOC : 	 iova_size=8486912,conUsg=0xb00,proUsg=0xb00,	 strd=1088,[afbc]HdrStrd=1088 PyldStrd=69632 Scrmbl=2,ionhnd = 1 
04-19 13:21:35.856  3379  3379 I KeymapLoader: appScale=3.3 selfScale=3.3 3.3
04-19 13:21:35.858  3379  3379 I IFontSizeSetting: setCandParm getCandStyleParam success
04-19 13:21:35.858  3379  3379 I IFontSizeSetting: fontsize 60
04-19 13:21:35.858  3379  3379 I IFontSizeSetting: before fontDefSize 60 is DualCand false
04-19 13:21:35.858  3379  3379 I IFontSizeSetting: getFontSizePx 1 originalFontSize 60
04-19 13:21:35.858  3379  3379 I IFontSizeSetting: after fontDefSize 60
04-19 13:21:35.859   698  1871 D WindowManager: finishDrawingWindow: Window{b92e126 u0 com.android.keepass/com.keepassdroid.fileselect.FileSelectActivity} mDrawState=HAS_DRAWN
04-19 13:21:35.859 30799 30799 W InputMethodManager: startInputReason = 5
04-19 13:21:35.877  3379  3379 I wangchen: ImeService.onEvaluateFullscreenMode: super function define fullscreen return false
04-19 13:21:35.878  3379  3379 I wangchen: com.baidu.bzq apply, has in db mode - false, is db mode - false
04-19 13:21:35.878  3379  3379 I wangchen: com.baidu.bzo apply, has in db mode - false, is db mode - false
04-19 13:21:35.878  3379  3379 I wangchen: com.baidu.bzo apply, has in db mode - false, is db mode - false
04-19 13:21:35.880   698  1871 W ActivityManager: Sending non-protected broadcast huawei.action.floattasks.IME_WINDOW_STATE_CHANGED from system 14278:com.android.systemui/u0a39 pkg com.android.systemui
04-19 13:21:35.881  3256  6509 D [HwRecSys]HwRecSysService: onEvent actionID: 10005 msg:null		
04-19 13:21:35.881  1886  2412 I PGServer: report state:10005 event type:1 pid:0 uid:0 pkg:null to pid: 698
04-19 13:21:35.883   698  1871 W WindowManager: EGLdebug Created surface WindowStateAnimator{d17773b InputMethod}
04-19 13:21:35.888   676   676 I GRALLOC : 	 shrFd=10,fmt=0x1,intFmt=0x200000001,btStrd=4352,size=8204288,pid=676 
04-19 13:21:35.888   676   676 I GRALLOC : 	 yuv=2,w=1080,h=1848,Stride u=0 v=0,offset u=0 v=0 
04-19 13:21:35.888   676   676 I GRALLOC : 	 iova_size=8204288,conUsg=0x900,proUsg=0x900,	 strd=1088,[afbc]HdrStrd=1088 PyldStrd=69632 Scrmbl=2,ionhnd = 1 
04-19 13:21:35.890   676   676 I GRALLOC : 	 shrFd=10,fmt=0x1,intFmt=0x200000001,btStrd=4352,size=8204288,pid=676 
04-19 13:21:35.890   676   676 I GRALLOC : 	 yuv=2,w=1080,h=1848,Stride u=0 v=0,offset u=0 v=0 
04-19 13:21:35.890   676   676 I GRALLOC : 	 iova_size=8204288,conUsg=0x900,proUsg=0x900,	 strd=1088,[afbc]HdrStrd=1088 PyldStrd=69632 Scrmbl=2,ionhnd = 1 
04-19 13:21:35.892  3379  3379 I wangchen: SysInfo.getSysParam: orientation=1||config d=3.0,w=1080,h=1920||metrics d=3.0,w=1080,h=1920||sdk=26,bar_h=72
04-19 13:21:35.892  3379  3379 I KeymapLoader: w=1080 h=1920 ori=true appScale=3.3 s1=3.0
04-19 13:21:35.893  3379  3379 I KeymapLoader: appScale=3.3 selfScale=3.3 3.3
04-19 13:21:35.893   676   676 I GRALLOC : 	 shrFd=10,fmt=0x1,intFmt=0x200000001,btStrd=4352,size=8204288,pid=676 
04-19 13:21:35.893   676   676 I GRALLOC : 	 yuv=2,w=1080,h=1848,Stride u=0 v=0,offset u=0 v=0 
04-19 13:21:35.893   676   676 I GRALLOC : 	 iova_size=8204288,conUsg=0x900,proUsg=0x900,	 strd=1088,[afbc]HdrStrd=1088 PyldStrd=69632 Scrmbl=2,ionhnd = 1 
04-19 13:21:35.893 14278 14278 D ImageWallpaper: onOffsetsChanged: xOffset=0.0, yOffset=0.0, xOffsetStep=0.0, yOffsetStep=0.0, xPixels=0, yPixels=0
04-19 13:21:35.893 14278 14278 D ImageWallpaper: Suppressed drawFrame since redraw is not needed and offsets have not changed.sf=Rect(0, 0 - 2160, 1920)
04-19 13:21:35.894  3379  4358 D mali_winsys: EGLint new_window_surface(egl_winsys_display *, void *, EGLSurface, EGLConfig, egl_winsys_surface **, egl_color_buffer_format *, EGLBoolean) returns 0x3000
04-19 13:21:35.894  3379  3379 I IFontSizeSetting: setCandParm getCandStyleParam success
04-19 13:21:35.894  3379  3379 I IFontSizeSetting: fontsize 60
04-19 13:21:35.894  3379  3379 I IFontSizeSetting: before fontDefSize 60 is DualCand false
04-19 13:21:35.894  3379  3379 I IFontSizeSetting: getFontSizePx 1 originalFontSize 60
04-19 13:21:35.894  3379  3379 I IFontSizeSetting: after fontDefSize 60
04-19 13:21:35.904   800   800 E Thermal-daemon: [ap] temp_new :36  temp_old :35
04-19 13:21:35.905  1886  2218 I ThermalService: Receive temperature change, type: 0, temp: 36 from thermald
04-19 13:21:35.905   800   800 E Thermal-daemon: Report temperature: [ap] temp :36  report_threshold:1
04-19 13:21:35.910   676   676 I GRALLOC : 	 shrFd=10,fmt=0x1,intFmt=0x200000001,btStrd=4352,size=8486912,pid=676 
04-19 13:21:35.910   676   676 I GRALLOC : 	 yuv=2,w=1080,h=1920,Stride u=0 v=0,offset u=0 v=0 
04-19 13:21:35.910   676   676 I GRALLOC : 	 iova_size=8486912,conUsg=0xb00,proUsg=0xb00,	 strd=1088,[afbc]HdrStrd=1088 PyldStrd=69632 Scrmbl=2,ionhnd = 1 
04-19 13:21:35.910  3379  3379 I wangchen: ImeService.onEvaluateFullscreenMode: super function define fullscreen return false
04-19 13:21:35.911  3379  3379 I wangchen: com.baidu.bzq apply, has in db mode - false, is db mode - false
04-19 13:21:35.911  3379  3379 I wangchen: com.baidu.bzo apply, has in db mode - false, is db mode - false
04-19 13:21:35.911  3379  3379 I wangchen: com.baidu.bzo apply, has in db mode - false, is db mode - false
04-19 13:21:35.923   676   676 I GRALLOC : 	 shrFd=10,fmt=0x1,intFmt=0x200000001,btStrd=4352,size=8204288,pid=676 
04-19 13:21:35.923   676   676 I GRALLOC : 	 yuv=2,w=1080,h=1848,Stride u=0 v=0,offset u=0 v=0 
04-19 13:21:35.923   676   676 I GRALLOC : 	 iova_size=8204288,conUsg=0xb00,proUsg=0xb00,	 strd=1088,[afbc]HdrStrd=1088 PyldStrd=69632 Scrmbl=2,ionhnd = 1 
04-19 13:21:35.924   698  1871 V WindowManager: notifyAppStopped: AppWindowToken{7ee67ab token=Token{b4385fa ActivityRecord{7c20025 u0 com.android.keepass/.KeePass t3042}}}
04-19 13:21:35.925   698 14522 V WindowManager: notifyAppStopped: AppWindowToken{6f40da6 token=Token{43e6b01 ActivityRecord{70ac8e8 u0 com.huawei.android.launcher/.unihome.UniHomeLauncher t1}}}
04-19 13:21:35.927   698  1109 D HwGameAssistantController: pid=1922, uid=10057, foreground=false
04-19 13:21:35.929   698  1397 W AwareLog: SchedLevelBoost: onFgActivitiesChanged config not set!
04-19 13:21:35.929   698  1871 D WindowManager: finishDrawingWindow: Window{e5f0135 u0 InputMethod} mDrawState=DRAW_PENDING
04-19 13:21:35.930  3379  3379 I wangchen: ImeService.onEvaluateFullscreenMode: super function define fullscreen return false
04-19 13:21:35.931  3379  3379 I wangchen: ImeService.onEvaluateFullscreenMode: super function define fullscreen return false
04-19 13:21:35.931   698  1377 D CubicBezierInterpolator: CubicBezierInterpolator  mControlPoint1x = 0.4, mControlPoint1y = 0.7, mControlPoint2x = 0.65, mControlPoint2y = 1.0
04-19 13:21:35.936  3379  4358 D OpenGLRenderer:   HWUI Binary is  enabled
04-19 13:21:35.939   698  1871 V WindowManager: Adding Window{5f7a975 u0 PopupWindow:c2a9d36} to Window{e5f0135 u0 InputMethod}
04-19 13:21:35.940   698  1871 V WindowManager: addWindow: New client android.os.BinderProxy@b48e8ac: window=Window{5f7a975 u0 PopupWindow:c2a9d36} Callers=com.android.server.wm.HwWindowManagerService.addWindow:585 com.android.server.wm.Session.addToDisplay:199 android.view.IWindowSession$Stub.onTransact:124 com.android.server.wm.Session.onTransact:161 android.os.Binder.execTransact:675 
04-19 13:21:35.951   698  1871 W WindowManager: EGLdebug Created surface WindowStateAnimator{592fd0a PopupWindow:c2a9d36}
04-19 13:21:35.954   676   676 I GRALLOC : 	 shrFd=10,fmt=0x1,intFmt=0x1,btStrd=2048,size=155648,pid=676 
04-19 13:21:35.954   676   676 I GRALLOC : 	 yuv=2,w=507,h=75,Stride u=0 v=0,offset u=0 v=0 
04-19 13:21:35.954   676   676 I GRALLOC : 	 iova_size=155648,conUsg=0x900,proUsg=0x900,	 strd=512,[afbc]HdrStrd=0 PyldStrd=0 Scrmbl=0,ionhnd = 1 
04-19 13:21:35.955   676   676 I chatty  : uid=1000(system) allocator@2.0-s identical 1 line
04-19 13:21:35.956   676   676 I GRALLOC : 	 shrFd=10,fmt=0x1,intFmt=0x1,btStrd=2048,size=155648,pid=676 
04-19 13:21:35.956   676   676 I GRALLOC : 	 yuv=2,w=507,h=75,Stride u=0 v=0,offset u=0 v=0 
04-19 13:21:35.956   676   676 I GRALLOC : 	 iova_size=155648,conUsg=0x900,proUsg=0x900,	 strd=512,[afbc]HdrStrd=0 PyldStrd=0 Scrmbl=0,ionhnd = 1 
04-19 13:21:35.957  3379  4358 D mali_winsys: EGLint new_window_surface(egl_winsys_display *, void *, EGLSurface, EGLConfig, egl_winsys_surface **, egl_color_buffer_format *, EGLBoolean) returns 0x3000
04-19 13:21:35.965   676   676 I GRALLOC : 	 shrFd=10,fmt=0x1,intFmt=0x1,btStrd=2048,size=155648,pid=676 
04-19 13:21:35.965   676   676 I GRALLOC : 	 yuv=2,w=507,h=75,Stride u=0 v=0,offset u=0 v=0 
04-19 13:21:35.965   676   676 I GRALLOC : 	 iova_size=155648,conUsg=0xb00,proUsg=0xb00,	 strd=512,[afbc]HdrStrd=0 PyldStrd=0 Scrmbl=0,ionhnd = 1 
04-19 13:21:35.969   698  1871 D WindowManager: finishDrawingWindow: Window{5f7a975 u0 PopupWindow:c2a9d36} mDrawState=DRAW_PENDING
04-19 13:21:36.033   698  1377 V WindowManager: Exit animation finished in Window{9781dc3 u0 com.huawei.android.launcher/com.huawei.android.launcher.unihome.UniHomeLauncher EXITING}: remove=false
04-19 13:21:36.033   698  1377 E WindowManager: win=Window{9781dc3 u0 com.huawei.android.launcher/com.huawei.android.launcher.unihome.UniHomeLauncher EXITING} destroySurfaces: appStopped=true win.mWindowRemovalAllowed=false win.mRemoveOnExit=false
04-19 13:21:36.034   698  1377 I WindowManager: Destroying surface Surface(name=com.huawei.android.launcher/com.huawei.android.launcher.unihome.UniHomeLauncher) called by com.android.server.wm.WindowStateAnimator.destroySurface:2089 com.android.server.wm.WindowStateAnimator.destroySurfaceLocked:899 com.android.server.wm.HwWindowStateAnimator.destroySurfaceLocked:1006 com.android.server.wm.WindowState.destroyOrSaveSurfaceUnchecked:2998 com.android.server.wm.WindowState.destroySurface:2951 com.android.server.wm.AppWindowToken.destroySurfaces:671 com.android.server.wm.AppWindowToken.destroySurfaces:655 com.android.server.wm.WindowState.onExitAnimationDone:4424 
04-19 13:21:36.034   698  1377 V WindowManager: Exit animation finished in Window{70684ce u0 com.huawei.intelligent.Workspace EXITING}: remove=false
04-19 13:21:36.034   698  1377 E WindowManager: win=Window{70684ce u0 com.huawei.intelligent.Workspace EXITING} destroySurfaces: appStopped=true win.mWindowRemovalAllowed=false win.mRemoveOnExit=false
04-19 13:21:36.034   698  1377 I WindowManager: Destroying surface Surface(name=com.huawei.intelligent.Workspace) called by com.android.server.wm.WindowStateAnimator.destroySurface:2089 com.android.server.wm.WindowStateAnimator.destroySurfaceLocked:899 com.android.server.wm.HwWindowStateAnimator.destroySurfaceLocked:1006 com.android.server.wm.WindowState.destroyOrSaveSurfaceUnchecked:2998 com.android.server.wm.WindowState.destroySurface:2951 com.android.server.wm.AppWindowToken.destroySurfaces:671 com.android.server.wm.AppWindowToken.destroySurfaces:655 com.android.server.wm.WindowState.onExitAnimationDone:4424 
04-19 13:21:36.035   698  1377 V WindowManager: Exit animation finished in Window{b86499e u0 Splash Screen com.android.keepass EXITING}: remove=true
04-19 13:21:36.035   698  1377 E WindowManager: win=Window{b86499e u0 Splash Screen com.android.keepass EXITING} destroySurfaces: appStopped=false win.mWindowRemovalAllowed=true win.mRemoveOnExit=true
04-19 13:21:36.035   698  1377 I WindowManager: Destroying surface Surface(name=Splash Screen com.android.keepass) called by com.android.server.wm.WindowStateAnimator.destroySurface:2089 com.android.server.wm.WindowStateAnimator.destroySurfaceLocked:899 com.android.server.wm.HwWindowStateAnimator.destroySurfaceLocked:1006 com.android.server.wm.WindowState.destroyOrSaveSurfaceUnchecked:2998 com.android.server.wm.WindowState.destroySurface:2951 com.android.server.wm.AppWindowToken.destroySurfaces:671 com.android.server.wm.AppWindowToken.destroySurfaces:655 com.android.server.wm.WindowState.onExitAnimationDone:4424 
04-19 13:21:36.035   698  1377 V WindowManager: postWindowRemoveCleanupLocked: Window{b86499e u0 Splash Screen com.android.keepass}
04-19 13:21:36.035   698  1377 V WindowManager: Removing Window{b86499e u0 Splash Screen com.android.keepass} from AppWindowToken{895895a token=Token{2967505 ActivityRecord{5dc687c u0 com.android.keepass/com.keepassdroid.fileselect.FileSelectActivity t3042}}}
04-19 13:21:36.037 14278 14278 D ImageWallpaper: onVisibilityChanged: mVisible, visible=true, false
04-19 13:21:36.037 14278 14278 D ImageWallpaper: Visibility changed to visible=false
04-19 13:21:37.036   809   809 I Pged-IPgedBinderService: ****action is 2, pid num is 3***
04-19 13:21:37.036   809   809 I Pged-Freezer: thawPids
04-19 13:21:37.041  1886  2215 D PgedBinderAdapter: unfrz ok, pid: [25666, 28547]
04-19 13:21:37.179   698  5306 I MQoS    : MSG_QUERY_TCP_INFO called,count:1389
04-19 13:21:37.180   698   698 I HwQoEJNI: send_cmd_kernel. begin
04-19 13:21:37.180   698   698 I HwQoEJNI: send_cmd_kernel. end
04-19 13:21:37.180   698   698 I QosMonitor: postEventFromNative: msg=100,arg1=0,arg2=10
04-19 13:21:37.181   698   698 I MQoS    : rtt=180,tcp_tx_pkts=387,tcp_rx_pkts=260
04-19 13:21:37.185   698  5306 I TrafficMonitor: getStatic,count:0,work status:false
04-19 13:21:37.185   698  5306 I MQoS    : QOS_level:5(5),use RAT:4G;signalLvl:5
04-19 13:21:37.301 30774 30776 I app_process: Do partial code cache collection, code=29KB, data=21KB
04-19 13:21:37.302 30774 30776 I app_process: After code cache collection, code=29KB, data=21KB
04-19 13:21:37.302 30774 30776 I app_process: Increasing code cache capacity to 128KB
04-19 13:21:37.416   843   843 E         : [E/capacity_limit_control] not demo version, not set power control prop!
04-19 13:21:37.438   676   676 I GRALLOC : 	 shrFd=10,fmt=0x1,intFmt=0x200000001,btStrd=4352,size=8204288,pid=676 
04-19 13:21:37.438   676   676 I GRALLOC : 	 yuv=2,w=1080,h=1848,Stride u=0 v=0,offset u=0 v=0 
04-19 13:21:37.438   676   676 I GRALLOC : 	 iova_size=8204288,conUsg=0xb00,proUsg=0xb00,	 strd=1088,[afbc]HdrStrd=1088 PyldStrd=69632 Scrmbl=2,ionhnd = 1 
04-19 13:21:40.910   800   800 E Thermal-daemon: [charger_ic] temp_new :37  temp_old :36
04-19 13:21:40.911  1886 13228 I ThermalService: Receive temperature change, type: 2, temp: 37 from thermald
04-19 13:21:40.912  1886  2804 D HwThermalStateManager: Thermal type: 2 cur_temperature:37
04-19 13:21:40.914   800   800 E Thermal-daemon: Report temperature: [charger_ic] temp :37  report_threshold:1
04-19 13:21:42.468   843   843 E         : [E/capacity_limit_control] not demo version, not set power control prop!
04-19 13:21:42.533   948  1061 W libc    : Set property "ril.hw_modem0.rssi" to "-74"
04-19 13:21:42.548   698  1128 D SmartcareProc: onSignalStrengthsChanged: signalStrength is: SignalStrength: 0 -2017094084 0 255 0 0 32767 -1 32767 -1 -74 -9 31 -1 0 -1 false gw|lte , on sub: 1
04-19 13:21:42.549   698  1128 D SmartcareProc: SignalStrength update result, ss: SignalStrengthInfo:49555504 mGsmSignalStrength: -1 mWcdmaRscp: -1 mWcdmaEcio: 255 mLteRsrp: -74 mLteRsrq: -9 mCdmaDbm: -1 mCdmaEcio: -1 mEvdoDbm: 32767mEvdoEcio: -1mLteRssnr: 31
04-19 13:21:42.550   698   698 I MQoS    : onSignal: mSubId=1,currDataSubID=1
04-19 13:21:42.550   698   698 I MQoS    : received cell-signal:5
04-19 13:21:42.564 14278 14301 I HwMobileSignalController(1): subId:1 phoneType:1 networktype:13 targetClass:3 masterLevel:5 slaveLevel:-1
04-19 13:21:45.917   800   800 E Thermal-daemon: [charger_ic] temp_new :36  temp_old :37
04-19 13:21:45.919  1886 13228 I ThermalService: Receive temperature change, type: 2, temp: 36 from thermald
04-19 13:21:45.922   800   800 E Thermal-daemon: Report temperature: [charger_ic] temp :36  report_threshold:1
